Archive member included to satisfy reference by file (symbol)

/home/daniele/.cache/arduino/sketches/D8D963D20DE9A7220F6A045B42D35FC8/../../cores/arduino-git_zephyr_unoq_f0a012e1a064909ca1c15d8366925f20/core.a(Print.cpp.o)
                              /home/daniele/.cache/arduino/sketches/D8D963D20DE9A7220F6A045B42D35FC8/sketch/EventBasics.ino.cpp.o (arduino::Print::print(char const*))
/home/daniele/.cache/arduino/sketches/D8D963D20DE9A7220F6A045B42D35FC8/../../cores/arduino-git_zephyr_unoq_f0a012e1a064909ca1c15d8366925f20/core.a(Stream.cpp.o)
                              /home/daniele/.cache/arduino/sketches/D8D963D20DE9A7220F6A045B42D35FC8/sketch/EventBasics.ino.cpp.o (arduino::Stream::setTimeout(unsigned long))
/home/daniele/.cache/arduino/sketches/D8D963D20DE9A7220F6A045B42D35FC8/../../cores/arduino-git_zephyr_unoq_f0a012e1a064909ca1c15d8366925f20/core.a(String.cpp.o)
                              /home/daniele/.cache/arduino/sketches/D8D963D20DE9A7220F6A045B42D35FC8/sketch/EventBasics.ino.cpp.o (arduino::String::String(arduino::String&&))
/home/daniele/.cache/arduino/sketches/D8D963D20DE9A7220F6A045B42D35FC8/../../cores/arduino-git_zephyr_unoq_f0a012e1a064909ca1c15d8366925f20/core.a(itoa.cpp.o)
                              /home/daniele/.cache/arduino/sketches/D8D963D20DE9A7220F6A045B42D35FC8/../../cores/arduino-git_zephyr_unoq_f0a012e1a064909ca1c15d8366925f20/core.a(String.cpp.o) (dtostrf)
/home/daniele/.cache/arduino/sketches/D8D963D20DE9A7220F6A045B42D35FC8/../../cores/arduino-git_zephyr_unoq_f0a012e1a064909ca1c15d8366925f20/core.a(llext_wrappers.c.o)
                              /home/daniele/.cache/arduino/sketches/D8D963D20DE9A7220F6A045B42D35FC8/sketch/EventBasics.ino.cpp.o (memcpy)
/home/daniele/.cache/arduino/sketches/D8D963D20DE9A7220F6A045B42D35FC8/../../cores/arduino-git_zephyr_unoq_f0a012e1a064909ca1c15d8366925f20/core.a(main.cpp.o)
                              (main)
/home/daniele/.cache/arduino/sketches/D8D963D20DE9A7220F6A045B42D35FC8/../../cores/arduino-git_zephyr_unoq_f0a012e1a064909ca1c15d8366925f20/core.a(new.cpp.o)
                              /home/daniele/.cache/arduino/sketches/D8D963D20DE9A7220F6A045B42D35FC8/sketch/EventBasics.ino.cpp.o (operator new(unsigned int))
/home/daniele/.cache/arduino/sketches/D8D963D20DE9A7220F6A045B42D35FC8/../../cores/arduino-git_zephyr_unoq_f0a012e1a064909ca1c15d8366925f20/core.a(threads.cpp.o)
                              /home/daniele/.cache/arduino/sketches/D8D963D20DE9A7220F6A045B42D35FC8/../../cores/arduino-git_zephyr_unoq_f0a012e1a064909ca1c15d8366925f20/core.a(main.cpp.o) (start_static_threads())
/home/daniele/.cache/arduino/sketches/D8D963D20DE9A7220F6A045B42D35FC8/../../cores/arduino-git_zephyr_unoq_f0a012e1a064909ca1c15d8366925f20/core.a(zephyrCommon.cpp.o)
                              /home/daniele/.cache/arduino/sketches/D8D963D20DE9A7220F6A045B42D35FC8/../../cores/arduino-git_zephyr_unoq_f0a012e1a064909ca1c15d8366925f20/core.a(Stream.cpp.o) (millis)
/home/daniele/.cache/arduino/sketches/D8D963D20DE9A7220F6A045B42D35FC8/../../cores/arduino-git_zephyr_unoq_f0a012e1a064909ca1c15d8366925f20/core.a(zephyrSerial.cpp.o)
                              /home/daniele/.cache/arduino/sketches/D8D963D20DE9A7220F6A045B42D35FC8/libraries/Arduino_RouterBridge/singletons.cpp.o (Serial2)
/home/daniele/.cache/arduino/sketches/D8D963D20DE9A7220F6A045B42D35FC8/../../cores/arduino-git_zephyr_unoq_f0a012e1a064909ca1c15d8366925f20/core.a(Common.cpp.o)
                              /home/daniele/.cache/arduino/sketches/D8D963D20DE9A7220F6A045B42D35FC8/../../cores/arduino-git_zephyr_unoq_f0a012e1a064909ca1c15d8366925f20/core.a(zephyrCommon.cpp.o) (map(long, long, long, long, long))
/home/daniele/.arduino15/packages/zephyr/tools/arm-zephyr-eabi/0.16.8/bin/../lib/gcc/arm-zephyr-eabi/12.2.0/../../../../arm-zephyr-eabi/lib/thumb/v8-m.main+fp/hard/libstdc++_nano.a(functexcept.o)
                              /home/daniele/.cache/arduino/sketches/D8D963D20DE9A7220F6A045B42D35FC8/sketch/EventBasics.ino.cpp.o (std::__throw_bad_alloc())
/home/daniele/.arduino15/packages/zephyr/tools/arm-zephyr-eabi/0.16.8/bin/../lib/gcc/arm-zephyr-eabi/12.2.0/../../../../arm-zephyr-eabi/lib/thumb/v8-m.main+fp/hard/libstdc++_nano.a(functional.o)
                              /home/daniele/.cache/arduino/sketches/D8D963D20DE9A7220F6A045B42D35FC8/sketch/EventBasics.ino.cpp.o (std::__throw_bad_function_call())
/home/daniele/.arduino15/packages/zephyr/tools/arm-zephyr-eabi/0.16.8/bin/../lib/gcc/arm-zephyr-eabi/12.2.0/../../../../arm-zephyr-eabi/lib/thumb/v8-m.main+fp/hard/libstdc++_nano.a(hashtable_c++0x.o)
                              /home/daniele/.cache/arduino/sketches/D8D963D20DE9A7220F6A045B42D35FC8/libraries/ArduinoEvents/ArduinoEvents.cpp.o (std::__detail::_Prime_rehash_policy::_M_need_rehash(unsigned int, unsigned int, unsigned int) const)
[...]
Memory Configuration

Name             Origin             Length             Attributes
*default*        0x0000000000000000 0xffffffffffffffff

Linker script and memory map

LOAD /home/daniele/.arduino15/packages/zephyr/tools/arm-zephyr-eabi/0.16.8/bin/../lib/gcc/arm-zephyr-eabi/12.2.0/../../../../arm-zephyr-eabi/lib/thumb/v8-m.main+fp/hard/libstdc++_nano.a
LOAD /home/daniele/.arduino15/packages/zephyr/tools/arm-zephyr-eabi/0.16.8/bin/../lib/gcc/arm-zephyr-eabi/12.2.0/../../../../arm-zephyr-eabi/lib/thumb/v8-m.main+fp/hard/libsupc++_nano.a
LOAD /home/daniele/.arduino15/packages/zephyr/tools/arm-zephyr-eabi/0.16.8/bin/../lib/gcc/arm-zephyr-eabi/12.2.0/../../../../arm-zephyr-eabi/lib/thumb/v8-m.main+fp/hard/libnosys.a
LOAD /home/daniele/.cache/arduino/sketches/D8D963D20DE9A7220F6A045B42D35FC8/sketch/EventBasics.ino.cpp.o
LOAD /home/daniele/.cache/arduino/sketches/D8D963D20DE9A7220F6A045B42D35FC8/libraries/Arduino_RouterBridge/singletons.cpp.o
LOAD /home/daniele/.cache/arduino/sketches/D8D963D20DE9A7220F6A045B42D35FC8/libraries/ArduinoEvents/ArduinoEvents.cpp.o
LOAD /home/daniele/.cache/arduino/sketches/D8D963D20DE9A7220F6A045B42D35FC8/core/analogReference.cpp.o
START GROUP
LOAD /home/daniele/.cache/arduino/sketches/D8D963D20DE9A7220F6A045B42D35FC8/../../cores/arduino-git_zephyr_unoq_f0a012e1a064909ca1c15d8366925f20/core.a
LOAD /home/daniele/.arduino15/packages/zephyr/tools/arm-zephyr-eabi/0.16.8/bin/../lib/gcc/arm-zephyr-eabi/12.2.0/../../../../arm-zephyr-eabi/lib/thumb/v8-m.main+fp/hard/libstdc++_nano.a
LOAD /home/daniele/.arduino15/packages/zephyr/tools/arm-zephyr-eabi/0.16.8/bin/../lib/gcc/arm-zephyr-eabi/12.2.0/../../../../arm-zephyr-eabi/lib/thumb/v8-m.main+fp/hard/libsupc++_nano.a
LOAD /home/daniele/.arduino15/packages/zephyr/tools/arm-zephyr-eabi/0.16.8/bin/../lib/gcc/arm-zephyr-eabi/12.2.0/../../../../arm-zephyr-eabi/lib/thumb/v8-m.main+fp/hard/libm_nano.a
END GROUP

/DISCARD/
 *(.ARM.attributes)
 *(.ARM.attributes.*)
 *(.ARM.exidx)
 *(.ARM.exidx.*)
 *(.ARM.extidx)
 *(.ARM.extidx.*)
 *(.ARM.extab)
 *(.ARM.extab.*)
 *(.comment)
 *(.comment.*)
 *(.llvmbc)
 *(.llvmcmd)
 *(.eh_frame)
 *stdexcept.o()
 *eh_*.o()
 *cow-stdexcept.o()
 *cow-string-inst.o()

.text           0x0000000000000000     0x7530
 *(.text)
 *(.stub)
 *(.text*)
 .text._ZN15SerialTransport9availableEv
                0x0000000000000000       0x12 /home/daniele/.cache/arduino/sketches/D8D963D20DE9A7220F6A045B42D35FC8/sketch/EventBasics.ino.cpp.o
                0x0000000000000000                SerialTransport::available()
 .text._ZN15SerialTransport5writeEPKhj
                0x0000000000000012       0x10 /home/daniele/.cache/arduino/sketches/D8D963D20DE9A7220F6A045B42D35FC8/sketch/EventBasics.ino.cpp.o
                0x0000000000000012                SerialTransport::write(unsigned char const*, unsigned int)
 .text._ZN15SerialTransportD2Ev
                0x0000000000000022        0x2 /home/daniele/.cache/arduino/sketches/D8D963D20DE9A7220F6A045B42D35FC8/sketch/EventBasics.ino.cpp.o
                0x0000000000000022                SerialTransport::~SerialTransport()
                0x0000000000000022                SerialTransport::~SerialTransport()
 .text.k_yield  0x0000000000000024        0x8 /home/daniele/.cache/arduino/sketches/D8D963D20DE9A7220F6A045B42D35FC8/sketch/EventBasics.ino.cpp.o
 .text.k_mutex_lock
                0x000000000000002c        0x8 /home/daniele/.cache/arduino/sketches/D8D963D20DE9A7220F6A045B42D35FC8/sketch/EventBasics.ino.cpp.o
 .text.__tcf_0  0x0000000000000034       0x10 /home/daniele/.cache/arduino/sketches/D8D963D20DE9A7220F6A045B42D35FC8/sketch/EventBasics.ino.cpp.o
 .text._ZN15SerialTransport4readEPhj
                0x0000000000000044       0x28 /home/daniele/.cache/arduino/sketches/D8D963D20DE9A7220F6A045B42D35FC8/sketch/EventBasics.ino.cpp.o
                0x0000000000000044                SerialTransport::read(unsigned char*, unsigned int)
 .text._ZN15SerialTransport9read_byteERh
                0x000000000000006c       0x20 /home/daniele/.cache/arduino/sketches/D8D963D20DE9A7220F6A045B42D35FC8/sketch/EventBasics.ino.cpp.o
                0x000000000000006c                SerialTransport::read_byte(unsigned char&)
 .text._ZN15SerialTransportD0Ev
                0x000000000000008c       0x14 /home/daniele/.cache/arduino/sketches/D8D963D20DE9A7220F6A045B42D35FC8/sketch/EventBasics.ino.cpp.o
                0x000000000000008c                SerialTransport::~SerialTransport()
 .text._Z9onButtonARK13ButtonPressed
                0x00000000000000a0       0x2c /home/daniele/.cache/arduino/sketches/D8D963D20DE9A7220F6A045B42D35FC8/sketch/EventBasics.ino.cpp.o
                0x00000000000000a0                onButtonA(ButtonPressed const&)
 .text._Z9onButtonBRK13ButtonPressed
                0x00000000000000cc       0x2c /home/daniele/.cache/arduino/sketches/D8D963D20DE9A7220F6A045B42D35FC8/sketch/EventBasics.ino.cpp.o
                0x00000000000000cc                onButtonB(ButtonPressed const&)
 .text._Z10onBootOnceRK8BootDone
                0x00000000000000f8       0x3c /home/daniele/.cache/arduino/sketches/D8D963D20DE9A7220F6A045B42D35FC8/sketch/EventBasics.ino.cpp.o
                0x00000000000000f8                onBootOnce(BootDone const&)
 .text._Z12unsubscribeBv
                0x0000000000000134       0x50 /home/daniele/.cache/arduino/sketches/D8D963D20DE9A7220F6A045B42D35FC8/sketch/EventBasics.ino.cpp.o
                0x0000000000000134                unsubscribeB()
 .text._ZNSt17_Function_handlerIFvPKvEZN14arduino_events7Runtime4onceI8BootDoneEENS3_12SubscriptionESt8functionIFvRKT_EEEUlS1_E_E9_M_invokeERKSt9_Any_dataOS1_
                0x0000000000000184       0x1c /home/daniele/.cache/arduino/sketches/D8D963D20DE9A7220F6A045B42D35FC8/sketch/EventBasics.ino.cpp.o
                0x0000000000000184                std::_Function_handler<void (void const*), arduino_events::Runtime::once<BootDone>(std::function<void (BootDone const&)>)::{lambda(void const*)#1}>::_M_invoke(std::_Any_data const&, void const*&&)
 .text._ZNSt17_Function_handlerIFvPKvEZN14arduino_events7Runtime2onI13ButtonPressedEENS3_12SubscriptionESt8functionIFvRKT_EEEUlS1_E_E9_M_invokeERKSt9_Any_dataOS1_
                0x00000000000001a0       0x1c /home/daniele/.cache/arduino/sketches/D8D963D20DE9A7220F6A045B42D35FC8/sketch/EventBasics.ino.cpp.o
                0x00000000000001a0                std::_Function_handler<void (void const*), arduino_events::Runtime::on<ButtonPressed>(std::function<void (ButtonPressed const&)>)::{lambda(void const*)#1}>::_M_invoke(std::_Any_data const&, void const*&&)
 .text._ZSt14__relocate_a_1IhhENSt9enable_ifIXsrSt24__is_bitwise_relocatableIT_vE5valueEPS2_E4typeES4_S4_S4_RSaIT0_E.isra.0
                0x00000000000001bc       0x20 /home/daniele/.cache/arduino/sketches/D8D963D20DE9A7220F6A045B42D35FC8/sketch/EventBasics.ino.cpp.o
 .text._ZNSt17_Function_handlerIFvvEPS0_E10_M_managerERSt9_Any_dataRKS3_St18_Manager_operation
                0x00000000000001dc       0x30 /home/daniele/.cache/arduino/sketches/D8D963D20DE9A7220F6A045B42D35FC8/sketch/EventBasics.ino.cpp.o
                0x00000000000001dc                std::_Function_handler<void (), void (*)()>::_M_manager(std::_Any_data&, std::_Any_data const&, std::_Manager_operation)
 .text._ZNSt17_Function_handlerIFvvEPS0_E9_M_invokeERKSt9_Any_data
                0x000000000000020c        0x4 /home/daniele/.cache/arduino/sketches/D8D963D20DE9A7220F6A045B42D35FC8/sketch/EventBasics.ino.cpp.o
                0x000000000000020c                std::_Function_handler<void (), void (*)()>::_M_invoke(std::_Any_data const&)
 .text._ZNSt17_Function_handlerIFvRK8BootDoneEPS3_E10_M_managerERSt9_Any_dataRKS6_St18_Manager_operation
                0x0000000000000210       0x30 /home/daniele/.cache/arduino/sketches/D8D963D20DE9A7220F6A045B42D35FC8/sketch/EventBasics.ino.cpp.o
                0x0000000000000210                std::_Function_handler<void (BootDone const&), void (*)(BootDone const&)>::_M_manager(std::_Any_data&, std::_Any_data const&, std::_Manager_operation)
 .text._ZNSt17_Function_handlerIFvRK8BootDoneEPS3_E9_M_invokeERKSt9_Any_dataS2_
                0x0000000000000240        0x6 /home/daniele/.cache/arduino/sketches/D8D963D20DE9A7220F6A045B42D35FC8/sketch/EventBasics.ino.cpp.o
                0x0000000000000240                std::_Function_handler<void (BootDone const&), void (*)(BootDone const&)>::_M_invoke(std::_Any_data const&, BootDone const&)
 *fill*         0x0000000000000246        0x2 
 .text._ZNSt17_Function_handlerIFvRK13ButtonPressedEPS3_E10_M_managerERSt9_Any_dataRKS6_St18_Manager_operation
                0x0000000000000248       0x30 /home/daniele/.cache/arduino/sketches/D8D963D20DE9A7220F6A045B42D35FC8/sketch/EventBasics.ino.cpp.o
                0x0000000000000248                std::_Function_handler<void (ButtonPressed const&), void (*)(ButtonPressed const&)>::_M_manager(std::_Any_data&, std::_Any_data const&, std::_Manager_operation)
 .text._ZNSt17_Function_handlerIFvRK13ButtonPressedEPS3_E9_M_invokeERKSt9_Any_dataS2_
                0x0000000000000278        0x6 /home/daniele/.cache/arduino/sketches/D8D963D20DE9A7220F6A045B42D35FC8/sketch/EventBasics.ino.cpp.o
                0x0000000000000278                std::_Function_handler<void (ButtonPressed const&), void (*)(ButtonPressed const&)>::_M_invoke(std::_Any_data const&, ButtonPressed const&)
 *fill*         0x000000000000027e        0x2 
 .text._ZNSt12_Vector_baseIhSaIhEE11_M_allocateEj.isra.0
                0x0000000000000280       0x20 /home/daniele/.cache/arduino/sketches/D8D963D20DE9A7220F6A045B42D35FC8/sketch/EventBasics.ino.cpp.o
 .text._Z15emitButtonEventv
                0x00000000000002a0       0x34 /home/daniele/.cache/arduino/sketches/D8D963D20DE9A7220F6A045B42D35FC8/sketch/EventBasics.ino.cpp.o
                0x00000000000002a0                emitButtonEvent()
 .text.k_mutex_unlock.isra.0
                0x00000000000002d4        0x8 /home/daniele/.cache/arduino/sketches/D8D963D20DE9A7220F6A045B42D35FC8/sketch/EventBasics.ino.cpp.o
 .text.k_mutex_init.isra.0
                0x00000000000002dc        0x8 /home/daniele/.cache/arduino/sketches/D8D963D20DE9A7220F6A045B42D35FC8/sketch/EventBasics.ino.cpp.o
 .text.k_msleep.constprop.0.isra.0
                0x00000000000002e4        0xc /home/daniele/.cache/arduino/sketches/D8D963D20DE9A7220F6A045B42D35FC8/sketch/EventBasics.ino.cpp.o
 .text._Z13emitBootAgainv
                0x00000000000002f0       0x24 /home/daniele/.cache/arduino/sketches/D8D963D20DE9A7220F6A045B42D35FC8/sketch/EventBasics.ino.cpp.o
                0x00000000000002f0                emitBootAgain()
 .text._ZNSt14_Function_baseD2Ev
                0x0000000000000314       0x12 /home/daniele/.cache/arduino/sketches/D8D963D20DE9A7220F6A045B42D35FC8/sketch/EventBasics.ino.cpp.o
                0x0000000000000314                std::_Function_base::~_Function_base()
                0x0000000000000314                std::_Function_base::~_Function_base()
 .text._ZN7arduino7msgpack8Unpacker11deserializeEv
                0x0000000000000326       0x16 /home/daniele/.cache/arduino/sketches/D8D963D20DE9A7220F6A045B42D35FC8/sketch/EventBasics.ino.cpp.o
                0x0000000000000326                arduino::msgpack::Unpacker::deserialize()
 .text._ZN7arduino7msgpack8Unpacker5clearEv
                0x000000000000033c       0x14 /home/daniele/.cache/arduino/sketches/D8D963D20DE9A7220F6A045B42D35FC8/sketch/EventBasics.ino.cpp.o
                0x000000000000033c                arduino::msgpack::Unpacker::clear()
 .text._ZNK7arduino7msgpack8Unpacker13getRawBytePtrEjj
                0x0000000000000350       0x1e /home/daniele/.cache/arduino/sketches/D8D963D20DE9A7220F6A045B42D35FC8/sketch/EventBasics.ino.cpp.o
                0x0000000000000350                arduino::msgpack::Unpacker::getRawBytePtr(unsigned int, unsigned int) const
 *fill*         0x000000000000036e        0x2 
 .text._ZN8RpcErrorC2Ev
                0x0000000000000370       0x2c /home/daniele/.cache/arduino/sketches/D8D963D20DE9A7220F6A045B42D35FC8/sketch/EventBasics.ino.cpp.o
                0x0000000000000370                RpcError::RpcError()
                0x0000000000000370                RpcError::RpcError()
 .text._ZN7arduino7msgpack8UnpackerC2Ev
                0x000000000000039c       0x10 /home/daniele/.cache/arduino/sketches/D8D963D20DE9A7220F6A045B42D35FC8/sketch/EventBasics.ino.cpp.o
                0x000000000000039c                arduino::msgpack::Unpacker::Unpacker()
                0x000000000000039c                arduino::msgpack::Unpacker::Unpacker()
 .text._ZN10RPCRequestILj256EEC2Ev
                0x00000000000003ac       0x4c /home/daniele/.cache/arduino/sketches/D8D963D20DE9A7220F6A045B42D35FC8/sketch/EventBasics.ino.cpp.o
                0x00000000000003ac                RPCRequest<256u>::RPCRequest()
                0x00000000000003ac                RPCRequest<256u>::RPCRequest()
 .text._ZN11BridgeClass10is_startedEv
                0x00000000000003f8       0x2c /home/daniele/.cache/arduino/sketches/D8D963D20DE9A7220F6A045B42D35FC8/sketch/EventBasics.ino.cpp.o
                0x00000000000003f8                BridgeClass::is_started()
 .text.loop     0x0000000000000424       0x18 /home/daniele/.cache/arduino/sketches/D8D963D20DE9A7220F6A045B42D35FC8/sketch/EventBasics.ino.cpp.o
                0x0000000000000424                loop
 .text._ZNSt12_Vector_baseIhSaIhEED2Ev
                0x000000000000043c       0x18 /home/daniele/.cache/arduino/sketches/D8D963D20DE9A7220F6A045B42D35FC8/sketch/EventBasics.ino.cpp.o
                0x000000000000043c                std::_Vector_base<unsigned char, std::allocator<unsigned char> >::~_Vector_base()
                0x000000000000043c                std::_Vector_base<unsigned char, std::allocator<unsigned char> >::~_Vector_base()
 .text.__tcf_2  0x0000000000000454       0x14 /home/daniele/.cache/arduino/sketches/D8D963D20DE9A7220F6A045B42D35FC8/sketch/EventBasics.ino.cpp.o
 .text.__tcf_1  0x0000000000000468       0x14 /home/daniele/.cache/arduino/sketches/D8D963D20DE9A7220F6A045B42D35FC8/sketch/EventBasics.ino.cpp.o
 .text._ZNSt6vectorIhSaIhEE14_M_move_assignEOS1_St17integral_constantIbLb1EE.isra.0
                0x000000000000047c       0x34 /home/daniele/.cache/arduino/sketches/D8D963D20DE9A7220F6A045B42D35FC8/sketch/EventBasics.ino.cpp.o
 .text._ZNK7arduino7msgpack8Unpacker11getRawBytesIhEET_jj
                0x00000000000004b0       0x1e /home/daniele/.cache/arduino/sketches/D8D963D20DE9A7220F6A045B42D35FC8/sketch/EventBasics.ino.cpp.o
                0x00000000000004b0                unsigned char arduino::msgpack::Unpacker::getRawBytes<unsigned char>(unsigned int, unsigned int) const
 *fill*         0x00000000000004ce        0x2 
 .text._ZNK7arduino7msgpack8Unpacker7getTypeEj
                0x00000000000004d0       0x58 /home/daniele/.cache/arduino/sketches/D8D963D20DE9A7220F6A045B42D35FC8/sketch/EventBasics.ino.cpp.o
                0x00000000000004d0                arduino::msgpack::Unpacker::getType(unsigned int) const
 .text._ZNK7arduino7msgpack8Unpacker7getTypeEv
                0x0000000000000528       0x10 /home/daniele/.cache/arduino/sketches/D8D963D20DE9A7220F6A045B42D35FC8/sketch/EventBasics.ino.cpp.o
                0x0000000000000528                arduino::msgpack::Unpacker::getType() const
 .text._ZNK7arduino7msgpack8Unpacker7isArrayEv
                0x0000000000000538       0x20 /home/daniele/.cache/arduino/sketches/D8D963D20DE9A7220F6A045B42D35FC8/sketch/EventBasics.ino.cpp.o
                0x0000000000000538                arduino::msgpack::Unpacker::isArray() const
 .text._ZN7arduino7msgpack8Unpacker11unpackInt32Ev
                0x0000000000000558       0x58 /home/daniele/.cache/arduino/sketches/D8D963D20DE9A7220F6A045B42D35FC8/sketch/EventBasics.ino.cpp.o
                0x0000000000000558                arduino::msgpack::Unpacker::unpackInt32()
 .text._ZN7arduino7msgpack8Unpacker11unpackInt64Ev
                0x00000000000005b0       0x60 /home/daniele/.cache/arduino/sketches/D8D963D20DE9A7220F6A045B42D35FC8/sketch/EventBasics.ino.cpp.o
                0x00000000000005b0                arduino::msgpack::Unpacker::unpackInt64()
 .text._ZN7arduino7msgpack8Unpacker9unpackNilEv
                0x0000000000000610       0x3c /home/daniele/.cache/arduino/sketches/D8D963D20DE9A7220F6A045B42D35FC8/sketch/EventBasics.ino.cpp.o
                0x0000000000000610                arduino::msgpack::Unpacker::unpackNil()
 .text._ZNK7arduino7msgpack8Unpacker5isMapEv
                0x000000000000064c       0x20 /home/daniele/.cache/arduino/sketches/D8D963D20DE9A7220F6A045B42D35FC8/sketch/EventBasics.ino.cpp.o
                0x000000000000064c                arduino::msgpack::Unpacker::isMap() const
 .text._ZNK7arduino7msgpack8Unpacker6isUIntEv
                0x000000000000066c       0x20 /home/daniele/.cache/arduino/sketches/D8D963D20DE9A7220F6A045B42D35FC8/sketch/EventBasics.ino.cpp.o
                0x000000000000066c                arduino::msgpack::Unpacker::isUInt() const
 .text._ZNK7arduino7msgpack8Unpacker5isIntEv
                0x000000000000068c       0x20 /home/daniele/.cache/arduino/sketches/D8D963D20DE9A7220F6A045B42D35FC8/sketch/EventBasics.ino.cpp.o
                0x000000000000068c                arduino::msgpack::Unpacker::isInt() const
 .text._ZN7arduino7msgpack8Unpacker11unpackInt16Ev
                0x00000000000006ac       0x4c /home/daniele/.cache/arduino/sketches/D8D963D20DE9A7220F6A045B42D35FC8/sketch/EventBasics.ino.cpp.o
                0x00000000000006ac                arduino::msgpack::Unpacker::unpackInt16()
 .text._ZN7arduino7msgpack8Unpacker13unpackFloat32Ev
                0x00000000000006f8       0x60 /home/daniele/.cache/arduino/sketches/D8D963D20DE9A7220F6A045B42D35FC8/sketch/EventBasics.ino.cpp.o
                0x00000000000006f8                arduino::msgpack::Unpacker::unpackFloat32()
 .text._ZN7arduino7msgpack8Unpacker13unpackFloat64Ev
                0x0000000000000758       0x6c /home/daniele/.cache/arduino/sketches/D8D963D20DE9A7220F6A045B42D35FC8/sketch/EventBasics.ino.cpp.o
                0x0000000000000758                arduino::msgpack::Unpacker::unpackFloat64()
 .text._ZN7arduino7msgpack8Unpacker10unpackInt5Ev
                0x00000000000007c4       0x4c /home/daniele/.cache/arduino/sketches/D8D963D20DE9A7220F6A045B42D35FC8/sketch/EventBasics.ino.cpp.o
                0x00000000000007c4                arduino::msgpack::Unpacker::unpackInt5()
 .text._ZN7arduino7msgpack8Unpacker11unpackUInt7Ev
                0x0000000000000810       0x48 /home/daniele/.cache/arduino/sketches/D8D963D20DE9A7220F6A045B42D35FC8/sketch/EventBasics.ino.cpp.o
                0x0000000000000810                arduino::msgpack::Unpacker::unpackUInt7()
 .text._ZN7arduino7msgpack8Unpacker11unpackUInt8Ev
                0x0000000000000858       0x48 /home/daniele/.cache/arduino/sketches/D8D963D20DE9A7220F6A045B42D35FC8/sketch/EventBasics.ino.cpp.o
                0x0000000000000858                arduino::msgpack::Unpacker::unpackUInt8()
 .text._ZNK7arduino7msgpack8Unpacker11getRawBytesItEET_jj
                0x00000000000008a0       0x26 /home/daniele/.cache/arduino/sketches/D8D963D20DE9A7220F6A045B42D35FC8/sketch/EventBasics.ino.cpp.o
                0x00000000000008a0                unsigned short arduino::msgpack::Unpacker::getRawBytes<unsigned short>(unsigned int, unsigned int) const
 *fill*         0x00000000000008c6        0x2 
 .text._ZN7arduino7msgpack8Unpacker12unpackUInt16Ev
                0x00000000000008c8       0x48 /home/daniele/.cache/arduino/sketches/D8D963D20DE9A7220F6A045B42D35FC8/sketch/EventBasics.ino.cpp.o
                0x00000000000008c8                arduino::msgpack::Unpacker::unpackUInt16()
 .text._ZNK7arduino7msgpack8Unpacker11getRawBytesIjEET_jj
                0x0000000000000910       0x34 /home/daniele/.cache/arduino/sketches/D8D963D20DE9A7220F6A045B42D35FC8/sketch/EventBasics.ino.cpp.o
                0x0000000000000910                unsigned int arduino::msgpack::Unpacker::getRawBytes<unsigned int>(unsigned int, unsigned int) const
 .text._ZNK7arduino7msgpack8Unpacker14getElementSizeEj
                0x0000000000000944      0x11c /home/daniele/.cache/arduino/sketches/D8D963D20DE9A7220F6A045B42D35FC8/sketch/EventBasics.ino.cpp.o
                0x0000000000000944                arduino::msgpack::Unpacker::getElementSize(unsigned int) const
 .text._ZN7arduino7msgpack8Unpacker15unpackArraySizeEv
                0x0000000000000a60       0x78 /home/daniele/.cache/arduino/sketches/D8D963D20DE9A7220F6A045B42D35FC8/sketch/EventBasics.ino.cpp.o
                0x0000000000000a60                arduino::msgpack::Unpacker::unpackArraySize()
 .text._ZN7arduino7msgpack8Unpacker11deserializeINS0_4type9ArraySizeEJEEEbRT_DpOT0_.isra.0
                0x0000000000000ad8       0x40 /home/daniele/.cache/arduino/sketches/D8D963D20DE9A7220F6A045B42D35FC8/sketch/EventBasics.ino.cpp.o
 .text._ZN7arduino7msgpack8Unpacker12unpackUInt32Ev
                0x0000000000000b18       0x48 /home/daniele/.cache/arduino/sketches/D8D963D20DE9A7220F6A045B42D35FC8/sketch/EventBasics.ino.cpp.o
                0x0000000000000b18                arduino::msgpack::Unpacker::unpackUInt32()
 .text._ZN7arduino7msgpack8Unpacker13unpackMapSizeEv
                0x0000000000000b60       0x78 /home/daniele/.cache/arduino/sketches/D8D963D20DE9A7220F6A045B42D35FC8/sketch/EventBasics.ino.cpp.o
                0x0000000000000b60                arduino::msgpack::Unpacker::unpackMapSize()
 .text._ZNK7arduino7msgpack8Unpacker11getRawBytesIyEET_jj
                0x0000000000000bd8       0x3a /home/daniele/.cache/arduino/sketches/D8D963D20DE9A7220F6A045B42D35FC8/sketch/EventBasics.ino.cpp.o
                0x0000000000000bd8                unsigned long long arduino::msgpack::Unpacker::getRawBytes<unsigned long long>(unsigned int, unsigned int) const
 *fill*         0x0000000000000c12        0x2 
 .text._ZN7arduino7msgpack8Unpacker12unpackUInt64Ev
                0x0000000000000c14       0x4c /home/daniele/.cache/arduino/sketches/D8D963D20DE9A7220F6A045B42D35FC8/sketch/EventBasics.ino.cpp.o
                0x0000000000000c14                arduino::msgpack::Unpacker::unpackUInt64()
 .text._ZNK7arduino7msgpack8Unpacker11getRawBytesIaEET_jj
                0x0000000000000c60       0x1e /home/daniele/.cache/arduino/sketches/D8D963D20DE9A7220F6A045B42D35FC8/sketch/EventBasics.ino.cpp.o
                0x0000000000000c60                signed char arduino::msgpack::Unpacker::getRawBytes<signed char>(unsigned int, unsigned int) const
 *fill*         0x0000000000000c7e        0x2 
 .text._ZN7arduino7msgpack8Unpacker10unpackInt8Ev
                0x0000000000000c80       0x48 /home/daniele/.cache/arduino/sketches/D8D963D20DE9A7220F6A045B42D35FC8/sketch/EventBasics.ino.cpp.o
                0x0000000000000c80                arduino::msgpack::Unpacker::unpackInt8()
 .text._ZNK7arduino7msgpack8Unpacker13isTimestamp32Ev
                0x0000000000000cc8       0x2c /home/daniele/.cache/arduino/sketches/D8D963D20DE9A7220F6A045B42D35FC8/sketch/EventBasics.ino.cpp.o
                0x0000000000000cc8                arduino::msgpack::Unpacker::isTimestamp32() const
 .text._ZNK7arduino7msgpack8Unpacker13isTimestamp64Ev
                0x0000000000000cf4       0x2c /home/daniele/.cache/arduino/sketches/D8D963D20DE9A7220F6A045B42D35FC8/sketch/EventBasics.ino.cpp.o
                0x0000000000000cf4                arduino::msgpack::Unpacker::isTimestamp64() const
 .text._ZNK7arduino7msgpack8Unpacker13isTimestamp96Ev
                0x0000000000000d20       0x40 /home/daniele/.cache/arduino/sketches/D8D963D20DE9A7220F6A045B42D35FC8/sketch/EventBasics.ino.cpp.o
                0x0000000000000d20                arduino::msgpack::Unpacker::isTimestamp96() const
 .text._ZNK7arduino7msgpack8Unpacker11getRawBytesIcEET_jj
                0x0000000000000d60       0x1e /home/daniele/.cache/arduino/sketches/D8D963D20DE9A7220F6A045B42D35FC8/sketch/EventBasics.ino.cpp.o
                0x0000000000000d60                char arduino::msgpack::Unpacker::getRawBytes<char>(unsigned int, unsigned int) const
 *fill*         0x0000000000000d7e        0x2 
 .text._ZN7arduino7msgpack8Unpacker11deserializeINS0_6object5nil_tEJEEEbRT_DpOT0_
                0x0000000000000d80       0x40 /home/daniele/.cache/arduino/sketches/D8D963D20DE9A7220F6A045B42D35FC8/sketch/EventBasics.ino.cpp.o
                0x0000000000000d80                bool arduino::msgpack::Unpacker::deserialize<arduino::msgpack::object::nil_t>(arduino::msgpack::object::nil_t&)
 .text._ZN7arduino7msgpack8Unpacker11deserializeIbJEEEbRT_DpOT0_
                0x0000000000000dc0       0x68 /home/daniele/.cache/arduino/sketches/D8D963D20DE9A7220F6A045B42D35FC8/sketch/EventBasics.ino.cpp.o
                0x0000000000000dc0                bool arduino::msgpack::Unpacker::deserialize<bool>(bool&)
 .text._ZN7arduino7msgpack8Unpacker11deserializeINS_6StringEJEEEbRT_DpOT0_
                0x0000000000000e28      0x174 /home/daniele/.cache/arduino/sketches/D8D963D20DE9A7220F6A045B42D35FC8/sketch/EventBasics.ino.cpp.o
                0x0000000000000e28                bool arduino::msgpack::Unpacker::deserialize<arduino::String>(arduino::String&)
 .text._ZN7arduino7msgpack8Unpacker11deserializeINS0_6object8timespecEJEEEbRT_DpOT0_
                0x0000000000000f9c       0xc4 /home/daniele/.cache/arduino/sketches/D8D963D20DE9A7220F6A045B42D35FC8/sketch/EventBasics.ino.cpp.o
                0x0000000000000f9c                bool arduino::msgpack::Unpacker::deserialize<arduino::msgpack::object::timespec>(arduino::msgpack::object::timespec&)
 .text._ZN17RpcDecoderManagerILj3EE10getDecoderER10ITransport
                0x0000000000001060       0x7c /home/daniele/.cache/arduino/sketches/D8D963D20DE9A7220F6A045B42D35FC8/sketch/EventBasics.ino.cpp.o
                0x0000000000001060                RpcDecoderManager<3u>::getDecoder(ITransport&)
 .text._ZNSt12_Vector_baseIjSaIjEED2Ev
                0x00000000000010dc       0x18 /home/daniele/.cache/arduino/sketches/D8D963D20DE9A7220F6A045B42D35FC8/sketch/EventBasics.ino.cpp.o
                0x00000000000010dc                std::_Vector_base<unsigned int, std::allocator<unsigned int> >::~_Vector_base()
                0x00000000000010dc                std::_Vector_base<unsigned int, std::allocator<unsigned int> >::~_Vector_base()
 .text._ZN10RPCRequestILj256EED2Ev
                0x00000000000010f4       0x2c /home/daniele/.cache/arduino/sketches/D8D963D20DE9A7220F6A045B42D35FC8/sketch/EventBasics.ino.cpp.o
                0x00000000000010f4                RPCRequest<256u>::~RPCRequest()
                0x00000000000010f4                RPCRequest<256u>::~RPCRequest()
 .text._ZNSt14_Function_baseC2Ev
                0x0000000000001120        0xa /home/daniele/.cache/arduino/sketches/D8D963D20DE9A7220F6A045B42D35FC8/sketch/EventBasics.ino.cpp.o
                0x0000000000001120                std::_Function_base::_Function_base()
                0x0000000000001120                std::_Function_base::_Function_base()
 *fill*         0x000000000000112a        0x2 
 .text._ZNSt17_Function_handlerIFvPKvEZN14arduino_events7Runtime2onI13ButtonPressedEENS3_12SubscriptionESt8functionIFvRKT_EEEUlS1_E_E10_M_managerERSt9_Any_dataRKSG_St18_Manager_operation
                0x000000000000112c       0x84 /home/daniele/.cache/arduino/sketches/D8D963D20DE9A7220F6A045B42D35FC8/sketch/EventBasics.ino.cpp.o
                0x000000000000112c                std::_Function_handler<void (void const*), arduino_events::Runtime::on<ButtonPressed>(std::function<void (ButtonPressed const&)>)::{lambda(void const*)#1}>::_M_manager(std::_Any_data&, std::_Any_data const&, std::_Manager_operation)
 .text._ZNSt17_Function_handlerIFvPKvEZN14arduino_events7Runtime4onceI8BootDoneEENS3_12SubscriptionESt8functionIFvRKT_EEEUlS1_E_E10_M_managerERSt9_Any_dataRKSG_St18_Manager_operation
                0x00000000000011b0       0x84 /home/daniele/.cache/arduino/sketches/D8D963D20DE9A7220F6A045B42D35FC8/sketch/EventBasics.ino.cpp.o
                0x00000000000011b0                std::_Function_handler<void (void const*), arduino_events::Runtime::once<BootDone>(std::function<void (BootDone const&)>)::{lambda(void const*)#1}>::_M_manager(std::_Any_data&, std::_Any_data const&, std::_Manager_operation)
 .text._ZNSt8functionIFvRK13ButtonPressedEEC2IRS3_vEEOT_
                0x0000000000001234       0x3c /home/daniele/.cache/arduino/sketches/D8D963D20DE9A7220F6A045B42D35FC8/sketch/EventBasics.ino.cpp.o
                0x0000000000001234                std::function<void (ButtonPressed const&)>::function<void (&)(ButtonPressed const&), void>(void (&)(ButtonPressed const&))
                0x0000000000001234                std::function<void (ButtonPressed const&)>::function<void (&)(ButtonPressed const&), void>(void (&)(ButtonPressed const&))
 .text._ZNSt8functionIFvvEEC2IRS0_vEEOT_
                0x0000000000001270       0x3c /home/daniele/.cache/arduino/sketches/D8D963D20DE9A7220F6A045B42D35FC8/sketch/EventBasics.ino.cpp.o
                0x0000000000001270                std::function<void ()>::function<void (&)(), void>(void (&)())
                0x0000000000001270                std::function<void ()>::function<void (&)(), void>(void (&)())
 .text._ZNSt6vectorIjSaIjEE17_M_realloc_insertIJRjEEEvN9__gnu_cxx17__normal_iteratorIPjS1_EEDpOT_
                0x00000000000012ac       0xdc /home/daniele/.cache/arduino/sketches/D8D963D20DE9A7220F6A045B42D35FC8/sketch/EventBasics.ino.cpp.o
                0x00000000000012ac                void std::vector<unsigned int, std::allocator<unsigned int> >::_M_realloc_insert<unsigned int&>(__gnu_cxx::__normal_iterator<unsigned int*, std::vector<unsigned int, std::allocator<unsigned int> > >, unsigned int&)
 .text._ZN7arduino7msgpack8Unpacker4feedEPKhj
                0x0000000000001388       0x78 /home/daniele/.cache/arduino/sketches/D8D963D20DE9A7220F6A045B42D35FC8/sketch/EventBasics.ino.cpp.o
                0x0000000000001388                arduino::msgpack::Unpacker::feed(unsigned char const*, unsigned int)
 .text._ZN7RpcCallIJEE8setErrorEiN7arduino6StringE
                0x0000000000001400       0x40 /home/daniele/.cache/arduino/sketches/D8D963D20DE9A7220F6A045B42D35FC8/sketch/EventBasics.ino.cpp.o
                0x0000000000001400                RpcCall<>::setError(int, arduino::String)
 .text._ZN7RpcCallIJEEC2ERKN7arduino6StringEP9RPCClientP7k_mutexS8_
                0x0000000000001440       0x7c /home/daniele/.cache/arduino/sketches/D8D963D20DE9A7220F6A045B42D35FC8/sketch/EventBasics.ino.cpp.o
                0x0000000000001440                RpcCall<>::RpcCall(arduino::String const&, RPCClient*, k_mutex*, k_mutex*)
                0x0000000000001440                RpcCall<>::RpcCall(arduino::String const&, RPCClient*, k_mutex*, k_mutex*)
 .text._ZN7RpcCallIJEE6resultIbEEbRT_.part.0
                0x00000000000014bc       0x34 /home/daniele/.cache/arduino/sketches/D8D963D20DE9A7220F6A045B42D35FC8/sketch/EventBasics.ino.cpp.o
 .text._ZN7RpcCallIJEE7isErrorEv
                0x00000000000014f0       0x34 /home/daniele/.cache/arduino/sketches/D8D963D20DE9A7220F6A045B42D35FC8/sketch/EventBasics.ino.cpp.o
                0x00000000000014f0                RpcCall<>::isError()
 .text._ZNSt8functionIFvRK13ButtonPressedEEC2EOS4_
                0x0000000000001524       0x30 /home/daniele/.cache/arduino/sketches/D8D963D20DE9A7220F6A045B42D35FC8/sketch/EventBasics.ino.cpp.o
                0x0000000000001524                std::function<void (ButtonPressed const&)>::function(std::function<void (ButtonPressed const&)>&&)
                0x0000000000001524                std::function<void (ButtonPressed const&)>::function(std::function<void (ButtonPressed const&)>&&)
 .text._ZN14arduino_events7Runtime2onI13ButtonPressedEENS_12SubscriptionESt8functionIFvRKT_EE
                0x0000000000001554       0x70 /home/daniele/.cache/arduino/sketches/D8D963D20DE9A7220F6A045B42D35FC8/sketch/EventBasics.ino.cpp.o
                0x0000000000001554                arduino_events::Subscription arduino_events::Runtime::on<ButtonPressed>(std::function<void (ButtonPressed const&)>)
 .text._ZNSt8functionIFvRK8BootDoneEEC2EOS4_
                0x00000000000015c4       0x30 /home/daniele/.cache/arduino/sketches/D8D963D20DE9A7220F6A045B42D35FC8/sketch/EventBasics.ino.cpp.o
                0x00000000000015c4                std::function<void (BootDone const&)>::function(std::function<void (BootDone const&)>&&)
                0x00000000000015c4                std::function<void (BootDone const&)>::function(std::function<void (BootDone const&)>&&)
 .text._ZNKSt6vectorIhSaIhEE12_M_check_lenEjPKc
                0x00000000000015f4       0x38 /home/daniele/.cache/arduino/sketches/D8D963D20DE9A7220F6A045B42D35FC8/sketch/EventBasics.ino.cpp.o
                0x00000000000015f4                std::vector<unsigned char, std::allocator<unsigned char> >::_M_check_len(unsigned int, char const*) const
 .text._ZNSt6vectorIhSaIhEE12emplace_backIJhEEERhDpOT_.isra.0
                0x000000000000162c       0x90 /home/daniele/.cache/arduino/sketches/D8D963D20DE9A7220F6A045B42D35FC8/sketch/EventBasics.ino.cpp.o
 .text._ZN7arduino7msgpack6Packer11packRawByteERKNS0_4TypeE.isra.0
                0x00000000000016bc       0x18 /home/daniele/.cache/arduino/sketches/D8D963D20DE9A7220F6A045B42D35FC8/sketch/EventBasics.ino.cpp.o
 .text._ZNSt6vectorIhSaIhEE12emplace_backIJRKhEEERhDpOT_.isra.0
                0x00000000000016d4       0x90 /home/daniele/.cache/arduino/sketches/D8D963D20DE9A7220F6A045B42D35FC8/sketch/EventBasics.ino.cpp.o
 .text._ZN7arduino7msgpack6Packer9packUInt8Eh
                0x0000000000001764       0x2c /home/daniele/.cache/arduino/sketches/D8D963D20DE9A7220F6A045B42D35FC8/sketch/EventBasics.ino.cpp.o
                0x0000000000001764                arduino::msgpack::Packer::packUInt8(unsigned char)
 .text._ZNSt6vectorIhSaIhEE12emplace_backIJRhEEES3_DpOT_.isra.0
                0x0000000000001790       0x90 /home/daniele/.cache/arduino/sketches/D8D963D20DE9A7220F6A045B42D35FC8/sketch/EventBasics.ino.cpp.o
 .text._ZN7arduino7msgpack6Packer15packRawReversedIjEEvRKT_
                0x0000000000001820       0x1c /home/daniele/.cache/arduino/sketches/D8D963D20DE9A7220F6A045B42D35FC8/sketch/EventBasics.ino.cpp.o
                0x0000000000001820                void arduino::msgpack::Packer::packRawReversed<unsigned int>(unsigned int const&)
 .text._ZN7arduino7msgpack6Packer10packUInt32Ej
                0x000000000000183c       0x28 /home/daniele/.cache/arduino/sketches/D8D963D20DE9A7220F6A045B42D35FC8/sketch/EventBasics.ino.cpp.o
                0x000000000000183c                arduino::msgpack::Packer::packUInt32(unsigned int)
 .text._ZN7arduino7msgpack6Packer15packRawReversedItEEvRKT_
                0x0000000000001864       0x1c /home/daniele/.cache/arduino/sketches/D8D963D20DE9A7220F6A045B42D35FC8/sketch/EventBasics.ino.cpp.o
                0x0000000000001864                void arduino::msgpack::Packer::packRawReversed<unsigned short>(unsigned short const&)
 .text._ZN7arduino7msgpack6Packer13packArraySizeEj
                0x0000000000001880       0x58 /home/daniele/.cache/arduino/sketches/D8D963D20DE9A7220F6A045B42D35FC8/sketch/EventBasics.ino.cpp.o
                0x0000000000001880                arduino::msgpack::Packer::packArraySize(unsigned int)
 .text._ZN7arduino7msgpack6Packer10packUInt16Et
                0x00000000000018d8       0x2c /home/daniele/.cache/arduino/sketches/D8D963D20DE9A7220F6A045B42D35FC8/sketch/EventBasics.ino.cpp.o
                0x00000000000018d8                arduino::msgpack::Packer::packUInt16(unsigned short)
 .text._ZN7arduino7msgpack6Packer11packIntegerIjEENSt9enable_ifIXaaaaaasrSt13is_arithmeticIT_E5valuesrSt11is_integralIS5_E5valuentsrSt7is_sameIS5_bE5valuentsrS9_INSt9remove_cvIS5_E4typeEPcE5valueEvE4typeERKS5_.isra.0
                0x0000000000001904       0x50 /home/daniele/.cache/arduino/sketches/D8D963D20DE9A7220F6A045B42D35FC8/sketch/EventBasics.ino.cpp.o
 .text._ZN7arduino7msgpack6Packer11packIntegerIiEENSt9enable_ifIXaaaaaasrSt13is_arithmeticIT_E5valuesrSt11is_integralIS5_E5valuentsrSt7is_sameIS5_bE5valuentsrS9_INSt9remove_cvIS5_E4typeEPcE5valueEvE4typeERKS5_.isra.0
                0x0000000000001954       0xb8 /home/daniele/.cache/arduino/sketches/D8D963D20DE9A7220F6A045B42D35FC8/sketch/EventBasics.ino.cpp.o
 .text._ZN7arduino7msgpack6Packer12packRawBytesEPKcj
                0x0000000000001a0c       0x9c /home/daniele/.cache/arduino/sketches/D8D963D20DE9A7220F6A045B42D35FC8/sketch/EventBasics.ino.cpp.o
                0x0000000000001a0c                arduino::msgpack::Packer::packRawBytes(char const*, unsigned int)
 .text._ZN7arduino7msgpack6Packer4packERKNS_6StringE
                0x0000000000001aa8       0x7c /home/daniele/.cache/arduino/sketches/D8D963D20DE9A7220F6A045B42D35FC8/sketch/EventBasics.ino.cpp.o
                0x0000000000001aa8                arduino::msgpack::Packer::pack(arduino::String const&)
 .text._ZN7arduino7msgpack8Unpacker9unpackIntIiEENSt9enable_ifIXaaaaaaaasrSt13is_arithmeticIT_E5valuesrSt11is_integralIS5_E5valuentsrSt7is_sameIS5_bE5valuentsrS9_INSt9remove_cvIS5_E4typeEPcE5valuesrSt9is_signedIS5_E5valueES5_E4typeEv
                0x0000000000001b24       0xd0 /home/daniele/.cache/arduino/sketches/D8D963D20DE9A7220F6A045B42D35FC8/sketch/EventBasics.ino.cpp.o
                0x0000000000001b24                std::enable_if<(((std::is_arithmetic<int>::value&&std::is_integral<int>::value)&&(!std::is_same<int, bool>::value))&&(!std::is_same<std::remove_cv<int>::type, char*>::value))&&std::is_signed<int>::value, int>::type arduino::msgpack::Unpacker::unpackInt<int>()
 .text._ZN7arduino7msgpack8Unpacker11deserializeIiJEEEbRT_DpOT0_
                0x0000000000001bf4       0x40 /home/daniele/.cache/arduino/sketches/D8D963D20DE9A7220F6A045B42D35FC8/sketch/EventBasics.ino.cpp.o
                0x0000000000001bf4                bool arduino::msgpack::Unpacker::deserialize<int>(int&)
 .text._ZN7arduino7msgpack8Unpacker11unpackFloatIfEENSt9enable_ifIXaasrSt13is_arithmeticIT_E5valuesrSt17is_floating_pointIS5_E5valueES5_E4typeEv
                0x0000000000001c34      0x118 /home/daniele/.cache/arduino/sketches/D8D963D20DE9A7220F6A045B42D35FC8/sketch/EventBasics.ino.cpp.o
                0x0000000000001c34                std::enable_if<std::is_arithmetic<float>::value&&std::is_floating_point<float>::value, float>::type arduino::msgpack::Unpacker::unpackFloat<float>()
 *fill*         0x0000000000001d4c        0x4 
 .text._ZN7arduino7msgpack8Unpacker11unpackFloatIdEENSt9enable_ifIXaasrSt13is_arithmeticIT_E5valuesrSt17is_floating_pointIS5_E5valueES5_E4typeEv
                0x0000000000001d50      0x118 /home/daniele/.cache/arduino/sketches/D8D963D20DE9A7220F6A045B42D35FC8/sketch/EventBasics.ino.cpp.o
                0x0000000000001d50                std::enable_if<std::is_arithmetic<double>::value&&std::is_floating_point<double>::value, double>::type arduino::msgpack::Unpacker::unpackFloat<double>()
 .text._ZN7arduino7msgpack8Unpacker12unpackBinaryIhEENSt9enable_ifIXoosrSt7is_sameIT_cE5valuesrS4_IS5_hE5valueESt6vectorINS3_IXoosrS7_5valuesrS6_5valueES5_E4typeESaIS5_EEE4typeEv
                0x0000000000001e68      0x114 /home/daniele/.cache/arduino/sketches/D8D963D20DE9A7220F6A045B42D35FC8/sketch/EventBasics.ino.cpp.o
                0x0000000000001e68                std::enable_if<std::is_same<unsigned char, char>::value||std::is_same<unsigned char, unsigned char>::value, std::vector<std::enable_if<std::is_same<unsigned char, unsigned char>::value||std::is_same<unsigned char, char>::value, unsigned char>::type, std::allocator<unsigned char> > >::type arduino::msgpack::Unpacker::unpackBinary<unsigned char>()
 .text._ZN7arduino7msgpack8Unpacker11deserializeINS0_4type9ArraySizeEJRiEEEbRT_DpOT0_
                0x0000000000001f7c       0x44 /home/daniele/.cache/arduino/sketches/D8D963D20DE9A7220F6A045B42D35FC8/sketch/EventBasics.ino.cpp.o
                0x0000000000001f7c                bool arduino::msgpack::Unpacker::deserialize<arduino::msgpack::type::ArraySize, int&>(arduino::msgpack::type::ArraySize&, int&)
 .text._ZNK10RpcDecoderILj1024EE4sendEPKhj
                0x0000000000001fc0       0x22 /home/daniele/.cache/arduino/sketches/D8D963D20DE9A7220F6A045B42D35FC8/sketch/EventBasics.ino.cpp.o
                0x0000000000001fc0                RpcDecoder<1024u>::send(unsigned char const*, unsigned int) const
 *fill*         0x0000000000001fe2        0x2 
 .text._ZN9RPCClient8send_rpcIJEEEbRKN7arduino6StringERjDpOT_.isra.0
                0x0000000000001fe4       0x8c /home/daniele/.cache/arduino/sketches/D8D963D20DE9A7220F6A045B42D35FC8/sketch/EventBasics.ino.cpp.o
 .text._ZN11BridgeClass6notifyIJiEEEvN7arduino6StringEDpOT_
                0x0000000000002070       0xac /home/daniele/.cache/arduino/sketches/D8D963D20DE9A7220F6A045B42D35FC8/sketch/EventBasics.ino.cpp.o
                0x0000000000002070                void BridgeClass::notify<int>(arduino::String, int&&)
 .text._ZNK9RPCServer13send_responseILj256EEEbRK10RPCRequestIXT_EE.isra.0
                0x000000000000211c       0x24 /home/daniele/.cache/arduino/sketches/D8D963D20DE9A7220F6A045B42D35FC8/sketch/EventBasics.ino.cpp.o
 .text._ZN10RpcDecoderILj1024EE7consumeEjj
                0x0000000000002140       0x50 /home/daniele/.cache/arduino/sketches/D8D963D20DE9A7220F6A045B42D35FC8/sketch/EventBasics.ino.cpp.o
                0x0000000000002140                RpcDecoder<1024u>::consume(unsigned int, unsigned int)
 .text._ZN10RpcDecoderILj1024EE7discardEv
                0x0000000000002190       0x2c /home/daniele/.cache/arduino/sketches/D8D963D20DE9A7220F6A045B42D35FC8/sketch/EventBasics.ino.cpp.o
                0x0000000000002190                RpcDecoder<1024u>::discard()
 .text._ZN7arduino7msgpack8Unpacker11deserializeI8RpcErrorJRNS0_6object5nil_tEEEEbRT_DpOT0_
                0x00000000000021bc       0x90 /home/daniele/.cache/arduino/sketches/D8D963D20DE9A7220F6A045B42D35FC8/sketch/EventBasics.ino.cpp.o
                0x00000000000021bc                bool arduino::msgpack::Unpacker::deserialize<RpcError, arduino::msgpack::object::nil_t&>(RpcError&, arduino::msgpack::object::nil_t&)
 .text._ZN7arduino7msgpack8Unpacker10unpackUIntIjEENSt9enable_ifIXaaaaaaaasrSt13is_arithmeticIT_E5valuesrSt11is_integralIS5_E5valuentsrSt7is_sameIS5_bE5valuentsrS9_INSt9remove_cvIS5_E4typeEPcE5valuentsrSt9is_signedIS5_E5valueES5_E4typeEv
                0x000000000000224c       0x80 /home/daniele/.cache/arduino/sketches/D8D963D20DE9A7220F6A045B42D35FC8/sketch/EventBasics.ino.cpp.o
                0x000000000000224c                std::enable_if<(((std::is_arithmetic<unsigned int>::value&&std::is_integral<unsigned int>::value)&&(!std::is_same<unsigned int, bool>::value))&&(!std::is_same<std::remove_cv<unsigned int>::type, char*>::value))&&(!std::is_signed<unsigned int>::value), unsigned int>::type arduino::msgpack::Unpacker::unpackUInt<unsigned int>()
 .text._ZN7arduino7msgpack8Unpacker11deserializeIjJRNS_6StringEEEEbRT_DpOT0_
                0x00000000000022cc       0x44 /home/daniele/.cache/arduino/sketches/D8D963D20DE9A7220F6A045B42D35FC8/sketch/EventBasics.ino.cpp.o
                0x00000000000022cc                bool arduino::msgpack::Unpacker::deserialize<unsigned int, arduino::String&>(unsigned int&, arduino::String&)
 .text._ZN10RpcDecoderILj1024EE16fetch_rpc_methodEv
                0x0000000000002310       0xe8 /home/daniele/.cache/arduino/sketches/D8D963D20DE9A7220F6A045B42D35FC8/sketch/EventBasics.ino.cpp.o
                0x0000000000002310                RpcDecoder<1024u>::fetch_rpc_method()
 .text._ZN10RPCRequestILj256EE22unpack_request_headersEv
                0x00000000000023f8       0xb8 /home/daniele/.cache/arduino/sketches/D8D963D20DE9A7220F6A045B42D35FC8/sketch/EventBasics.ino.cpp.o
                0x00000000000023f8                RPCRequest<256u>::unpack_request_headers()
 .text._ZN9RPCServer15process_requestILj256EEEvR10RPCRequestIXT_EE
                0x00000000000024b0      0x138 /home/daniele/.cache/arduino/sketches/D8D963D20DE9A7220F6A045B42D35FC8/sketch/EventBasics.ino.cpp.o
                0x00000000000024b0                void RPCServer::process_request<256u>(RPCRequest<256u>&)
 .text._ZN7arduino7msgpack8Unpacker11deserializeINS0_4type9ArraySizeEJRiRjEEEbRT_DpOT0_
                0x00000000000025e8       0xa0 /home/daniele/.cache/arduino/sketches/D8D963D20DE9A7220F6A045B42D35FC8/sketch/EventBasics.ino.cpp.o
                0x00000000000025e8                bool arduino::msgpack::Unpacker::deserialize<arduino::msgpack::type::ArraySize, int&, unsigned int&>(arduino::msgpack::type::ArraySize&, int&, unsigned int&)
 .text._ZN10RpcDecoderILj1024EE12get_responseIbEEbjRT_R8RpcError
                0x0000000000002688      0x17c /home/daniele/.cache/arduino/sketches/D8D963D20DE9A7220F6A045B42D35FC8/sketch/EventBasics.ino.cpp.o
                0x0000000000002688                bool RpcDecoder<1024u>::get_response<bool>(unsigned int, bool&, RpcError&)
 .text._ZN10RpcDecoderILj1024EE12get_responseIN7arduino6StringEEEbjRT_R8RpcError
                0x0000000000002804      0x17c /home/daniele/.cache/arduino/sketches/D8D963D20DE9A7220F6A045B42D35FC8/sketch/EventBasics.ino.cpp.o
                0x0000000000002804                bool RpcDecoder<1024u>::get_response<arduino::String>(unsigned int, arduino::String&, RpcError&)
 .text._ZN10RpcDecoderILj1024EE12get_responseIN7arduino7msgpack6object5nil_tEEEbjRT_R8RpcError
                0x0000000000002980      0x17c /home/daniele/.cache/arduino/sketches/D8D963D20DE9A7220F6A045B42D35FC8/sketch/EventBasics.ino.cpp.o
                0x0000000000002980                bool RpcDecoder<1024u>::get_response<arduino::msgpack::object::nil_t>(unsigned int, arduino::msgpack::object::nil_t&, RpcError&)
 .text._ZNSt11__copy_moveILb0ELb1ESt26random_access_iterator_tagE8__copy_mIhEEPT_PKS3_S6_S4_
                0x0000000000002afc       0x1c /home/daniele/.cache/arduino/sketches/D8D963D20DE9A7220F6A045B42D35FC8/sketch/EventBasics.ino.cpp.o
                0x0000000000002afc                unsigned char* std::__copy_move<false, true, std::random_access_iterator_tag>::__copy_m<unsigned char>(unsigned char const*, unsigned char const*, unsigned char*)
 .text._ZNSt11__copy_moveILb1ELb1ESt26random_access_iterator_tagE8__copy_mIhEEPT_PKS3_S6_S4_
                0x0000000000002b18       0x1c /home/daniele/.cache/arduino/sketches/D8D963D20DE9A7220F6A045B42D35FC8/sketch/EventBasics.ino.cpp.o
                0x0000000000002b18                unsigned char* std::__copy_move<true, true, std::random_access_iterator_tag>::__copy_m<unsigned char>(unsigned char const*, unsigned char const*, unsigned char*)
 .text._ZN7arduino7msgpack6object3extC2EaPKhj
                0x0000000000002b34      0x104 /home/daniele/.cache/arduino/sketches/D8D963D20DE9A7220F6A045B42D35FC8/sketch/EventBasics.ino.cpp.o
                0x0000000000002b34                arduino::msgpack::object::ext::ext(signed char, unsigned char const*, unsigned int)
                0x0000000000002b34                arduino::msgpack::object::ext::ext(signed char, unsigned char const*, unsigned int)
 .text._ZN7arduino7msgpack8Unpacker9unpackExtEv
                0x0000000000002c38      0x178 /home/daniele/.cache/arduino/sketches/D8D963D20DE9A7220F6A045B42D35FC8/sketch/EventBasics.ino.cpp.o
                0x0000000000002c38                arduino::msgpack::Unpacker::unpackExt()
 .text._ZN8RpcUtils6detail12unpackObjectERN7arduino7msgpack8UnpackerE
                0x0000000000002db0      0x2b4 /home/daniele/.cache/arduino/sketches/D8D963D20DE9A7220F6A045B42D35FC8/sketch/EventBasics.ino.cpp.o
                0x0000000000002db0                RpcUtils::detail::unpackObject(arduino::msgpack::Unpacker&)
 .text._ZN10RpcDecoderILj1024EE12parse_packetEv
                0x0000000000003064      0x134 /home/daniele/.cache/arduino/sketches/D8D963D20DE9A7220F6A045B42D35FC8/sketch/EventBasics.ino.cpp.o
                0x0000000000003064                RpcDecoder<1024u>::parse_packet()
 .text._ZN10RpcDecoderILj1024EE6decodeEv
                0x0000000000003198       0x40 /home/daniele/.cache/arduino/sketches/D8D963D20DE9A7220F6A045B42D35FC8/sketch/EventBasics.ino.cpp.o
                0x0000000000003198                RpcDecoder<1024u>::decode()
 .text._ZN9RPCServer7get_rpcILj256EEEbR10RPCRequestIXT_EEN7arduino6StringE
                0x00000000000031d8       0xc4 /home/daniele/.cache/arduino/sketches/D8D963D20DE9A7220F6A045B42D35FC8/sketch/EventBasics.ino.cpp.o
                0x00000000000031d8                bool RPCServer::get_rpc<256u>(RPCRequest<256u>&, arduino::String)
 .text._ZN11BridgeClass11update_safeEv
                0x000000000000329c       0xb0 /home/daniele/.cache/arduino/sketches/D8D963D20DE9A7220F6A045B42D35FC8/sketch/EventBasics.ino.cpp.o
                0x000000000000329c                BridgeClass::update_safe()
 .text._Z10__loopHookv
                0x000000000000334c       0x28 /home/daniele/.cache/arduino/sketches/D8D963D20DE9A7220F6A045B42D35FC8/sketch/EventBasics.ino.cpp.o
                0x000000000000334c                __loopHook()
 .text._ZN11BridgeClass6updateEv
                0x0000000000003374       0xb0 /home/daniele/.cache/arduino/sketches/D8D963D20DE9A7220F6A045B42D35FC8/sketch/EventBasics.ino.cpp.o
                0x0000000000003374                BridgeClass::update()
 .text._Z16updateEntryPointPvS_S_
                0x0000000000003424       0x28 /home/daniele/.cache/arduino/sketches/D8D963D20DE9A7220F6A045B42D35FC8/sketch/EventBasics.ino.cpp.o
                0x0000000000003424                updateEntryPoint(void*, void*, void*)
 .text._ZN7RpcCallIJEE6resultIbEEbRT_
                0x000000000000344c      0x114 /home/daniele/.cache/arduino/sketches/D8D963D20DE9A7220F6A045B42D35FC8/sketch/EventBasics.ino.cpp.o
                0x000000000000344c                bool RpcCall<>::result<bool>(bool&)
 .text._ZN7RpcCallIJEED2Ev
                0x0000000000003560      0x120 /home/daniele/.cache/arduino/sketches/D8D963D20DE9A7220F6A045B42D35FC8/sketch/EventBasics.ino.cpp.o
                0x0000000000003560                RpcCall<>::~RpcCall()
                0x0000000000003560                RpcCall<>::~RpcCall()
 .text._ZN11BridgeClass5beginEm
                0x0000000000003680      0x1e0 /home/daniele/.cache/arduino/sketches/D8D963D20DE9A7220F6A045B42D35FC8/sketch/EventBasics.ino.cpp.o
                0x0000000000003680                BridgeClass::begin(unsigned long)
 .text._ZN7RpcCallIJEE6resultIN7arduino6StringEEEbRT_
                0x0000000000003860      0x114 /home/daniele/.cache/arduino/sketches/D8D963D20DE9A7220F6A045B42D35FC8/sketch/EventBasics.ino.cpp.o
                0x0000000000003860                bool RpcCall<>::result<arduino::String>(arduino::String&)
 .text.setup    0x0000000000003974      0x2e4 /home/daniele/.cache/arduino/sketches/D8D963D20DE9A7220F6A045B42D35FC8/sketch/EventBasics.ino.cpp.o
                0x0000000000003974                setup
 .text._ZN8RpcUtils6detail9unpackMapERN7arduino7msgpack8UnpackerERj
                0x0000000000003c58       0x80 /home/daniele/.cache/arduino/sketches/D8D963D20DE9A7220F6A045B42D35FC8/sketch/EventBasics.ino.cpp.o
                0x0000000000003c58                RpcUtils::detail::unpackMap(arduino::msgpack::Unpacker&, unsigned int&)
 .text._GLOBAL__sub_I_subA
                0x0000000000003cd8       0x64 /home/daniele/.cache/arduino/sketches/D8D963D20DE9A7220F6A045B42D35FC8/sketch/EventBasics.ino.cpp.o
 .text._GLOBAL__sub_D_subA
                0x0000000000003d3c       0x2c /home/daniele/.cache/arduino/sketches/D8D963D20DE9A7220F6A045B42D35FC8/sketch/EventBasics.ino.cpp.o
 .text._ZN7arduino5Print17availableForWriteEv
                0x0000000000003d68        0x4 /home/daniele/.cache/arduino/sketches/D8D963D20DE9A7220F6A045B42D35FC8/libraries/Arduino_RouterBridge/singletons.cpp.o
                0x0000000000003d68                arduino::Print::availableForWrite()
 .text._ZN7arduino5Print5flushEv
                0x0000000000003d6c        0x2 /home/daniele/.cache/arduino/sketches/D8D963D20DE9A7220F6A045B42D35FC8/libraries/Arduino_RouterBridge/singletons.cpp.o
                0x0000000000003d6c                arduino::Print::flush()
 .text._ZN13BridgeMonitorILj512EE5writeEh
                0x0000000000003d6e       0x18 /home/daniele/.cache/arduino/sketches/D8D963D20DE9A7220F6A045B42D35FC8/libraries/Arduino_RouterBridge/singletons.cpp.o
                0x0000000000003d6e                BridgeMonitor<512u>::write(unsigned char)
 *fill*         0x0000000000003d86        0x2 
 .text.k_yield  0x0000000000003d88        0x8 /home/daniele/.cache/arduino/sketches/D8D963D20DE9A7220F6A045B42D35FC8/libraries/Arduino_RouterBridge/singletons.cpp.o
 .text.k_mutex_lock
                0x0000000000003d90        0x8 /home/daniele/.cache/arduino/sketches/D8D963D20DE9A7220F6A045B42D35FC8/libraries/Arduino_RouterBridge/singletons.cpp.o
 .text._ZSt14__relocate_a_1IhhENSt9enable_ifIXsrSt24__is_bitwise_relocatableIT_vE5valueEPS2_E4typeES4_S4_S4_RSaIT0_E.isra.0
                0x0000000000003d98       0x20 /home/daniele/.cache/arduino/sketches/D8D963D20DE9A7220F6A045B42D35FC8/libraries/Arduino_RouterBridge/singletons.cpp.o
 .text._ZNSt12_Vector_baseIhSaIhEE11_M_allocateEj.isra.0
                0x0000000000003db8       0x20 /home/daniele/.cache/arduino/sketches/D8D963D20DE9A7220F6A045B42D35FC8/libraries/Arduino_RouterBridge/singletons.cpp.o
 .text.k_mutex_unlock.isra.0
                0x0000000000003dd8        0x8 /home/daniele/.cache/arduino/sketches/D8D963D20DE9A7220F6A045B42D35FC8/libraries/Arduino_RouterBridge/singletons.cpp.o
 .text._ZN7RpcCallIJRN7arduino6StringEEE7isErrorEv.isra.0
                0x0000000000003de0       0x28 /home/daniele/.cache/arduino/sketches/D8D963D20DE9A7220F6A045B42D35FC8/libraries/Arduino_RouterBridge/singletons.cpp.o
 .text._ZN13BridgeMonitorILj512EE4readEv
                0x0000000000003e08       0x68 /home/daniele/.cache/arduino/sketches/D8D963D20DE9A7220F6A045B42D35FC8/libraries/Arduino_RouterBridge/singletons.cpp.o
                0x0000000000003e08                BridgeMonitor<512u>::read()
 .text._ZN13BridgeMonitorILj512EE4peekEv
                0x0000000000003e70       0x44 /home/daniele/.cache/arduino/sketches/D8D963D20DE9A7220F6A045B42D35FC8/libraries/Arduino_RouterBridge/singletons.cpp.o
                0x0000000000003e70                BridgeMonitor<512u>::peek()
 .text.k_msleep.constprop.0.isra.0
                0x0000000000003eb4        0xc /home/daniele/.cache/arduino/sketches/D8D963D20DE9A7220F6A045B42D35FC8/libraries/Arduino_RouterBridge/singletons.cpp.o
 .text._ZNSt6vectorIhSaIhEE14_M_move_assignEOS1_St17integral_constantIbLb1EE.isra.0
                0x0000000000003ec0       0x34 /home/daniele/.cache/arduino/sketches/D8D963D20DE9A7220F6A045B42D35FC8/libraries/Arduino_RouterBridge/singletons.cpp.o
 .text._ZNSt6vectorIhSaIhEE12emplace_backIJRKhEEERhDpOT_.isra.0
                0x0000000000003ef4       0x90 /home/daniele/.cache/arduino/sketches/D8D963D20DE9A7220F6A045B42D35FC8/libraries/Arduino_RouterBridge/singletons.cpp.o
 .text._ZNSt6vectorIhSaIhEE12emplace_backIJhEEERhDpOT_.isra.0
                0x0000000000003f84       0x90 /home/daniele/.cache/arduino/sketches/D8D963D20DE9A7220F6A045B42D35FC8/libraries/Arduino_RouterBridge/singletons.cpp.o
 .text._ZN7arduino7msgpack8Unpacker11deserializeISt6vectorIhSaIhEEJEEEbRT_DpOT0_
                0x0000000000004014      0x13c /home/daniele/.cache/arduino/sketches/D8D963D20DE9A7220F6A045B42D35FC8/libraries/Arduino_RouterBridge/singletons.cpp.o
                0x0000000000004014                bool arduino::msgpack::Unpacker::deserialize<std::vector<unsigned char, std::allocator<unsigned char> >>(std::vector<unsigned char, std::allocator<unsigned char> >&)
 .text._ZN7arduino7msgpack6Packer11packRawByteERKNS0_4TypeE.isra.0
                0x0000000000004150       0x18 /home/daniele/.cache/arduino/sketches/D8D963D20DE9A7220F6A045B42D35FC8/libraries/Arduino_RouterBridge/singletons.cpp.o
 .text._ZNSt6vectorIhSaIhEE12emplace_backIJRhEEES3_DpOT_.isra.0
                0x0000000000004168       0x90 /home/daniele/.cache/arduino/sketches/D8D963D20DE9A7220F6A045B42D35FC8/libraries/Arduino_RouterBridge/singletons.cpp.o
 .text._ZN7arduino7msgpack6Packer11packIntegerIjEENSt9enable_ifIXaaaaaasrSt13is_arithmeticIT_E5valuesrSt11is_integralIS5_E5valuentsrSt7is_sameIS5_bE5valuentsrS9_INSt9remove_cvIS5_E4typeEPcE5valueEvE4typeERKS5_.isra.0
                0x00000000000041f8       0x50 /home/daniele/.cache/arduino/sketches/D8D963D20DE9A7220F6A045B42D35FC8/libraries/Arduino_RouterBridge/singletons.cpp.o
 .text._ZN7arduino7msgpack6Packer11packIntegerIiEENSt9enable_ifIXaaaaaasrSt13is_arithmeticIT_E5valuesrSt11is_integralIS5_E5valuentsrSt7is_sameIS5_bE5valuentsrS9_INSt9remove_cvIS5_E4typeEPcE5valueEvE4typeERKS5_.isra.0
                0x0000000000004248       0xb8 /home/daniele/.cache/arduino/sketches/D8D963D20DE9A7220F6A045B42D35FC8/libraries/Arduino_RouterBridge/singletons.cpp.o
 .text._ZN9RPCClient8send_rpcIJRKN7arduino6StringEEEEbS4_RjDpOT_.isra.0
                0x0000000000004300       0x90 /home/daniele/.cache/arduino/sketches/D8D963D20DE9A7220F6A045B42D35FC8/libraries/Arduino_RouterBridge/singletons.cpp.o
 .text._ZN9RPCClient8send_rpcIJRKjEEEbRKN7arduino6StringERjDpOT_.isra.0
                0x0000000000004390       0x94 /home/daniele/.cache/arduino/sketches/D8D963D20DE9A7220F6A045B42D35FC8/libraries/Arduino_RouterBridge/singletons.cpp.o
 .text._ZN7arduino7msgpack8Unpacker11deserializeIjJEEEbRT_DpOT0_
                0x0000000000004424       0x40 /home/daniele/.cache/arduino/sketches/D8D963D20DE9A7220F6A045B42D35FC8/libraries/Arduino_RouterBridge/singletons.cpp.o
                0x0000000000004424                bool arduino::msgpack::Unpacker::deserialize<unsigned int>(unsigned int&)
 .text._ZN9RPCClient12get_responseIN7arduino7msgpack6object5nil_tEEEbjRT_R8RpcError
                0x0000000000004464       0x40 /home/daniele/.cache/arduino/sketches/D8D963D20DE9A7220F6A045B42D35FC8/libraries/Arduino_RouterBridge/singletons.cpp.o
                0x0000000000004464                bool RPCClient::get_response<arduino::msgpack::object::nil_t>(unsigned int, arduino::msgpack::object::nil_t&, RpcError&)
 .text._ZN11BridgeClass6notifyIJRN7arduino6StringEEEEvS2_DpOT_
                0x00000000000044a4       0xac /home/daniele/.cache/arduino/sketches/D8D963D20DE9A7220F6A045B42D35FC8/libraries/Arduino_RouterBridge/singletons.cpp.o
                0x00000000000044a4                void BridgeClass::notify<arduino::String&>(arduino::String, arduino::String&)
 .text._ZN7RpcCallIJRN7arduino6StringEEE8setErrorEiS1_
                0x0000000000004550       0x40 /home/daniele/.cache/arduino/sketches/D8D963D20DE9A7220F6A045B42D35FC8/libraries/Arduino_RouterBridge/singletons.cpp.o
                0x0000000000004550                RpcCall<arduino::String&>::setError(int, arduino::String)
 .text._ZN10RpcDecoderILj1024EE12get_responseIjEEbjRT_R8RpcError
                0x0000000000004590      0x17c /home/daniele/.cache/arduino/sketches/D8D963D20DE9A7220F6A045B42D35FC8/libraries/Arduino_RouterBridge/singletons.cpp.o
                0x0000000000004590                bool RpcDecoder<1024u>::get_response<unsigned int>(unsigned int, unsigned int&, RpcError&)
 .text._ZN13BridgeMonitorILj512EE5writeEPKhj
                0x000000000000470c      0x2b4 /home/daniele/.cache/arduino/sketches/D8D963D20DE9A7220F6A045B42D35FC8/libraries/Arduino_RouterBridge/singletons.cpp.o
                0x000000000000470c                BridgeMonitor<512u>::write(unsigned char const*, unsigned int)
 .text._ZN7RpcCallIJRjEE8setErrorEiN7arduino6StringE
                0x00000000000049c0       0x40 /home/daniele/.cache/arduino/sketches/D8D963D20DE9A7220F6A045B42D35FC8/libraries/Arduino_RouterBridge/singletons.cpp.o
                0x00000000000049c0                RpcCall<unsigned int&>::setError(int, arduino::String)
 .text._ZN7RpcCallIJRjEE7isErrorEv
                0x0000000000004a00       0x34 /home/daniele/.cache/arduino/sketches/D8D963D20DE9A7220F6A045B42D35FC8/libraries/Arduino_RouterBridge/singletons.cpp.o
                0x0000000000004a00                RpcCall<unsigned int&>::isError()
 .text._ZN10RpcDecoderILj1024EE12get_responseISt6vectorIhSaIhEEEEbjRT_R8RpcError
                0x0000000000004a34      0x17c /home/daniele/.cache/arduino/sketches/D8D963D20DE9A7220F6A045B42D35FC8/libraries/Arduino_RouterBridge/singletons.cpp.o
                0x0000000000004a34                bool RpcDecoder<1024u>::get_response<std::vector<unsigned char, std::allocator<unsigned char> > >(unsigned int, std::vector<unsigned char, std::allocator<unsigned char> >&, RpcError&)
 .text._ZN7RpcCallIJRjEE6resultISt6vectorIhSaIhEEEEbRT_
                0x0000000000004bb0      0x134 /home/daniele/.cache/arduino/sketches/D8D963D20DE9A7220F6A045B42D35FC8/libraries/Arduino_RouterBridge/singletons.cpp.o
                0x0000000000004bb0                bool RpcCall<unsigned int&>::result<std::vector<unsigned char, std::allocator<unsigned char> > >(std::vector<unsigned char, std::allocator<unsigned char> >&)
 .text._ZN13BridgeMonitorILj512EE5_readEj
                0x0000000000004ce4      0x1f8 /home/daniele/.cache/arduino/sketches/D8D963D20DE9A7220F6A045B42D35FC8/libraries/Arduino_RouterBridge/singletons.cpp.o
                0x0000000000004ce4                BridgeMonitor<512u>::_read(unsigned int)
 .text._ZN13BridgeMonitorILj512EE9availableEv
                0x0000000000004edc       0x44 /home/daniele/.cache/arduino/sketches/D8D963D20DE9A7220F6A045B42D35FC8/libraries/Arduino_RouterBridge/singletons.cpp.o
                0x0000000000004edc                BridgeMonitor<512u>::available()
 .text._GLOBAL__sub_I_Bridge
                0x0000000000004f20       0xf0 /home/daniele/.cache/arduino/sketches/D8D963D20DE9A7220F6A045B42D35FC8/libraries/Arduino_RouterBridge/singletons.cpp.o
 .text._GLOBAL__sub_D_Bridge
                0x0000000000005010       0x2c /home/daniele/.cache/arduino/sketches/D8D963D20DE9A7220F6A045B42D35FC8/libraries/Arduino_RouterBridge/singletons.cpp.o
 .text._ZNSt23_Sp_counted_ptr_inplaceISt3anySaIvELN9__gnu_cxx12_Lock_policyE0EED2Ev
                0x000000000000503c        0x2 /home/daniele/.cache/arduino/sketches/D8D963D20DE9A7220F6A045B42D35FC8/libraries/ArduinoEvents/ArduinoEvents.cpp.o
                0x000000000000503c                std::_Sp_counted_ptr_inplace<std::any, std::allocator<void>, (__gnu_cxx::_Lock_policy)0>::~_Sp_counted_ptr_inplace()
                0x000000000000503c                std::_Sp_counted_ptr_inplace<std::any, std::allocator<void>, (__gnu_cxx::_Lock_policy)0>::~_Sp_counted_ptr_inplace()
 *fill*         0x000000000000503e        0x2 
 .text._ZN14arduino_events12_GLOBAL__N_112RuntimeMutex4lockEv
                0x0000000000005040       0x10 /home/daniele/.cache/arduino/sketches/D8D963D20DE9A7220F6A045B42D35FC8/libraries/ArduinoEvents/ArduinoEvents.cpp.o
 .text._ZNSt23_Sp_counted_ptr_inplaceISt3anySaIvELN9__gnu_cxx12_Lock_policyE0EED0Ev
                0x0000000000005050       0x14 /home/daniele/.cache/arduino/sketches/D8D963D20DE9A7220F6A045B42D35FC8/libraries/ArduinoEvents/ArduinoEvents.cpp.o
                0x0000000000005050                std::_Sp_counted_ptr_inplace<std::any, std::allocator<void>, (__gnu_cxx::_Lock_policy)0>::~_Sp_counted_ptr_inplace()
 .text._ZNSt23_Sp_counted_ptr_inplaceISt3anySaIvELN9__gnu_cxx12_Lock_policyE0EE10_M_destroyEv
                0x0000000000005064        0xc /home/daniele/.cache/arduino/sketches/D8D963D20DE9A7220F6A045B42D35FC8/libraries/ArduinoEvents/ArduinoEvents.cpp.o
                0x0000000000005064                std::_Sp_counted_ptr_inplace<std::any, std::allocator<void>, (__gnu_cxx::_Lock_policy)0>::_M_destroy()
 .text._ZNSt23_Sp_counted_ptr_inplaceISt3anySaIvELN9__gnu_cxx12_Lock_policyE0EE14_M_get_deleterERKSt9type_info
                0x0000000000005070       0x20 /home/daniele/.cache/arduino/sketches/D8D963D20DE9A7220F6A045B42D35FC8/libraries/ArduinoEvents/ArduinoEvents.cpp.o
                0x0000000000005070                std::_Sp_counted_ptr_inplace<std::any, std::allocator<void>, (__gnu_cxx::_Lock_policy)0>::_M_get_deleter(std::type_info const&)
 .text._ZNSt12_Vector_baseISt8functionIFvRKSt3anyEESaIS5_EE13_M_deallocateEPS5_j.part.0
                0x0000000000005090        0xc /home/daniele/.cache/arduino/sketches/D8D963D20DE9A7220F6A045B42D35FC8/libraries/ArduinoEvents/ArduinoEvents.cpp.o
 .text._ZNSt15__new_allocatorISt10unique_ptrIN14arduino_events12_GLOBAL__N_110TimerEntryESt14default_deleteIS3_EEE9constructIS6_JS6_EEEvPT_DpOT0_.constprop.0
                0x000000000000509c       0x1c /home/daniele/.cache/arduino/sketches/D8D963D20DE9A7220F6A045B42D35FC8/libraries/ArduinoEvents/ArduinoEvents.cpp.o
 .text._ZN14arduino_events12_GLOBAL__N_12rtEv
                0x00000000000050b8       0x80 /home/daniele/.cache/arduino/sketches/D8D963D20DE9A7220F6A045B42D35FC8/libraries/ArduinoEvents/ArduinoEvents.cpp.o
 .text._ZNSt12_Vector_baseISt10unique_ptrIN14arduino_events12_GLOBAL__N_110TimerEntryESt14default_deleteIS3_EESaIS6_EE11_M_allocateEj.isra.0
                0x0000000000005138       0x30 /home/daniele/.cache/arduino/sketches/D8D963D20DE9A7220F6A045B42D35FC8/libraries/ArduinoEvents/ArduinoEvents.cpp.o
 .text._ZNSt12_Vector_baseIjSaIjEE11_M_allocateEj.isra.0
                0x0000000000005168       0x30 /home/daniele/.cache/arduino/sketches/D8D963D20DE9A7220F6A045B42D35FC8/libraries/ArduinoEvents/ArduinoEvents.cpp.o
 .text._ZNSt8functionIFvvEEaSEDn.isra.0
                0x0000000000005198       0x16 /home/daniele/.cache/arduino/sketches/D8D963D20DE9A7220F6A045B42D35FC8/libraries/ArduinoEvents/ArduinoEvents.cpp.o
 *fill*         0x00000000000051ae        0x2 
 .text.k_mutex_unlock.isra.0
                0x00000000000051b0        0x8 /home/daniele/.cache/arduino/sketches/D8D963D20DE9A7220F6A045B42D35FC8/libraries/ArduinoEvents/ArduinoEvents.cpp.o
 .text._ZN14arduino_events12_GLOBAL__N_19LockGuardINS0_12RuntimeMutexEED2Ev.isra.0
                0x00000000000051b8        0xc /home/daniele/.cache/arduino/sketches/D8D963D20DE9A7220F6A045B42D35FC8/libraries/ArduinoEvents/ArduinoEvents.cpp.o
 .text._ZN14arduino_events12_GLOBAL__N_124drainCallbackQueueLockedERNS0_12RuntimeStateE.part.0
                0x00000000000051c4       0x38 /home/daniele/.cache/arduino/sketches/D8D963D20DE9A7220F6A045B42D35FC8/libraries/ArduinoEvents/ArduinoEvents.cpp.o
 .text._ZN14arduino_events12_GLOBAL__N_122destroyCallbackPayloadEPv
                0x00000000000051fc       0x1c /home/daniele/.cache/arduino/sketches/D8D963D20DE9A7220F6A045B42D35FC8/libraries/ArduinoEvents/ArduinoEvents.cpp.o
 .text._ZNSt10unique_ptrIN14arduino_events12_GLOBAL__N_110TimerEntryESt14default_deleteIS2_EED2Ev.isra.0
                0x0000000000005218       0x24 /home/daniele/.cache/arduino/sketches/D8D963D20DE9A7220F6A045B42D35FC8/libraries/ArduinoEvents/ArduinoEvents.cpp.o
 .text._ZZN14arduino_events12_GLOBAL__N_126queueFutureCallbacksLockedERNS0_12RuntimeStateERKSt10shared_ptrINS0_11FutureStateEEENUlvE0_D2Ev.isra.0
                0x000000000000523c       0x1c /home/daniele/.cache/arduino/sketches/D8D963D20DE9A7220F6A045B42D35FC8/libraries/ArduinoEvents/ArduinoEvents.cpp.o
 .text._ZNSt6vectorIN14arduino_events12_GLOBAL__N_112HandlerEntryESaIS2_EE5clearEv
                0x0000000000005258       0x2c /home/daniele/.cache/arduino/sketches/D8D963D20DE9A7220F6A045B42D35FC8/libraries/ArduinoEvents/ArduinoEvents.cpp.o
 .text._ZNSt3anyC2ERKS_
                0x0000000000005284       0x1e /home/daniele/.cache/arduino/sketches/D8D963D20DE9A7220F6A045B42D35FC8/libraries/ArduinoEvents/ArduinoEvents.cpp.o
                0x0000000000005284                std::any::any(std::any const&)
                0x0000000000005284                std::any::any(std::any const&)
 .text._ZNSt3any5resetEv
                0x00000000000052a2       0x16 /home/daniele/.cache/arduino/sketches/D8D963D20DE9A7220F6A045B42D35FC8/libraries/ArduinoEvents/ArduinoEvents.cpp.o
                0x00000000000052a2                std::any::reset()
 .text._ZNSt23_Sp_counted_ptr_inplaceISt3anySaIvELN9__gnu_cxx12_Lock_policyE0EE10_M_disposeEv
                0x00000000000052b8       0x10 /home/daniele/.cache/arduino/sketches/D8D963D20DE9A7220F6A045B42D35FC8/libraries/ArduinoEvents/ArduinoEvents.cpp.o
                0x00000000000052b8                std::_Sp_counted_ptr_inplace<std::any, std::allocator<void>, (__gnu_cxx::_Lock_policy)0>::_M_dispose()
 .text._ZN14arduino_events5ErrorC2ERKS0_
                0x00000000000052c8       0x20 /home/daniele/.cache/arduino/sketches/D8D963D20DE9A7220F6A045B42D35FC8/libraries/ArduinoEvents/ArduinoEvents.cpp.o
                0x00000000000052c8                arduino_events::Error::Error(arduino_events::Error const&)
                0x00000000000052c8                arduino_events::Error::Error(arduino_events::Error const&)
 .text._ZNSt12__shared_ptrISt3anyLN9__gnu_cxx12_Lock_policyE0EEC2ERKS3_
                0x00000000000052e8       0x12 /home/daniele/.cache/arduino/sketches/D8D963D20DE9A7220F6A045B42D35FC8/libraries/ArduinoEvents/ArduinoEvents.cpp.o
                0x00000000000052e8                std::__shared_ptr<std::any, (__gnu_cxx::_Lock_policy)0>::__shared_ptr(std::__shared_ptr<std::any, (__gnu_cxx::_Lock_policy)0> const&)
                0x00000000000052e8                std::__shared_ptr<std::any, (__gnu_cxx::_Lock_policy)0>::__shared_ptr(std::__shared_ptr<std::any, (__gnu_cxx::_Lock_policy)0> const&)
 *fill*         0x00000000000052fa        0x2 
 .text._ZN14arduino_events5ErrorC2EOS0_
                0x00000000000052fc       0x20 /home/daniele/.cache/arduino/sketches/D8D963D20DE9A7220F6A045B42D35FC8/libraries/ArduinoEvents/ArduinoEvents.cpp.o
                0x00000000000052fc                arduino_events::Error::Error(arduino_events::Error&&)
                0x00000000000052fc                arduino_events::Error::Error(arduino_events::Error&&)
 .text._ZN14arduino_events7Runtime8instanceEv
                0x000000000000531c       0x18 /home/daniele/.cache/arduino/sketches/D8D963D20DE9A7220F6A045B42D35FC8/libraries/ArduinoEvents/ArduinoEvents.cpp.o
                0x000000000000531c                arduino_events::Runtime::instance()
 .text._ZNKSt8functionIFvvEEclEv
                0x0000000000005334       0x18 /home/daniele/.cache/arduino/sketches/D8D963D20DE9A7220F6A045B42D35FC8/libraries/ArduinoEvents/ArduinoEvents.cpp.o
                0x0000000000005334                std::function<void ()>::operator()() const
 .text._ZN14arduino_events12_GLOBAL__N_121invokeCallbackPayloadEPv
                0x000000000000534c        0xc /home/daniele/.cache/arduino/sketches/D8D963D20DE9A7220F6A045B42D35FC8/libraries/ArduinoEvents/ArduinoEvents.cpp.o
 .text._ZNSt12_Vector_baseIcSaIcEED2Ev
                0x0000000000005358       0x18 /home/daniele/.cache/arduino/sketches/D8D963D20DE9A7220F6A045B42D35FC8/libraries/ArduinoEvents/ArduinoEvents.cpp.o
                0x0000000000005358                std::_Vector_base<char, std::allocator<char> >::~_Vector_base()
                0x0000000000005358                std::_Vector_base<char, std::allocator<char> >::~_Vector_base()
 .text._ZNSt8functionIFvvEEC2EOS1_
                0x0000000000005370       0x30 /home/daniele/.cache/arduino/sketches/D8D963D20DE9A7220F6A045B42D35FC8/libraries/ArduinoEvents/ArduinoEvents.cpp.o
                0x0000000000005370                std::function<void ()>::function(std::function<void ()>&&)
                0x0000000000005370                std::function<void ()>::function(std::function<void ()>&&)
 .text._ZN14arduino_events12_GLOBAL__N_118pushCallbackLockedERNS0_12RuntimeStateESt8functionIFvvEE
                0x00000000000053a0       0x64 /home/daniele/.cache/arduino/sketches/D8D963D20DE9A7220F6A045B42D35FC8/libraries/ArduinoEvents/ArduinoEvents.cpp.o
 .text._ZNSt8functionIFvvEEC2ERKS1_
                0x0000000000005404       0x30 /home/daniele/.cache/arduino/sketches/D8D963D20DE9A7220F6A045B42D35FC8/libraries/ArduinoEvents/ArduinoEvents.cpp.o
                0x0000000000005404                std::function<void ()>::function(std::function<void ()> const&)
                0x0000000000005404                std::function<void ()>::function(std::function<void ()> const&)
 .text._ZN14arduino_events12_GLOBAL__N_116timerWorkHandlerEP6k_work
                0x0000000000005434       0xcc /home/daniele/.cache/arduino/sketches/D8D963D20DE9A7220F6A045B42D35FC8/libraries/ArduinoEvents/ArduinoEvents.cpp.o
 .text._ZNSt14__shared_countILN9__gnu_cxx12_Lock_policyE0EED2Ev
                0x0000000000005500       0x2c /home/daniele/.cache/arduino/sketches/D8D963D20DE9A7220F6A045B42D35FC8/libraries/ArduinoEvents/ArduinoEvents.cpp.o
                0x0000000000005500                std::__shared_count<(__gnu_cxx::_Lock_policy)0>::~__shared_count()
                0x0000000000005500                std::__shared_count<(__gnu_cxx::_Lock_policy)0>::~__shared_count()
 .text._ZZN14arduino_events12_GLOBAL__N_126queueFutureCallbacksLockedERNS0_12RuntimeStateERKSt10shared_ptrINS0_11FutureStateEEENUlvE_D2Ev.isra.0
                0x000000000000552c       0x1c /home/daniele/.cache/arduino/sketches/D8D963D20DE9A7220F6A045B42D35FC8/libraries/ArduinoEvents/ArduinoEvents.cpp.o
 .text._ZNSt10_HashtableIjSt4pairIKjSt10shared_ptrIN14arduino_events12_GLOBAL__N_111FutureStateEEESaIS7_ENSt8__detail10_Select1stESt8equal_toIjESt4hashIjENS9_18_Mod_range_hashingENS9_20_Default_ranged_hashENS9_20_Prime_rehash_policyENS9_17_Hashtable_traitsILb0ELb0ELb1EEEE5clearEv
                0x0000000000005548       0x40 /home/daniele/.cache/arduino/sketches/D8D963D20DE9A7220F6A045B42D35FC8/libraries/ArduinoEvents/ArduinoEvents.cpp.o
 .text.__tcf_3  0x0000000000005588       0x8c /home/daniele/.cache/arduino/sketches/D8D963D20DE9A7220F6A045B42D35FC8/libraries/ArduinoEvents/ArduinoEvents.cpp.o
 .text._ZSt11make_sharedISt3anyJRS0_EESt10shared_ptrINSt9enable_ifIXntsrSt8is_arrayIT_E5valueES5_E4typeEEDpOT0_
                0x0000000000005614       0x54 /home/daniele/.cache/arduino/sketches/D8D963D20DE9A7220F6A045B42D35FC8/libraries/ArduinoEvents/ArduinoEvents.cpp.o
                0x0000000000005614                std::shared_ptr<std::enable_if<!std::is_array<std::any>::value, std::any>::type> std::make_shared<std::any, std::any&>(std::any&)
 .text._ZNSt6vectorISt8functionIFvRKSt3anyEESaIS5_EED2Ev
                0x0000000000005668       0x30 /home/daniele/.cache/arduino/sketches/D8D963D20DE9A7220F6A045B42D35FC8/libraries/ArduinoEvents/ArduinoEvents.cpp.o
                0x0000000000005668                std::vector<std::function<void (std::any const&)>, std::allocator<std::function<void (std::any const&)> > >::~vector()
                0x0000000000005668                std::vector<std::function<void (std::any const&)>, std::allocator<std::function<void (std::any const&)> > >::~vector()
 .text._ZNSt6vectorISt8functionIFvRKN14arduino_events5ErrorEEESaIS6_EED2Ev
                0x0000000000005698       0x30 /home/daniele/.cache/arduino/sketches/D8D963D20DE9A7220F6A045B42D35FC8/libraries/ArduinoEvents/ArduinoEvents.cpp.o
                0x0000000000005698                std::vector<std::function<void (arduino_events::Error const&)>, std::allocator<std::function<void (arduino_events::Error const&)> > >::~vector()
                0x0000000000005698                std::vector<std::function<void (arduino_events::Error const&)>, std::allocator<std::function<void (arduino_events::Error const&)> > >::~vector()
 .text._ZNSt6vectorISt8functionIFvvEESaIS2_EED2Ev
                0x00000000000056c8       0x30 /home/daniele/.cache/arduino/sketches/D8D963D20DE9A7220F6A045B42D35FC8/libraries/ArduinoEvents/ArduinoEvents.cpp.o
                0x00000000000056c8                std::vector<std::function<void ()>, std::allocator<std::function<void ()> > >::~vector()
                0x00000000000056c8                std::vector<std::function<void ()>, std::allocator<std::function<void ()> > >::~vector()
 .text._ZNKSt8functionIFvRKSt3anyEEclES2_
                0x00000000000056f8       0x18 /home/daniele/.cache/arduino/sketches/D8D963D20DE9A7220F6A045B42D35FC8/libraries/ArduinoEvents/ArduinoEvents.cpp.o
                0x00000000000056f8                std::function<void (std::any const&)>::operator()(std::any const&) const
 .text._ZNSt17_Function_handlerIFvvEZN14arduino_events12_GLOBAL__N_126queueFutureCallbacksLockedERNS2_12RuntimeStateERKSt10shared_ptrINS2_11FutureStateEEEUlvE_E9_M_invokeERKSt9_Any_data
                0x0000000000005710       0x10 /home/daniele/.cache/arduino/sketches/D8D963D20DE9A7220F6A045B42D35FC8/libraries/ArduinoEvents/ArduinoEvents.cpp.o
 .text._ZNSt8functionIFvRKSt3anyEEC2EOS4_
                0x0000000000005720       0x30 /home/daniele/.cache/arduino/sketches/D8D963D20DE9A7220F6A045B42D35FC8/libraries/ArduinoEvents/ArduinoEvents.cpp.o
                0x0000000000005720                std::function<void (std::any const&)>::function(std::function<void (std::any const&)>&&)
                0x0000000000005720                std::function<void (std::any const&)>::function(std::function<void (std::any const&)>&&)
 .text._ZNKSt8functionIFvRKN14arduino_events5ErrorEEEclES3_
                0x0000000000005750       0x18 /home/daniele/.cache/arduino/sketches/D8D963D20DE9A7220F6A045B42D35FC8/libraries/ArduinoEvents/ArduinoEvents.cpp.o
                0x0000000000005750                std::function<void (arduino_events::Error const&)>::operator()(arduino_events::Error const&) const
 .text._ZNSt17_Function_handlerIFvvEZN14arduino_events12_GLOBAL__N_126queueFutureCallbacksLockedERNS2_12RuntimeStateERKSt10shared_ptrINS2_11FutureStateEEEUlvE0_E9_M_invokeERKSt9_Any_data
                0x0000000000005768       0x14 /home/daniele/.cache/arduino/sketches/D8D963D20DE9A7220F6A045B42D35FC8/libraries/ArduinoEvents/ArduinoEvents.cpp.o
 .text._ZNSt8functionIFvRKN14arduino_events5ErrorEEEC2EOS5_
                0x000000000000577c       0x30 /home/daniele/.cache/arduino/sketches/D8D963D20DE9A7220F6A045B42D35FC8/libraries/ArduinoEvents/ArduinoEvents.cpp.o
                0x000000000000577c                std::function<void (arduino_events::Error const&)>::function(std::function<void (arduino_events::Error const&)>&&)
                0x000000000000577c                std::function<void (arduino_events::Error const&)>::function(std::function<void (arduino_events::Error const&)>&&)
 .text._ZN14arduino_events12_GLOBAL__N_126queueFutureCallbacksLockedERNS0_12RuntimeStateERKSt10shared_ptrINS0_11FutureStateEE
                0x00000000000057ac      0x2b0 /home/daniele/.cache/arduino/sketches/D8D963D20DE9A7220F6A045B42D35FC8/libraries/ArduinoEvents/ArduinoEvents.cpp.o
 .text._ZN14arduino_events7Runtime6updateEj
                0x0000000000005a5c      0x140 /home/daniele/.cache/arduino/sketches/D8D963D20DE9A7220F6A045B42D35FC8/libraries/ArduinoEvents/ArduinoEvents.cpp.o
                0x0000000000005a5c                arduino_events::Runtime::update(unsigned int)
 .text._ZNSt8functionIFvPKvEEC2EOS3_
                0x0000000000005b9c       0x30 /home/daniele/.cache/arduino/sketches/D8D963D20DE9A7220F6A045B42D35FC8/libraries/ArduinoEvents/ArduinoEvents.cpp.o
                0x0000000000005b9c                std::function<void (void const*)>::function(std::function<void (void const*)>&&)
                0x0000000000005b9c                std::function<void (void const*)>::function(std::function<void (void const*)>&&)
 .text._ZNSt15__new_allocatorIN14arduino_events12_GLOBAL__N_112HandlerEntryEE9constructIS2_JS2_EEEvPT_DpOT0_.constprop.0
                0x0000000000005bcc       0x30 /home/daniele/.cache/arduino/sketches/D8D963D20DE9A7220F6A045B42D35FC8/libraries/ArduinoEvents/ArduinoEvents.cpp.o
 .text._ZNKSt6vectorIjSaIjEE12_M_check_lenEjPKc
                0x0000000000005bfc       0x40 /home/daniele/.cache/arduino/sketches/D8D963D20DE9A7220F6A045B42D35FC8/libraries/ArduinoEvents/ArduinoEvents.cpp.o
                0x0000000000005bfc                std::vector<unsigned int, std::allocator<unsigned int> >::_M_check_len(unsigned int, char const*) const
 .text._ZSt6fill_nIPcjcET_S1_T0_RKT1_
                0x0000000000005c3c       0x1c /home/daniele/.cache/arduino/sketches/D8D963D20DE9A7220F6A045B42D35FC8/libraries/ArduinoEvents/ArduinoEvents.cpp.o
                0x0000000000005c3c                char* std::fill_n<char*, unsigned int, char>(char*, unsigned int, char const&)
 .text._ZNSt6vectorIcSaIcEE14_M_fill_assignEjRKc
                0x0000000000005c58       0xac /home/daniele/.cache/arduino/sketches/D8D963D20DE9A7220F6A045B42D35FC8/libraries/ArduinoEvents/ArduinoEvents.cpp.o
                0x0000000000005c58                std::vector<char, std::allocator<char> >::_M_fill_assign(unsigned int, char const&)
 .text._ZN14arduino_events7Runtime5beginERKNS_6ConfigE
                0x0000000000005d04      0x288 /home/daniele/.cache/arduino/sketches/D8D963D20DE9A7220F6A045B42D35FC8/libraries/ArduinoEvents/ArduinoEvents.cpp.o
                0x0000000000005d04                arduino_events::Runtime::begin(arduino_events::Config const&)
 .text._ZSt4swapISt9_Any_dataENSt9enable_ifIXsrSt6__and_IJSt6__not_ISt15__is_tuple_likeIT_EESt21is_move_constructibleIS5_ESt18is_move_assignableIS5_EEE5valueEvE4typeERS5_SF_
                0x0000000000005f8c       0x24 /home/daniele/.cache/arduino/sketches/D8D963D20DE9A7220F6A045B42D35FC8/libraries/ArduinoEvents/ArduinoEvents.cpp.o
                0x0000000000005f8c                std::enable_if<std::__and_<std::__not_<std::__is_tuple_like<std::_Any_data> >, std::is_move_constructible<std::_Any_data>, std::is_move_assignable<std::_Any_data> >::value, void>::type std::swap<std::_Any_data>(std::_Any_data&, std::_Any_data&)
 .text._ZNSt8functionIFvPKvEEaSEOS3_.isra.0
                0x0000000000005fb0       0x38 /home/daniele/.cache/arduino/sketches/D8D963D20DE9A7220F6A045B42D35FC8/libraries/ArduinoEvents/ArduinoEvents.cpp.o
 .text._ZN14arduino_events7Runtime15registerHandlerEjSt8functionIFvPKvEEb
                0x0000000000005fe8      0x140 /home/daniele/.cache/arduino/sketches/D8D963D20DE9A7220F6A045B42D35FC8/libraries/ArduinoEvents/ArduinoEvents.cpp.o
                0x0000000000005fe8                arduino_events::Runtime::registerHandler(unsigned int, std::function<void (void const*)>, bool)
 .text._ZNSt11__copy_moveILb1ELb0ESt26random_access_iterator_tagE8__copy_mIPN14arduino_events12_GLOBAL__N_112HandlerEntryES6_EET0_T_S8_S7_
                0x0000000000006128       0x64 /home/daniele/.cache/arduino/sketches/D8D963D20DE9A7220F6A045B42D35FC8/libraries/ArduinoEvents/ArduinoEvents.cpp.o
 .text._ZN14arduino_events7Runtime3offENS_12SubscriptionE
                0x000000000000618c       0xc4 /home/daniele/.cache/arduino/sketches/D8D963D20DE9A7220F6A045B42D35FC8/libraries/ArduinoEvents/ArduinoEvents.cpp.o
                0x000000000000618c                arduino_events::Runtime::off(arduino_events::Subscription)
 .text._ZNSt8functionIFvvEEaSEOS1_.isra.0
                0x0000000000006250       0x38 /home/daniele/.cache/arduino/sketches/D8D963D20DE9A7220F6A045B42D35FC8/libraries/ArduinoEvents/ArduinoEvents.cpp.o
 .text._ZN14arduino_events7Runtime5everyEjSt8functionIFvvEE
                0x0000000000006288       0xcc /home/daniele/.cache/arduino/sketches/D8D963D20DE9A7220F6A045B42D35FC8/libraries/ArduinoEvents/ArduinoEvents.cpp.o
                0x0000000000006288                arduino_events::Runtime::every(unsigned int, std::function<void ()>)
 .text._ZN14arduino_events7Runtime5afterEjSt8functionIFvvEE
                0x0000000000006354       0xc8 /home/daniele/.cache/arduino/sketches/D8D963D20DE9A7220F6A045B42D35FC8/libraries/ArduinoEvents/ArduinoEvents.cpp.o
                0x0000000000006354                arduino_events::Runtime::after(unsigned int, std::function<void ()>)
 .text._ZNSt8functionIFvPKvEEC2ERKS3_
                0x000000000000641c       0x30 /home/daniele/.cache/arduino/sketches/D8D963D20DE9A7220F6A045B42D35FC8/libraries/ArduinoEvents/ArduinoEvents.cpp.o
                0x000000000000641c                std::function<void (void const*)>::function(std::function<void (void const*)> const&)
                0x000000000000641c                std::function<void (void const*)>::function(std::function<void (void const*)> const&)
 .text._ZNSt6vectorISt8functionIFvPKvEESaIS4_EE17_M_realloc_insertIJRKS4_EEEvN9__gnu_cxx17__normal_iteratorIPS4_S6_EEDpOT_
                0x000000000000644c       0xe8 /home/daniele/.cache/arduino/sketches/D8D963D20DE9A7220F6A045B42D35FC8/libraries/ArduinoEvents/ArduinoEvents.cpp.o
                0x000000000000644c                void std::vector<std::function<void (void const*)>, std::allocator<std::function<void (void const*)> > >::_M_realloc_insert<std::function<void (void const*)> const&>(__gnu_cxx::__normal_iterator<std::function<void (void const*)>*, std::vector<std::function<void (void const*)>, std::allocator<std::function<void (void const*)> > > >, std::function<void (void const*)> const&)
 .text._ZN14arduino_events7Runtime7emitRawEjPKvj
                0x0000000000006534      0x28c /home/daniele/.cache/arduino/sketches/D8D963D20DE9A7220F6A045B42D35FC8/libraries/ArduinoEvents/ArduinoEvents.cpp.o
                0x0000000000006534                arduino_events::Runtime::emitRaw(unsigned int, void const*, unsigned int)
 .text._ZNSt8functionIFvRKSt3anyEEC2ERKS4_
                0x00000000000067c0       0x30 /home/daniele/.cache/arduino/sketches/D8D963D20DE9A7220F6A045B42D35FC8/libraries/ArduinoEvents/ArduinoEvents.cpp.o
                0x00000000000067c0                std::function<void (std::any const&)>::function(std::function<void (std::any const&)> const&)
                0x00000000000067c0                std::function<void (std::any const&)>::function(std::function<void (std::any const&)> const&)
 .text._ZNSt17_Function_handlerIFvvEZN14arduino_events12_GLOBAL__N_126queueFutureCallbacksLockedERNS2_12RuntimeStateERKSt10shared_ptrINS2_11FutureStateEEEUlvE_E10_M_managerERSt9_Any_dataRKSC_St18_Manager_operation
                0x00000000000067f0       0x6c /home/daniele/.cache/arduino/sketches/D8D963D20DE9A7220F6A045B42D35FC8/libraries/ArduinoEvents/ArduinoEvents.cpp.o
 .text._ZNSt8functionIFvRKN14arduino_events5ErrorEEEC2ERKS5_
                0x000000000000685c       0x30 /home/daniele/.cache/arduino/sketches/D8D963D20DE9A7220F6A045B42D35FC8/libraries/ArduinoEvents/ArduinoEvents.cpp.o
                0x000000000000685c                std::function<void (arduino_events::Error const&)>::function(std::function<void (arduino_events::Error const&)> const&)
                0x000000000000685c                std::function<void (arduino_events::Error const&)>::function(std::function<void (arduino_events::Error const&)> const&)
 .text._ZNSt17_Function_handlerIFvvEZN14arduino_events12_GLOBAL__N_126queueFutureCallbacksLockedERNS2_12RuntimeStateERKSt10shared_ptrINS2_11FutureStateEEEUlvE0_E10_M_managerERSt9_Any_dataRKSC_St18_Manager_operation
                0x000000000000688c       0x6c /home/daniele/.cache/arduino/sketches/D8D963D20DE9A7220F6A045B42D35FC8/libraries/ArduinoEvents/ArduinoEvents.cpp.o
 .text._GLOBAL__sub_I__ZN14arduino_events6ResultIvE2okEv
                0x00000000000068f8       0x64 /home/daniele/.cache/arduino/sketches/D8D963D20DE9A7220F6A045B42D35FC8/libraries/ArduinoEvents/ArduinoEvents.cpp.o
 .text._GLOBAL__sub_D__ZN14arduino_events6ResultIvE2okEv
                0x000000000000695c       0x2c /home/daniele/.cache/arduino/sketches/D8D963D20DE9A7220F6A045B42D35FC8/libraries/ArduinoEvents/ArduinoEvents.cpp.o
 .text._ZN7arduino5Print5writeEPKc
                0x0000000000006988       0x24 /home/daniele/.cache/arduino/sketches/D8D963D20DE9A7220F6A045B42D35FC8/../../cores/arduino-git_zephyr_unoq_f0a012e1a064909ca1c15d8366925f20/core.a(Print.cpp.o)
                0x0000000000006988                arduino::Print::write(char const*)
 .text._ZN7arduino5Print5printEPKc
                0x00000000000069ac        0xc /home/daniele/.cache/arduino/sketches/D8D963D20DE9A7220F6A045B42D35FC8/../../cores/arduino-git_zephyr_unoq_f0a012e1a064909ca1c15d8366925f20/core.a(Print.cpp.o)
                0x00000000000069ac                arduino::Print::print(char const*)
 .text._ZN7arduino5Print5printEc
                0x00000000000069b8        0x6 /home/daniele/.cache/arduino/sketches/D8D963D20DE9A7220F6A045B42D35FC8/../../cores/arduino-git_zephyr_unoq_f0a012e1a064909ca1c15d8366925f20/core.a(Print.cpp.o)
                0x00000000000069b8                arduino::Print::print(char)
 *fill*         0x00000000000069be        0x2 
 .text._ZN7arduino5Print7printlnEv
                0x00000000000069c0       0x14 /home/daniele/.cache/arduino/sketches/D8D963D20DE9A7220F6A045B42D35FC8/../../cores/arduino-git_zephyr_unoq_f0a012e1a064909ca1c15d8366925f20/core.a(Print.cpp.o)
                0x00000000000069c0                arduino::Print::println()
 .text._ZN7arduino5Print7printlnEPKNS_19__FlashStringHelperE
                0x00000000000069d4       0x1c /home/daniele/.cache/arduino/sketches/D8D963D20DE9A7220F6A045B42D35FC8/../../cores/arduino-git_zephyr_unoq_f0a012e1a064909ca1c15d8366925f20/core.a(Print.cpp.o)
                0x00000000000069d4                arduino::Print::println(arduino::__FlashStringHelper const*)
 .text._ZN7arduino5Print7printlnEPKc
                0x00000000000069f0        0x8 /home/daniele/.cache/arduino/sketches/D8D963D20DE9A7220F6A045B42D35FC8/../../cores/arduino-git_zephyr_unoq_f0a012e1a064909ca1c15d8366925f20/core.a(Print.cpp.o)
                0x00000000000069f0                arduino::Print::println(char const*)
 .text._ZN7arduino5Print11printNumberEmh
                0x00000000000069f8       0x40 /home/daniele/.cache/arduino/sketches/D8D963D20DE9A7220F6A045B42D35FC8/../../cores/arduino-git_zephyr_unoq_f0a012e1a064909ca1c15d8366925f20/core.a(Print.cpp.o)
                0x00000000000069f8                arduino::Print::printNumber(unsigned long, unsigned char)
 .text._ZN7arduino5Print5printEli
                0x0000000000006a38       0x50 /home/daniele/.cache/arduino/sketches/D8D963D20DE9A7220F6A045B42D35FC8/../../cores/arduino-git_zephyr_unoq_f0a012e1a064909ca1c15d8366925f20/core.a(Print.cpp.o)
                0x0000000000006a38                arduino::Print::print(long, int)
 .text._ZN7arduino5Print7printlnEii
                0x0000000000006a88       0x1c /home/daniele/.cache/arduino/sketches/D8D963D20DE9A7220F6A045B42D35FC8/../../cores/arduino-git_zephyr_unoq_f0a012e1a064909ca1c15d8366925f20/core.a(Print.cpp.o)
                0x0000000000006a88                arduino::Print::println(int, int)
 .text._ZN7arduino6Stream9timedReadEv
                0x0000000000006aa4       0x2c /home/daniele/.cache/arduino/sketches/D8D963D20DE9A7220F6A045B42D35FC8/../../cores/arduino-git_zephyr_unoq_f0a012e1a064909ca1c15d8366925f20/core.a(Stream.cpp.o)
                0x0000000000006aa4                arduino::Stream::timedRead()
 .text._ZN7arduino6Stream10setTimeoutEm
                0x0000000000006ad0        0x4 /home/daniele/.cache/arduino/sketches/D8D963D20DE9A7220F6A045B42D35FC8/../../cores/arduino-git_zephyr_unoq_f0a012e1a064909ca1c15d8366925f20/core.a(Stream.cpp.o)
                0x0000000000006ad0                arduino::Stream::setTimeout(unsigned long)
 .text._ZN7arduino6Stream9readBytesEPcj
                0x0000000000006ad4       0x2c /home/daniele/.cache/arduino/sketches/D8D963D20DE9A7220F6A045B42D35FC8/../../cores/arduino-git_zephyr_unoq_f0a012e1a064909ca1c15d8366925f20/core.a(Stream.cpp.o)
                0x0000000000006ad4                arduino::Stream::readBytes(char*, unsigned int)
 .text._ZN7arduino6StringC2EOS0_
                0x0000000000006b00       0x16 /home/daniele/.cache/arduino/sketches/D8D963D20DE9A7220F6A045B42D35FC8/../../cores/arduino-git_zephyr_unoq_f0a012e1a064909ca1c15d8366925f20/core.a(String.cpp.o)
                0x0000000000006b00                arduino::String::String(arduino::String&&)
                0x0000000000006b00                arduino::String::String(arduino::String&&)
 *fill*         0x0000000000006b16        0x2 
 .text._ZN7arduino6StringD2Ev
                0x0000000000006b18       0x14 /home/daniele/.cache/arduino/sketches/D8D963D20DE9A7220F6A045B42D35FC8/../../cores/arduino-git_zephyr_unoq_f0a012e1a064909ca1c15d8366925f20/core.a(String.cpp.o)
                0x0000000000006b18                arduino::String::~String()
                0x0000000000006b18                arduino::String::~String()
 .text._ZN7arduino6String10invalidateEv
                0x0000000000006b2c       0x1c /home/daniele/.cache/arduino/sketches/D8D963D20DE9A7220F6A045B42D35FC8/../../cores/arduino-git_zephyr_unoq_f0a012e1a064909ca1c15d8366925f20/core.a(String.cpp.o)
                0x0000000000006b2c                arduino::String::invalidate()
 .text._ZN7arduino6String12changeBufferEj
                0x0000000000006b48       0x1c /home/daniele/.cache/arduino/sketches/D8D963D20DE9A7220F6A045B42D35FC8/../../cores/arduino-git_zephyr_unoq_f0a012e1a064909ca1c15d8366925f20/core.a(String.cpp.o)
                0x0000000000006b48                arduino::String::changeBuffer(unsigned int)
 .text._ZN7arduino6String7reserveEj
                0x0000000000006b64       0x28 /home/daniele/.cache/arduino/sketches/D8D963D20DE9A7220F6A045B42D35FC8/../../cores/arduino-git_zephyr_unoq_f0a012e1a064909ca1c15d8366925f20/core.a(String.cpp.o)
                0x0000000000006b64                arduino::String::reserve(unsigned int)
 .text._ZN7arduino6String4copyEPKcj
                0x0000000000006b8c       0x3c /home/daniele/.cache/arduino/sketches/D8D963D20DE9A7220F6A045B42D35FC8/../../cores/arduino-git_zephyr_unoq_f0a012e1a064909ca1c15d8366925f20/core.a(String.cpp.o)
                0x0000000000006b8c                arduino::String::copy(char const*, unsigned int)
 .text._ZN7arduino6StringC2EPKc
                0x0000000000006bc8       0x2c /home/daniele/.cache/arduino/sketches/D8D963D20DE9A7220F6A045B42D35FC8/../../cores/arduino-git_zephyr_unoq_f0a012e1a064909ca1c15d8366925f20/core.a(String.cpp.o)
                0x0000000000006bc8                arduino::String::String(char const*)
                0x0000000000006bc8                arduino::String::String(char const*)
 .text._ZN7arduino6String4moveERS0_
                0x0000000000006bf4       0x2c /home/daniele/.cache/arduino/sketches/D8D963D20DE9A7220F6A045B42D35FC8/../../cores/arduino-git_zephyr_unoq_f0a012e1a064909ca1c15d8366925f20/core.a(String.cpp.o)