Archive member included to satisfy reference by file (symbol)

/home/daniele/.cache/arduino/sketches/C041A7419B2695C467666D025259E71F/../../cores/arduino-git_zephyr_unoq_f0a012e1a064909ca1c15d8366925f20/core.a(Print.cpp.o)
                              /home/daniele/.cache/arduino/sketches/C041A7419B2695C467666D025259E71F/sketch/FutureTimeoutCancel.ino.cpp.o (arduino::Print::print(char const*))
/home/daniele/.cache/arduino/sketches/C041A7419B2695C467666D025259E71F/../../cores/arduino-git_zephyr_unoq_f0a012e1a064909ca1c15d8366925f20/core.a(Stream.cpp.o)
                              /home/daniele/.cache/arduino/sketches/C041A7419B2695C467666D025259E71F/sketch/FutureTimeoutCancel.ino.cpp.o (arduino::Stream::setTimeout(unsigned long))
/home/daniele/.cache/arduino/sketches/C041A7419B2695C467666D025259E71F/../../cores/arduino-git_zephyr_unoq_f0a012e1a064909ca1c15d8366925f20/core.a(String.cpp.o)
                              /home/daniele/.cache/arduino/sketches/C041A7419B2695C467666D025259E71F/sketch/FutureTimeoutCancel.ino.cpp.o (arduino::String::String(arduino::String&&))
/home/daniele/.cache/arduino/sketches/C041A7419B2695C467666D025259E71F/../../cores/arduino-git_zephyr_unoq_f0a012e1a064909ca1c15d8366925f20/core.a(itoa.cpp.o)
                              /home/daniele/.cache/arduino/sketches/C041A7419B2695C467666D025259E71F/../../cores/arduino-git_zephyr_unoq_f0a012e1a064909ca1c15d8366925f20/core.a(String.cpp.o) (dtostrf)
/home/daniele/.cache/arduino/sketches/C041A7419B2695C467666D025259E71F/../../cores/arduino-git_zephyr_unoq_f0a012e1a064909ca1c15d8366925f20/core.a(llext_wrappers.c.o)
                              /home/daniele/.cache/arduino/sketches/C041A7419B2695C467666D025259E71F/sketch/FutureTimeoutCancel.ino.cpp.o (memcpy)
/home/daniele/.cache/arduino/sketches/C041A7419B2695C467666D025259E71F/../../cores/arduino-git_zephyr_unoq_f0a012e1a064909ca1c15d8366925f20/core.a(main.cpp.o)
                              (main)
/home/daniele/.cache/arduino/sketches/C041A7419B2695C467666D025259E71F/../../cores/arduino-git_zephyr_unoq_f0a012e1a064909ca1c15d8366925f20/core.a(new.cpp.o)
                              /home/daniele/.cache/arduino/sketches/C041A7419B2695C467666D025259E71F/sketch/FutureTimeoutCancel.ino.cpp.o (operator new(unsigned int))
/home/daniele/.cache/arduino/sketches/C041A7419B2695C467666D025259E71F/../../cores/arduino-git_zephyr_unoq_f0a012e1a064909ca1c15d8366925f20/core.a(threads.cpp.o)
                              /home/daniele/.cache/arduino/sketches/C041A7419B2695C467666D025259E71F/../../cores/arduino-git_zephyr_unoq_f0a012e1a064909ca1c15d8366925f20/core.a(main.cpp.o) (start_static_threads())
/home/daniele/.cache/arduino/sketches/C041A7419B2695C467666D025259E71F/../../cores/arduino-git_zephyr_unoq_f0a012e1a064909ca1c15d8366925f20/core.a(zephyrCommon.cpp.o)
                              /home/daniele/.cache/arduino/sketches/C041A7419B2695C467666D025259E71F/../../cores/arduino-git_zephyr_unoq_f0a012e1a064909ca1c15d8366925f20/core.a(Stream.cpp.o) (millis)
/home/daniele/.cache/arduino/sketches/C041A7419B2695C467666D025259E71F/../../cores/arduino-git_zephyr_unoq_f0a012e1a064909ca1c15d8366925f20/core.a(zephyrSerial.cpp.o)
                              /home/daniele/.cache/arduino/sketches/C041A7419B2695C467666D025259E71F/libraries/Arduino_RouterBridge/singletons.cpp.o (Serial2)
/home/daniele/.cache/arduino/sketches/C041A7419B2695C467666D025259E71F/../../cores/arduino-git_zephyr_unoq_f0a012e1a064909ca1c15d8366925f20/core.a(Common.cpp.o)
                              /home/daniele/.cache/arduino/sketches/C041A7419B2695C467666D025259E71F/../../cores/arduino-git_zephyr_unoq_f0a012e1a064909ca1c15d8366925f20/core.a(zephyrCommon.cpp.o) (map(long, long, long, long, long))
/home/daniele/.arduino15/packages/zephyr/tools/arm-zephyr-eabi/0.16.8/bin/../lib/gcc/arm-zephyr-eabi/12.2.0/../../../../arm-zephyr-eabi/lib/thumb/v8-m.main+fp/hard/libstdc++_nano.a(functexcept.o)
                              /home/daniele/.cache/arduino/sketches/C041A7419B2695C467666D025259E71F/sketch/FutureTimeoutCancel.ino.cpp.o (std::__throw_bad_alloc())
/home/daniele/.arduino15/packages/zephyr/tools/arm-zephyr-eabi/0.16.8/bin/../lib/gcc/arm-zephyr-eabi/12.2.0/../../../../arm-zephyr-eabi/lib/thumb/v8-m.main+fp/hard/libstdc++_nano.a(functional.o)
                              /home/daniele/.cache/arduino/sketches/C041A7419B2695C467666D025259E71F/sketch/FutureTimeoutCancel.ino.cpp.o (std::__throw_bad_function_call())
/home/daniele/.arduino15/packages/zephyr/tools/arm-zephyr-eabi/0.16.8/bin/../lib/gcc/arm-zephyr-eabi/12.2.0/../../../../arm-zephyr-eabi/lib/thumb/v8-m.main+fp/hard/libstdc++_nano.a(hashtable_c++0x.o)
                              /home/daniele/.cache/arduino/sketches/C041A7419B2695C467666D025259E71F/libraries/ArduinoEvents/ArduinoEvents.cpp.o (std::__detail::_Prime_rehash_policy::_M_need_rehash(unsigned int, unsigned int, unsigned int) const)
[...]
Memory Configuration

Name             Origin             Length             Attributes
*default*        0x0000000000000000 0xffffffffffffffff

Linker script and memory map

LOAD /home/daniele/.arduino15/packages/zephyr/tools/arm-zephyr-eabi/0.16.8/bin/../lib/gcc/arm-zephyr-eabi/12.2.0/../../../../arm-zephyr-eabi/lib/thumb/v8-m.main+fp/hard/libstdc++_nano.a
LOAD /home/daniele/.arduino15/packages/zephyr/tools/arm-zephyr-eabi/0.16.8/bin/../lib/gcc/arm-zephyr-eabi/12.2.0/../../../../arm-zephyr-eabi/lib/thumb/v8-m.main+fp/hard/libsupc++_nano.a
LOAD /home/daniele/.arduino15/packages/zephyr/tools/arm-zephyr-eabi/0.16.8/bin/../lib/gcc/arm-zephyr-eabi/12.2.0/../../../../arm-zephyr-eabi/lib/thumb/v8-m.main+fp/hard/libnosys.a
LOAD /home/daniele/.cache/arduino/sketches/C041A7419B2695C467666D025259E71F/sketch/FutureTimeoutCancel.ino.cpp.o
LOAD /home/daniele/.cache/arduino/sketches/C041A7419B2695C467666D025259E71F/libraries/Arduino_RouterBridge/singletons.cpp.o
LOAD /home/daniele/.cache/arduino/sketches/C041A7419B2695C467666D025259E71F/libraries/ArduinoEvents/ArduinoEvents.cpp.o
LOAD /home/daniele/.cache/arduino/sketches/C041A7419B2695C467666D025259E71F/core/analogReference.cpp.o
START GROUP
LOAD /home/daniele/.cache/arduino/sketches/C041A7419B2695C467666D025259E71F/../../cores/arduino-git_zephyr_unoq_f0a012e1a064909ca1c15d8366925f20/core.a
LOAD /home/daniele/.arduino15/packages/zephyr/tools/arm-zephyr-eabi/0.16.8/bin/../lib/gcc/arm-zephyr-eabi/12.2.0/../../../../arm-zephyr-eabi/lib/thumb/v8-m.main+fp/hard/libstdc++_nano.a
LOAD /home/daniele/.arduino15/packages/zephyr/tools/arm-zephyr-eabi/0.16.8/bin/../lib/gcc/arm-zephyr-eabi/12.2.0/../../../../arm-zephyr-eabi/lib/thumb/v8-m.main+fp/hard/libsupc++_nano.a
LOAD /home/daniele/.arduino15/packages/zephyr/tools/arm-zephyr-eabi/0.16.8/bin/../lib/gcc/arm-zephyr-eabi/12.2.0/../../../../arm-zephyr-eabi/lib/thumb/v8-m.main+fp/hard/libm_nano.a
END GROUP

.rodata         0x0000000000000000      0x134
 *(.rodata._ZTIN10__cxxabiv117__class_type_infoE)
 .rodata._ZTIN10__cxxabiv117__class_type_infoE
                0x0000000000000000        0xc /home/daniele/.arduino15/packages/zephyr/tools/arm-zephyr-eabi/0.16.8/bin/../lib/gcc/arm-zephyr-eabi/12.2.0/../../../../arm-zephyr-eabi/lib/thumb/v8-m.main+fp/hard/libstdc++_nano.a(class_type_info.o)
                0x0000000000000000                typeinfo for __cxxabiv1::__class_type_info
 *(.rodata._ZTIN10__cxxabiv120__si_class_type_infoE)
 .rodata._ZTIN10__cxxabiv120__si_class_type_infoE
                0x000000000000000c        0xc /home/daniele/.arduino15/packages/zephyr/tools/arm-zephyr-eabi/0.16.8/bin/../lib/gcc/arm-zephyr-eabi/12.2.0/../../../../arm-zephyr-eabi/lib/thumb/v8-m.main+fp/hard/libstdc++_nano.a(si_class_type_info.o)
                0x000000000000000c                typeinfo for __cxxabiv1::__si_class_type_info
 *(.rodata._ZTISt19_Sp_make_shared_tag)
 .rodata._ZTISt19_Sp_make_shared_tag
                0x0000000000000018        0x8 /home/daniele/.arduino15/packages/zephyr/tools/arm-zephyr-eabi/0.16.8/bin/../lib/gcc/arm-zephyr-eabi/12.2.0/../../../../arm-zephyr-eabi/lib/thumb/v8-m.main+fp/hard/libstdc++_nano.a(shared_ptr.o)
                0x0000000000000018                typeinfo for std::_Sp_make_shared_tag
 *(.rodata._ZTISt9type_info)
 .rodata._ZTISt9type_info
                0x0000000000000020        0x8 /home/daniele/.arduino15/packages/zephyr/tools/arm-zephyr-eabi/0.16.8/bin/../lib/gcc/arm-zephyr-eabi/12.2.0/../../../../arm-zephyr-eabi/lib/thumb/v8-m.main+fp/hard/libstdc++_nano.a(tinfo.o)
                0x0000000000000020                typeinfo for std::type_info
 *(.rodata._ZTV13BridgeMonitorILj512EE)
 .rodata._ZTV13BridgeMonitorILj512EE
                0x0000000000000028       0x24 /home/daniele/.cache/arduino/sketches/C041A7419B2695C467666D025259E71F/libraries/Arduino_RouterBridge/singletons.cpp.o
                0x0000000000000028                vtable for BridgeMonitor<512u>
 *(.rodata._ZTV15SerialTransport)
 .rodata._ZTV15SerialTransport
                0x000000000000004c       0x20 /home/daniele/.cache/arduino/sketches/C041A7419B2695C467666D025259E71F/sketch/FutureTimeoutCancel.ino.cpp.o
                0x000000000000004c                vtable for SerialTransport
 *(.rodata._ZTVN10__cxxabiv117__class_type_infoE)
 .rodata._ZTVN10__cxxabiv117__class_type_infoE
                0x000000000000006c       0x2c /home/daniele/.arduino15/packages/zephyr/tools/arm-zephyr-eabi/0.16.8/bin/../lib/gcc/arm-zephyr-eabi/12.2.0/../../../../arm-zephyr-eabi/lib/thumb/v8-m.main+fp/hard/libstdc++_nano.a(class_type_info.o)
                0x000000000000006c                vtable for __cxxabiv1::__class_type_info
 *(.rodata._ZTVN10__cxxabiv120__si_class_type_infoE)
 .rodata._ZTVN10__cxxabiv120__si_class_type_infoE
                0x0000000000000098       0x2c /home/daniele/.arduino15/packages/zephyr/tools/arm-zephyr-eabi/0.16.8/bin/../lib/gcc/arm-zephyr-eabi/12.2.0/../../../../arm-zephyr-eabi/lib/thumb/v8-m.main+fp/hard/libstdc++_nano.a(si_class_type_info.o)
                0x0000000000000098                vtable for __cxxabiv1::__si_class_type_info
 *(.rodata._ZTVN7arduino12ZephyrSerialE)
 .rodata._ZTVN7arduino12ZephyrSerialE
                0x00000000000000c4       0x38 /home/daniele/.cache/arduino/sketches/C041A7419B2695C467666D025259E71F/../../cores/arduino-git_zephyr_unoq_f0a012e1a064909ca1c15d8366925f20/core.a(zephyrSerial.cpp.o)
                0x00000000000000c4                vtable for arduino::ZephyrSerial
 *(.rodata._ZTVSt23_Sp_counted_ptr_inplaceIN14arduino_events12_GLOBAL__N_111FutureStateESaIvELN9__gnu_cxx12_Lock_policyE0EE)
 .rodata._ZTVSt23_Sp_counted_ptr_inplaceIN14arduino_events12_GLOBAL__N_111FutureStateESaIvELN9__gnu_cxx12_Lock_policyE0EE
                0x00000000000000fc       0x1c /home/daniele/.cache/arduino/sketches/C041A7419B2695C467666D025259E71F/libraries/ArduinoEvents/ArduinoEvents.cpp.o
 *(.rodata._ZTVSt23_Sp_counted_ptr_inplaceISt3anySaIvELN9__gnu_cxx12_Lock_policyE0EE)
 .rodata._ZTVSt23_Sp_counted_ptr_inplaceISt3anySaIvELN9__gnu_cxx12_Lock_policyE0EE
                0x0000000000000118       0x1c /home/daniele/.cache/arduino/sketches/C041A7419B2695C467666D025259E71F/libraries/ArduinoEvents/ArduinoEvents.cpp.o
                0x0000000000000118                vtable for std::_Sp_counted_ptr_inplace<std::any, std::allocator<void>, (__gnu_cxx::_Lock_policy)0>

.llext.rodata.noreloc
                0x0000000000000134      0x879
 *(.rodata)
 .rodata        0x0000000000000134       0x10 /home/daniele/.cache/arduino/sketches/C041A7419B2695C467666D025259E71F/sketch/FutureTimeoutCancel.ino.cpp.o
 *(.rodata._Z13onCancelValueRKi.str1.1)
 .rodata._Z13onCancelValueRKi.str1.1
                0x0000000000000144       0x24 /home/daniele/.cache/arduino/sketches/C041A7419B2695C467666D025259E71F/sketch/FutureTimeoutCancel.ino.cpp.o
 *(.rodata._Z13onFutureErrorRKN14arduino_events5ErrorE.str1.1)
 .rodata._Z13onFutureErrorRKN14arduino_events5ErrorE.str1.1
                0x0000000000000168       0x19 /home/daniele/.cache/arduino/sketches/C041A7419B2695C467666D025259E71F/sketch/FutureTimeoutCancel.ino.cpp.o
 *(.rodata._Z14onSuccessValueRKi.str1.1)
 .rodata._Z14onSuccessValueRKi.str1.1
                0x0000000000000181       0x11 /home/daniele/.cache/arduino/sketches/C041A7419B2695C467666D025259E71F/sketch/FutureTimeoutCancel.ino.cpp.o
 *(.rodata._Z14onTimeoutValueRKi.str1.1)
 .rodata._Z14onTimeoutValueRKi.str1.1
                0x0000000000000192       0x25 /home/daniele/.cache/arduino/sketches/C041A7419B2695C467666D025259E71F/sketch/FutureTimeoutCancel.ino.cpp.o
 *(.rodata._Z16cancelRequestNowv.str1.1)
 .rodata._Z16cancelRequestNowv.str1.1
                0x00000000000001b7       0x30 /home/daniele/.cache/arduino/sketches/C041A7419B2695C467666D025259E71F/sketch/FutureTimeoutCancel.ino.cpp.o
 *(.rodata._Z6onDonev.str1.1)
 .rodata._Z6onDonev.str1.1
                0x00000000000001e7       0x10 /home/daniele/.cache/arduino/sketches/C041A7419B2695C467666D025259E71F/sketch/FutureTimeoutCancel.ino.cpp.o
 *(.rodata._ZN10RpcDecoderILj1024EE12get_responseIN7arduino7msgpack6object5nil_tEEEbjRT_R8RpcError.str1.1)
 .rodata._ZN10RpcDecoderILj1024EE12get_responseIN7arduino7msgpack6object5nil_tEEEbjRT_R8RpcError.str1.1
                0x00000000000001f7       0x7b /home/daniele/.cache/arduino/sketches/C041A7419B2695C467666D025259E71F/libraries/Arduino_RouterBridge/singletons.cpp.o
 *(.rodata._ZN10RpcDecoderILj1024EE12get_responseIbEEbjRT_R8RpcError.str1.1)
 .rodata._ZN10RpcDecoderILj1024EE12get_responseIbEEbjRT_R8RpcError.str1.1
                0x0000000000000272       0x7b /home/daniele/.cache/arduino/sketches/C041A7419B2695C467666D025259E71F/sketch/FutureTimeoutCancel.ino.cpp.o
 *(.rodata._ZN11BridgeClass11update_safeEv.str1.1)
 .rodata._ZN11BridgeClass11update_safeEv.str1.1
                0x00000000000002ed        0x9 /home/daniele/.cache/arduino/sketches/C041A7419B2695C467666D025259E71F/sketch/FutureTimeoutCancel.ino.cpp.o
 *(.rodata._ZN11BridgeClass5beginEm.str1.1)
 .rodata._ZN11BridgeClass5beginEm.str1.1
                0x00000000000002f6       0x45 /home/daniele/.cache/arduino/sketches/C041A7419B2695C467666D025259E71F/sketch/FutureTimeoutCancel.ino.cpp.o
 *(.rodata._ZN13BridgeMonitorILj512EE5_readEj.str1.1)
 .rodata._ZN13BridgeMonitorILj512EE5_readEj.str1.1
                0x000000000000033b        0x9 /home/daniele/.cache/arduino/sketches/C041A7419B2695C467666D025259E71F/libraries/Arduino_RouterBridge/singletons.cpp.o
 *(.rodata._ZN13BridgeMonitorILj512EE5writeEPKhj.str1.1)
 .rodata._ZN13BridgeMonitorILj512EE5writeEPKhj.str1.1
                0x0000000000000344       0x49 /home/daniele/.cache/arduino/sketches/C041A7419B2695C467666D025259E71F/libraries/Arduino_RouterBridge/singletons.cpp.o
 *(.rodata._ZN14arduino_events6ResultIvEC2Ev.str1.1)
 .rodata._ZN14arduino_events6ResultIvEC2Ev.str1.1
                0x000000000000038d        0x1 /home/daniele/.cache/arduino/sketches/C041A7419B2695C467666D025259E71F/libraries/ArduinoEvents/ArduinoEvents.cpp.o
 *(.rodata._ZN14arduino_events7Runtime12futureCancelEj.str1.1)
 .rodata._ZN14arduino_events7Runtime12futureCancelEj.str1.1
                0x000000000000038e       0x11 /home/daniele/.cache/arduino/sketches/C041A7419B2695C467666D025259E71F/libraries/ArduinoEvents/ArduinoEvents.cpp.o
 *(.rodata._ZN14arduino_events7Runtime14createDeferredIiEENS_6FutureIT_EESt8functionIFvNS_8DeferredIS3_EEEE.str1.1)
 .rodata._ZN14arduino_events7Runtime14createDeferredIiEENS_6FutureIT_EESt8functionIFvNS_8DeferredIS3_EEEE.str1.1
                0x000000000000039f       0x13 /home/daniele/.cache/arduino/sketches/C041A7419B2695C467666D025259E71F/sketch/FutureTimeoutCancel.ino.cpp.o
 *(.rodata._ZN14arduino_events7Runtime5beginERKNS_6ConfigE.str1.1)
 .rodata._ZN14arduino_events7Runtime5beginERKNS_6ConfigE.str1.1
                0x00000000000003b2       0x10 /home/daniele/.cache/arduino/sketches/C041A7419B2695C467666D025259E71F/libraries/ArduinoEvents/ArduinoEvents.cpp.o
 *(.rodata._ZN14arduino_events7Runtime6updateEj.str1.1)
 .rodata._ZN14arduino_events7Runtime6updateEj.str1.1
                0x00000000000003c2        0xf /home/daniele/.cache/arduino/sketches/C041A7419B2695C467666D025259E71F/libraries/ArduinoEvents/ArduinoEvents.cpp.o
 *(.rodata._ZN7RpcCallIJEE6resultIbEEbRT_.part.0.str1.1)
 .rodata._ZN7RpcCallIJEE6resultIbEEbRT_.part.0.str1.1
                0x00000000000003d1       0x21 /home/daniele/.cache/arduino/sketches/C041A7419B2695C467666D025259E71F/sketch/FutureTimeoutCancel.ino.cpp.o
 *(.rodata._ZN7RpcCallIJEEC2ERKN7arduino6StringEP9RPCClientP7k_mutexS8_.str1.1)
 .rodata._ZN7RpcCallIJEEC2ERKN7arduino6StringEP9RPCClientP7k_mutexS8_.str1.1
                0x00000000000003f2       0x1e /home/daniele/.cache/arduino/sketches/C041A7419B2695C467666D025259E71F/sketch/FutureTimeoutCancel.ino.cpp.o
 *(.rodata._ZN7arduino5Print7printlnEv.str1.1)
 .rodata._ZN7arduino5Print7printlnEv.str1.1
                0x0000000000000410        0x3 /home/daniele/.cache/arduino/sketches/C041A7419B2695C467666D025259E71F/../../cores/arduino-git_zephyr_unoq_f0a012e1a064909ca1c15d8366925f20/core.a(Print.cpp.o)
 *(.rodata._ZN7arduino7msgpack6object3extC2EaPKhj.str1.1)
 .rodata._ZN7arduino7msgpack6object3extC2EaPKhj.str1.1
                0x0000000000000413       0x28 /home/daniele/.cache/arduino/sketches/C041A7419B2695C467666D025259E71F/sketch/FutureTimeoutCancel.ino.cpp.o
 *(.rodata._ZN8RpcErrorC2Ev.str1.1)
 .rodata._ZN8RpcErrorC2Ev.str1.1
                0x000000000000043b        0x1 /home/daniele/.cache/arduino/sketches/C041A7419B2695C467666D025259E71F/sketch/FutureTimeoutCancel.ino.cpp.o
 .rodata._ZN8RpcErrorC2Ev.str1.1
                0x000000000000043c        0x1 /home/daniele/.cache/arduino/sketches/C041A7419B2695C467666D025259E71F/libraries/Arduino_RouterBridge/singletons.cpp.o
 *(.rodata._ZNSt6vectorIcSaIcEE14_M_fill_assignEjRKc.str1.1)
 .rodata._ZNSt6vectorIcSaIcEE14_M_fill_assignEjRKc.str1.1
                0x000000000000043d       0x31 /home/daniele/.cache/arduino/sketches/C041A7419B2695C467666D025259E71F/libraries/ArduinoEvents/ArduinoEvents.cpp.o
 *(.rodata._ZNSt6vectorIhSaIhEE12emplace_backIJhEEERhDpOT_.isra.0.str1.1)
 .rodata._ZNSt6vectorIhSaIhEE12emplace_backIJhEEERhDpOT_.isra.0.str1.1
                0x000000000000046e       0x1a /home/daniele/.cache/arduino/sketches/C041A7419B2695C467666D025259E71F/libraries/ArduinoEvents/ArduinoEvents.cpp.o
 *(.rodata._ZNSt6vectorIjSaIjEE17_M_realloc_insertIJRjEEEvN9__gnu_cxx17__normal_iteratorIPjS1_EEDpOT_.str1.1)
 .rodata._ZNSt6vectorIjSaIjEE17_M_realloc_insertIJRjEEEvN9__gnu_cxx17__normal_iteratorIPjS1_EEDpOT_.str1.1
                0x0000000000000488       0x1a /home/daniele/.cache/arduino/sketches/C041A7419B2695C467666D025259E71F/sketch/FutureTimeoutCancel.ino.cpp.o
 .rodata._ZNSt6vectorIjSaIjEE17_M_realloc_insertIJRjEEEvN9__gnu_cxx17__normal_iteratorIPjS1_EEDpOT_.str1.1
                0x00000000000004a2       0x1a /home/daniele/.cache/arduino/sketches/C041A7419B2695C467666D025259E71F/libraries/Arduino_RouterBridge/singletons.cpp.o
 *(.rodata._ZNSt8__detail12__prime_listE)
 .rodata._ZNSt8__detail12__prime_listE
                0x00000000000004bc      0x404 /home/daniele/.arduino15/packages/zephyr/tools/arm-zephyr-eabi/0.16.8/bin/../lib/gcc/arm-zephyr-eabi/12.2.0/../../../../arm-zephyr-eabi/lib/thumb/v8-m.main+fp/hard/libstdc++_nano.a(hashtable_c++0x.o)
                0x00000000000004bc                std::__detail::__prime_list
 *(.rodata._ZTSN10__cxxabiv117__class_type_infoE)
 .rodata._ZTSN10__cxxabiv117__class_type_infoE
                0x00000000000008c0       0x22 /home/daniele/.arduino15/packages/zephyr/tools/arm-zephyr-eabi/0.16.8/bin/../lib/gcc/arm-zephyr-eabi/12.2.0/../../../../arm-zephyr-eabi/lib/thumb/v8-m.main+fp/hard/libstdc++_nano.a(class_type_info.o)
                0x00000000000008c0                typeinfo name for __cxxabiv1::__class_type_info
 *(.rodata._ZTSN10__cxxabiv120__si_class_type_infoE)
 .rodata._ZTSN10__cxxabiv120__si_class_type_infoE
                0x00000000000008e2       0x25 /home/daniele/.arduino15/packages/zephyr/tools/arm-zephyr-eabi/0.16.8/bin/../lib/gcc/arm-zephyr-eabi/12.2.0/../../../../arm-zephyr-eabi/lib/thumb/v8-m.main+fp/hard/libstdc++_nano.a(si_class_type_info.o)
                0x00000000000008e2                typeinfo name for __cxxabiv1::__si_class_type_info
 *(.rodata._ZTSSt19_Sp_make_shared_tag)
 .rodata._ZTSSt19_Sp_make_shared_tag
                0x0000000000000907       0x18 /home/daniele/.arduino15/packages/zephyr/tools/arm-zephyr-eabi/0.16.8/bin/../lib/gcc/arm-zephyr-eabi/12.2.0/../../../../arm-zephyr-eabi/lib/thumb/v8-m.main+fp/hard/libstdc++_nano.a(shared_ptr.o)
                0x0000000000000907                typeinfo name for std::_Sp_make_shared_tag
 *(.rodata._ZTSSt9type_info)
 .rodata._ZTSSt9type_info
                0x000000000000091f        0xd /home/daniele/.arduino15/packages/zephyr/tools/arm-zephyr-eabi/0.16.8/bin/../lib/gcc/arm-zephyr-eabi/12.2.0/../../../../arm-zephyr-eabi/lib/thumb/v8-m.main+fp/hard/libstdc++_nano.a(tinfo.o)
                0x000000000000091f                typeinfo name for std::type_info
 *(.rodata._ZZNKSt8__detail20_Prime_rehash_policy11_M_next_bktEjE10__fast_bkt)
 .rodata._ZZNKSt8__detail20_Prime_rehash_policy11_M_next_bktEjE10__fast_bkt
                0x000000000000092c        0xe /home/daniele/.arduino15/packages/zephyr/tools/arm-zephyr-eabi/0.16.8/bin/../lib/gcc/arm-zephyr-eabi/12.2.0/../../../../arm-zephyr-eabi/lib/thumb/v8-m.main+fp/hard/libstdc++_nano.a(hashtable_c++0x.o)
 *(.rodata._ZZNSt19_Sp_make_shared_tag5_S_tiEvE5__tag)
 *fill*         0x000000000000093a        0x2 
 .rodata._ZZNSt19_Sp_make_shared_tag5_S_tiEvE5__tag
                0x000000000000093c        0x8 /home/daniele/.cache/arduino/sketches/C041A7419B2695C467666D025259E71F/libraries/ArduinoEvents/ArduinoEvents.cpp.o
                0x000000000000093c                std::_Sp_make_shared_tag::_S_ti()::__tag
 *(.rodata.setup.str1.1)
 .rodata.setup.str1.1
                0x0000000000000944       0x18 /home/daniele/.cache/arduino/sketches/C041A7419B2695C467666D025259E71F/sketch/FutureTimeoutCancel.ino.cpp.o
 *(.rodata.str1.1)
 .rodata.str1.1
                0x000000000000095c       0x51 /home/daniele/.cache/arduino/sketches/C041A7419B2695C467666D025259E71F/../../cores/arduino-git_zephyr_unoq_f0a012e1a064909ca1c15d8366925f20/core.a(main.cpp.o)

.rel.rodata
 *(.rel.rodata)
 *(.rel.rodata.*)

.rela.rodata
 *(.rela.rodata)
 *(.rela.rodata.*)

/DISCARD/
 *(.ARM.attributes)
 *(.ARM.attributes.*)
 *(.ARM.exidx)
 *(.ARM.exidx.*)
 *(.ARM.extidx)
 *(.ARM.extidx.*)
 *(.ARM.extab)
 *(.ARM.extab.*)
 *(.comment)
 *(.comment.*)
 *(.llvmbc)
 *(.llvmcmd)
 *(.eh_frame)
 *stdexcept.o()
 *eh_*.o()
 *cow-stdexcept.o()
 *cow-string-inst.o()

.text           0x0000000000000000     0x80d0
 *(.text)
 *(.stub)
 *(.text*)
 .text._ZN15SerialTransport9availableEv
                0x0000000000000000       0x12 /home/daniele/.cache/arduino/sketches/C041A7419B2695C467666D025259E71F/sketch/FutureTimeoutCancel.ino.cpp.o
                0x0000000000000000                SerialTransport::available()
 .text._ZN15SerialTransport5writeEPKhj
                0x0000000000000012       0x10 /home/daniele/.cache/arduino/sketches/C041A7419B2695C467666D025259E71F/sketch/FutureTimeoutCancel.ino.cpp.o
                0x0000000000000012                SerialTransport::write(unsigned char const*, unsigned int)
 .text._ZN15SerialTransportD2Ev
                0x0000000000000022        0x2 /home/daniele/.cache/arduino/sketches/C041A7419B2695C467666D025259E71F/sketch/FutureTimeoutCancel.ino.cpp.o
                0x0000000000000022                SerialTransport::~SerialTransport()
                0x0000000000000022                SerialTransport::~SerialTransport()
 .text.k_yield  0x0000000000000024        0x8 /home/daniele/.cache/arduino/sketches/C041A7419B2695C467666D025259E71F/sketch/FutureTimeoutCancel.ino.cpp.o
 .text.k_mutex_lock
                0x000000000000002c        0x8 /home/daniele/.cache/arduino/sketches/C041A7419B2695C467666D025259E71F/sketch/FutureTimeoutCancel.ino.cpp.o
 .text.__tcf_0  0x0000000000000034       0x10 /home/daniele/.cache/arduino/sketches/C041A7419B2695C467666D025259E71F/sketch/FutureTimeoutCancel.ino.cpp.o
 .text._ZN15SerialTransport4readEPhj
                0x0000000000000044       0x28 /home/daniele/.cache/arduino/sketches/C041A7419B2695C467666D025259E71F/sketch/FutureTimeoutCancel.ino.cpp.o
                0x0000000000000044                SerialTransport::read(unsigned char*, unsigned int)
 .text._ZN15SerialTransport9read_byteERh
                0x000000000000006c       0x20 /home/daniele/.cache/arduino/sketches/C041A7419B2695C467666D025259E71F/sketch/FutureTimeoutCancel.ino.cpp.o
                0x000000000000006c                SerialTransport::read_byte(unsigned char&)
 .text._ZNSt3any17_Manager_internalIiE9_S_manageENS_3_OpEPKS_PNS_4_ArgE
                0x000000000000008c       0x50 /home/daniele/.cache/arduino/sketches/C041A7419B2695C467666D025259E71F/sketch/FutureTimeoutCancel.ino.cpp.o
                0x000000000000008c                std::any::_Manager_internal<int>::_S_manage(std::any::_Op, std::any const*, std::any::_Arg*)
 .text._ZN15SerialTransportD0Ev
                0x00000000000000dc       0x14 /home/daniele/.cache/arduino/sketches/C041A7419B2695C467666D025259E71F/sketch/FutureTimeoutCancel.ino.cpp.o
                0x00000000000000dc                SerialTransport::~SerialTransport()
 .text._Z6onDonev
                0x00000000000000f0       0x14 /home/daniele/.cache/arduino/sketches/C041A7419B2695C467666D025259E71F/sketch/FutureTimeoutCancel.ino.cpp.o
                0x00000000000000f0                onDone()
 .text._Z16cancelRequestNowv
                0x0000000000000104       0x50 /home/daniele/.cache/arduino/sketches/C041A7419B2695C467666D025259E71F/sketch/FutureTimeoutCancel.ino.cpp.o
                0x0000000000000104                cancelRequestNow()
 .text._Z14onSuccessValueRKi
                0x0000000000000154       0x2c /home/daniele/.cache/arduino/sketches/C041A7419B2695C467666D025259E71F/sketch/FutureTimeoutCancel.ino.cpp.o
                0x0000000000000154                onSuccessValue(int const&)
 .text._Z14onTimeoutValueRKi
                0x0000000000000180       0x2c /home/daniele/.cache/arduino/sketches/C041A7419B2695C467666D025259E71F/sketch/FutureTimeoutCancel.ino.cpp.o
                0x0000000000000180                onTimeoutValue(int const&)
 .text._Z13onCancelValueRKi
                0x00000000000001ac       0x2c /home/daniele/.cache/arduino/sketches/C041A7419B2695C467666D025259E71F/sketch/FutureTimeoutCancel.ino.cpp.o
                0x00000000000001ac                onCancelValue(int const&)
 .text._Z13onFutureErrorRKN14arduino_events5ErrorE
                0x00000000000001d8       0x44 /home/daniele/.cache/arduino/sketches/C041A7419B2695C467666D025259E71F/sketch/FutureTimeoutCancel.ino.cpp.o
                0x00000000000001d8                onFutureError(arduino_events::Error const&)
 .text._ZNSt17_Function_handlerIFvvEZN14arduino_events7Runtime14createDeferredIiEENS1_6FutureIT_EESt8functionIFvNS1_8DeferredIS5_EEEEEUlvE_E9_M_invokeERKSt9_Any_data
                0x000000000000021c       0x20 /home/daniele/.cache/arduino/sketches/C041A7419B2695C467666D025259E71F/sketch/FutureTimeoutCancel.ino.cpp.o
                0x000000000000021c                std::_Function_handler<void (), arduino_events::Runtime::createDeferred<int>(std::function<void (arduino_events::Deferred<int>)>)::{lambda()#1}>::_M_invoke(std::_Any_data const&)
 .text._ZNSt17_Function_handlerIFvRKSt3anyEZN14arduino_events6FutureIiE4thenESt8functionIFvRKiEEEUlS2_E_E9_M_invokeERKSt9_Any_dataS2_
                0x000000000000023c       0x30 /home/daniele/.cache/arduino/sketches/C041A7419B2695C467666D025259E71F/sketch/FutureTimeoutCancel.ino.cpp.o
                0x000000000000023c                std::_Function_handler<void (std::any const&), arduino_events::Future<int>::then(std::function<void (int const&)>)::{lambda(std::any const&)#1}>::_M_invoke(std::_Any_data const&, std::any const&)
 .text._ZSt14__relocate_a_1IhhENSt9enable_ifIXsrSt24__is_bitwise_relocatableIT_vE5valueEPS2_E4typeES4_S4_S4_RSaIT0_E.isra.0
                0x000000000000026c       0x20 /home/daniele/.cache/arduino/sketches/C041A7419B2695C467666D025259E71F/sketch/FutureTimeoutCancel.ino.cpp.o
 .text._ZNSt17_Function_handlerIFvRKN14arduino_events5ErrorEEPS4_E10_M_managerERSt9_Any_dataRKS7_St18_Manager_operation
                0x000000000000028c       0x30 /home/daniele/.cache/arduino/sketches/C041A7419B2695C467666D025259E71F/sketch/FutureTimeoutCancel.ino.cpp.o
                0x000000000000028c                std::_Function_handler<void (arduino_events::Error const&), void (*)(arduino_events::Error const&)>::_M_manager(std::_Any_data&, std::_Any_data const&, std::_Manager_operation)
 .text._ZNSt17_Function_handlerIFvRKN14arduino_events5ErrorEEPS4_E9_M_invokeERKSt9_Any_dataS3_
                0x00000000000002bc        0x6 /home/daniele/.cache/arduino/sketches/C041A7419B2695C467666D025259E71F/sketch/FutureTimeoutCancel.ino.cpp.o
                0x00000000000002bc                std::_Function_handler<void (arduino_events::Error const&), void (*)(arduino_events::Error const&)>::_M_invoke(std::_Any_data const&, arduino_events::Error const&)
 *fill*         0x00000000000002c2        0x2 
 .text._ZNSt17_Function_handlerIFvRKiEPS2_E10_M_managerERSt9_Any_dataRKS5_St18_Manager_operation
                0x00000000000002c4       0x30 /home/daniele/.cache/arduino/sketches/C041A7419B2695C467666D025259E71F/sketch/FutureTimeoutCancel.ino.cpp.o
                0x00000000000002c4                std::_Function_handler<void (int const&), void (*)(int const&)>::_M_manager(std::_Any_data&, std::_Any_data const&, std::_Manager_operation)
 .text._ZNSt17_Function_handlerIFvRKiEPS2_E9_M_invokeERKSt9_Any_dataS1_
                0x00000000000002f4        0x6 /home/daniele/.cache/arduino/sketches/C041A7419B2695C467666D025259E71F/sketch/FutureTimeoutCancel.ino.cpp.o
                0x00000000000002f4                std::_Function_handler<void (int const&), void (*)(int const&)>::_M_invoke(std::_Any_data const&, int const&)
 *fill*         0x00000000000002fa        0x2 
 .text._ZNSt17_Function_handlerIFvN14arduino_events8DeferredIiEEEPS3_E10_M_managerERSt9_Any_dataRKS6_St18_Manager_operation
                0x00000000000002fc       0x30 /home/daniele/.cache/arduino/sketches/C041A7419B2695C467666D025259E71F/sketch/FutureTimeoutCancel.ino.cpp.o
                0x00000000000002fc                std::_Function_handler<void (arduino_events::Deferred<int>), void (*)(arduino_events::Deferred<int>)>::_M_manager(std::_Any_data&, std::_Any_data const&, std::_Manager_operation)
 .text._ZNSt17_Function_handlerIFvN14arduino_events8DeferredIiEEEPS3_E9_M_invokeERKSt9_Any_dataOS2_
                0x000000000000032c        0x6 /home/daniele/.cache/arduino/sketches/C041A7419B2695C467666D025259E71F/sketch/FutureTimeoutCancel.ino.cpp.o
                0x000000000000032c                std::_Function_handler<void (arduino_events::Deferred<int>), void (*)(arduino_events::Deferred<int>)>::_M_invoke(std::_Any_data const&, arduino_events::Deferred<int>&&)
 *fill*         0x0000000000000332        0x2 
 .text._ZNSt17_Function_handlerIFvvEPS0_E10_M_managerERSt9_Any_dataRKS3_St18_Manager_operation
                0x0000000000000334       0x30 /home/daniele/.cache/arduino/sketches/C041A7419B2695C467666D025259E71F/sketch/FutureTimeoutCancel.ino.cpp.o
                0x0000000000000334                std::_Function_handler<void (), void (*)()>::_M_manager(std::_Any_data&, std::_Any_data const&, std::_Manager_operation)
 .text._ZNSt17_Function_handlerIFvvEPS0_E9_M_invokeERKSt9_Any_data
                0x0000000000000364        0x4 /home/daniele/.cache/arduino/sketches/C041A7419B2695C467666D025259E71F/sketch/FutureTimeoutCancel.ino.cpp.o
                0x0000000000000364                std::_Function_handler<void (), void (*)()>::_M_invoke(std::_Any_data const&)
 .text._ZNSt12_Vector_baseIhSaIhEE11_M_allocateEj.isra.0
                0x0000000000000368       0x20 /home/daniele/.cache/arduino/sketches/C041A7419B2695C467666D025259E71F/sketch/FutureTimeoutCancel.ino.cpp.o
 .text._ZN14arduino_events8DeferredIiE7resolveEi.isra.0
                0x0000000000000388       0x4c /home/daniele/.cache/arduino/sketches/C041A7419B2695C467666D025259E71F/sketch/FutureTimeoutCancel.ino.cpp.o
 .text.k_mutex_unlock.isra.0
                0x00000000000003d4        0x8 /home/daniele/.cache/arduino/sketches/C041A7419B2695C467666D025259E71F/sketch/FutureTimeoutCancel.ino.cpp.o
 .text.k_mutex_init.isra.0
                0x00000000000003dc        0x8 /home/daniele/.cache/arduino/sketches/C041A7419B2695C467666D025259E71F/sketch/FutureTimeoutCancel.ino.cpp.o
 .text.k_msleep.constprop.0.isra.0
                0x00000000000003e4        0xc /home/daniele/.cache/arduino/sketches/C041A7419B2695C467666D025259E71F/sketch/FutureTimeoutCancel.ino.cpp.o
 .text._ZNSt14_Function_baseD2Ev
                0x00000000000003f0       0x12 /home/daniele/.cache/arduino/sketches/C041A7419B2695C467666D025259E71F/sketch/FutureTimeoutCancel.ino.cpp.o
                0x00000000000003f0                std::_Function_base::~_Function_base()
                0x00000000000003f0                std::_Function_base::~_Function_base()
 .text._ZN7arduino7msgpack8Unpacker11deserializeEv
                0x0000000000000402       0x16 /home/daniele/.cache/arduino/sketches/C041A7419B2695C467666D025259E71F/sketch/FutureTimeoutCancel.ino.cpp.o
                0x0000000000000402                arduino::msgpack::Unpacker::deserialize()
 .text._ZN7arduino7msgpack8Unpacker5clearEv
                0x0000000000000418       0x14 /home/daniele/.cache/arduino/sketches/C041A7419B2695C467666D025259E71F/sketch/FutureTimeoutCancel.ino.cpp.o
                0x0000000000000418                arduino::msgpack::Unpacker::clear()
 .text._ZNK7arduino7msgpack8Unpacker13getRawBytePtrEjj
                0x000000000000042c       0x1e /home/daniele/.cache/arduino/sketches/C041A7419B2695C467666D025259E71F/sketch/FutureTimeoutCancel.ino.cpp.o
                0x000000000000042c                arduino::msgpack::Unpacker::getRawBytePtr(unsigned int, unsigned int) const
 *fill*         0x000000000000044a        0x2 
 .text._ZN8RpcErrorC2Ev
                0x000000000000044c       0x2c /home/daniele/.cache/arduino/sketches/C041A7419B2695C467666D025259E71F/sketch/FutureTimeoutCancel.ino.cpp.o
                0x000000000000044c                RpcError::RpcError()
                0x000000000000044c                RpcError::RpcError()
 .text._ZN7arduino7msgpack8UnpackerC2Ev
                0x0000000000000478       0x10 /home/daniele/.cache/arduino/sketches/C041A7419B2695C467666D025259E71F/sketch/FutureTimeoutCancel.ino.cpp.o
                0x0000000000000478                arduino::msgpack::Unpacker::Unpacker()
                0x0000000000000478                arduino::msgpack::Unpacker::Unpacker()
 .text._ZN10RPCRequestILj256EEC2Ev
                0x0000000000000488       0x4c /home/daniele/.cache/arduino/sketches/C041A7419B2695C467666D025259E71F/sketch/FutureTimeoutCancel.ino.cpp.o
                0x0000000000000488                RPCRequest<256u>::RPCRequest()
                0x0000000000000488                RPCRequest<256u>::RPCRequest()
 .text._ZN11BridgeClass10is_startedEv
                0x00000000000004d4       0x2c /home/daniele/.cache/arduino/sketches/C041A7419B2695C467666D025259E71F/sketch/FutureTimeoutCancel.ino.cpp.o
                0x00000000000004d4                BridgeClass::is_started()
 .text.loop     0x0000000000000500       0x18 /home/daniele/.cache/arduino/sketches/C041A7419B2695C467666D025259E71F/sketch/FutureTimeoutCancel.ino.cpp.o
                0x0000000000000500                loop
 .text._ZNSt12_Vector_baseIhSaIhEED2Ev
                0x0000000000000518       0x18 /home/daniele/.cache/arduino/sketches/C041A7419B2695C467666D025259E71F/sketch/FutureTimeoutCancel.ino.cpp.o
                0x0000000000000518                std::_Vector_base<unsigned char, std::allocator<unsigned char> >::~_Vector_base()
                0x0000000000000518                std::_Vector_base<unsigned char, std::allocator<unsigned char> >::~_Vector_base()
 .text.__tcf_2  0x0000000000000530       0x14 /home/daniele/.cache/arduino/sketches/C041A7419B2695C467666D025259E71F/sketch/FutureTimeoutCancel.ino.cpp.o
 .text.__tcf_1  0x0000000000000544       0x14 /home/daniele/.cache/arduino/sketches/C041A7419B2695C467666D025259E71F/sketch/FutureTimeoutCancel.ino.cpp.o
 .text._ZNSt6vectorIhSaIhEE14_M_move_assignEOS1_St17integral_constantIbLb1EE.isra.0
                0x0000000000000558       0x34 /home/daniele/.cache/arduino/sketches/C041A7419B2695C467666D025259E71F/sketch/FutureTimeoutCancel.ino.cpp.o
 .text._ZNK7arduino7msgpack8Unpacker11getRawBytesIhEET_jj
                0x000000000000058c       0x1e /home/daniele/.cache/arduino/sketches/C041A7419B2695C467666D025259E71F/sketch/FutureTimeoutCancel.ino.cpp.o
                0x000000000000058c                unsigned char arduino::msgpack::Unpacker::getRawBytes<unsigned char>(unsigned int, unsigned int) const
 *fill*         0x00000000000005aa        0x2 
 .text._ZNK7arduino7msgpack8Unpacker7getTypeEj
                0x00000000000005ac       0x58 /home/daniele/.cache/arduino/sketches/C041A7419B2695C467666D025259E71F/sketch/FutureTimeoutCancel.ino.cpp.o
                0x00000000000005ac                arduino::msgpack::Unpacker::getType(unsigned int) const
 .text._ZNK7arduino7msgpack8Unpacker7getTypeEv
                0x0000000000000604       0x10 /home/daniele/.cache/arduino/sketches/C041A7419B2695C467666D025259E71F/sketch/FutureTimeoutCancel.ino.cpp.o
                0x0000000000000604                arduino::msgpack::Unpacker::getType() const
 .text._ZNK7arduino7msgpack8Unpacker7isArrayEv
                0x0000000000000614       0x20 /home/daniele/.cache/arduino/sketches/C041A7419B2695C467666D025259E71F/sketch/FutureTimeoutCancel.ino.cpp.o
                0x0000000000000614                arduino::msgpack::Unpacker::isArray() const
 .text._ZN7arduino7msgpack8Unpacker11unpackInt32Ev
                0x0000000000000634       0x58 /home/daniele/.cache/arduino/sketches/C041A7419B2695C467666D025259E71F/sketch/FutureTimeoutCancel.ino.cpp.o
                0x0000000000000634                arduino::msgpack::Unpacker::unpackInt32()
 .text._ZN7arduino7msgpack8Unpacker11unpackInt64Ev
                0x000000000000068c       0x60 /home/daniele/.cache/arduino/sketches/C041A7419B2695C467666D025259E71F/sketch/FutureTimeoutCancel.ino.cpp.o
                0x000000000000068c                arduino::msgpack::Unpacker::unpackInt64()
 .text._ZN7arduino7msgpack8Unpacker9unpackNilEv
                0x00000000000006ec       0x3c /home/daniele/.cache/arduino/sketches/C041A7419B2695C467666D025259E71F/sketch/FutureTimeoutCancel.ino.cpp.o
                0x00000000000006ec                arduino::msgpack::Unpacker::unpackNil()
 .text._ZNK7arduino7msgpack8Unpacker5isMapEv
                0x0000000000000728       0x20 /home/daniele/.cache/arduino/sketches/C041A7419B2695C467666D025259E71F/sketch/FutureTimeoutCancel.ino.cpp.o
                0x0000000000000728                arduino::msgpack::Unpacker::isMap() const
 .text._ZNK7arduino7msgpack8Unpacker5isIntEv
                0x0000000000000748       0x20 /home/daniele/.cache/arduino/sketches/C041A7419B2695C467666D025259E71F/sketch/FutureTimeoutCancel.ino.cpp.o
                0x0000000000000748                arduino::msgpack::Unpacker::isInt() const
 .text._ZNK7arduino7msgpack8Unpacker6isUIntEv
                0x0000000000000768       0x20 /home/daniele/.cache/arduino/sketches/C041A7419B2695C467666D025259E71F/sketch/FutureTimeoutCancel.ino.cpp.o
                0x0000000000000768                arduino::msgpack::Unpacker::isUInt() const
 .text._ZN7arduino7msgpack8Unpacker11unpackInt16Ev
                0x0000000000000788       0x4c /home/daniele/.cache/arduino/sketches/C041A7419B2695C467666D025259E71F/sketch/FutureTimeoutCancel.ino.cpp.o
                0x0000000000000788                arduino::msgpack::Unpacker::unpackInt16()
 .text._ZN7arduino7msgpack8Unpacker13unpackFloat32Ev
                0x00000000000007d4       0x60 /home/daniele/.cache/arduino/sketches/C041A7419B2695C467666D025259E71F/sketch/FutureTimeoutCancel.ino.cpp.o
                0x00000000000007d4                arduino::msgpack::Unpacker::unpackFloat32()
 *fill*         0x0000000000000834        0x4 
 .text._ZN7arduino7msgpack8Unpacker13unpackFloat64Ev
                0x0000000000000838       0x6c /home/daniele/.cache/arduino/sketches/C041A7419B2695C467666D025259E71F/sketch/FutureTimeoutCancel.ino.cpp.o
                0x0000000000000838                arduino::msgpack::Unpacker::unpackFloat64()
 .text._ZN7arduino7msgpack8Unpacker10unpackInt5Ev
                0x00000000000008a4       0x4c /home/daniele/.cache/arduino/sketches/C041A7419B2695C467666D025259E71F/sketch/FutureTimeoutCancel.ino.cpp.o
                0x00000000000008a4                arduino::msgpack::Unpacker::unpackInt5()
 .text._ZN7arduino7msgpack8Unpacker11unpackUInt7Ev
                0x00000000000008f0       0x48 /home/daniele/.cache/arduino/sketches/C041A7419B2695C467666D025259E71F/sketch/FutureTimeoutCancel.ino.cpp.o
                0x00000000000008f0                arduino::msgpack::Unpacker::unpackUInt7()
 .text._ZN7arduino7msgpack8Unpacker11unpackUInt8Ev
                0x0000000000000938       0x48 /home/daniele/.cache/arduino/sketches/C041A7419B2695C467666D025259E71F/sketch/FutureTimeoutCancel.ino.cpp.o
                0x0000000000000938                arduino::msgpack::Unpacker::unpackUInt8()
 .text._ZNK7arduino7msgpack8Unpacker11getRawBytesItEET_jj
                0x0000000000000980       0x26 /home/daniele/.cache/arduino/sketches/C041A7419B2695C467666D025259E71F/sketch/FutureTimeoutCancel.ino.cpp.o
                0x0000000000000980                unsigned short arduino::msgpack::Unpacker::getRawBytes<unsigned short>(unsigned int, unsigned int) const
 *fill*         0x00000000000009a6        0x2 
 .text._ZN7arduino7msgpack8Unpacker12unpackUInt16Ev
                0x00000000000009a8       0x48 /home/daniele/.cache/arduino/sketches/C041A7419B2695C467666D025259E71F/sketch/FutureTimeoutCancel.ino.cpp.o
                0x00000000000009a8                arduino::msgpack::Unpacker::unpackUInt16()
 .text._ZNK7arduino7msgpack8Unpacker11getRawBytesIjEET_jj
                0x00000000000009f0       0x34 /home/daniele/.cache/arduino/sketches/C041A7419B2695C467666D025259E71F/sketch/FutureTimeoutCancel.ino.cpp.o
                0x00000000000009f0                unsigned int arduino::msgpack::Unpacker::getRawBytes<unsigned int>(unsigned int, unsigned int) const
 .text._ZNK7arduino7msgpack8Unpacker14getElementSizeEj
                0x0000000000000a24      0x11c /home/daniele/.cache/arduino/sketches/C041A7419B2695C467666D025259E71F/sketch/FutureTimeoutCancel.ino.cpp.o
                0x0000000000000a24                arduino::msgpack::Unpacker::getElementSize(unsigned int) const
 .text._ZN7arduino7msgpack8Unpacker15unpackArraySizeEv
                0x0000000000000b40       0x78 /home/daniele/.cache/arduino/sketches/C041A7419B2695C467666D025259E71F/sketch/FutureTimeoutCancel.ino.cpp.o
                0x0000000000000b40                arduino::msgpack::Unpacker::unpackArraySize()
 .text._ZN7arduino7msgpack8Unpacker11deserializeINS0_4type9ArraySizeEJEEEbRT_DpOT0_.isra.0
                0x0000000000000bb8       0x40 /home/daniele/.cache/arduino/sketches/C041A7419B2695C467666D025259E71F/sketch/FutureTimeoutCancel.ino.cpp.o
 .text._ZN7arduino7msgpack8Unpacker12unpackUInt32Ev
                0x0000000000000bf8       0x48 /home/daniele/.cache/arduino/sketches/C041A7419B2695C467666D025259E71F/sketch/FutureTimeoutCancel.ino.cpp.o
                0x0000000000000bf8                arduino::msgpack::Unpacker::unpackUInt32()
 .text._ZN7arduino7msgpack8Unpacker13unpackMapSizeEv
                0x0000000000000c40       0x78 /home/daniele/.cache/arduino/sketches/C041A7419B2695C467666D025259E71F/sketch/FutureTimeoutCancel.ino.cpp.o
                0x0000000000000c40                arduino::msgpack::Unpacker::unpackMapSize()
 .text._ZNK7arduino7msgpack8Unpacker11getRawBytesIyEET_jj
                0x0000000000000cb8       0x3a /home/daniele/.cache/arduino/sketches/C041A7419B2695C467666D025259E71F/sketch/FutureTimeoutCancel.ino.cpp.o
                0x0000000000000cb8                unsigned long long arduino::msgpack::Unpacker::getRawBytes<unsigned long long>(unsigned int, unsigned int) const
 *fill*         0x0000000000000cf2        0x2 
 .text._ZN7arduino7msgpack8Unpacker12unpackUInt64Ev
                0x0000000000000cf4       0x4c /home/daniele/.cache/arduino/sketches/C041A7419B2695C467666D025259E71F/sketch/FutureTimeoutCancel.ino.cpp.o
                0x0000000000000cf4                arduino::msgpack::Unpacker::unpackUInt64()
 .text._ZNK7arduino7msgpack8Unpacker11getRawBytesIaEET_jj
                0x0000000000000d40       0x1e /home/daniele/.cache/arduino/sketches/C041A7419B2695C467666D025259E71F/sketch/FutureTimeoutCancel.ino.cpp.o
                0x0000000000000d40                signed char arduino::msgpack::Unpacker::getRawBytes<signed char>(unsigned int, unsigned int) const
 *fill*         0x0000000000000d5e        0x2 
 .text._ZN7arduino7msgpack8Unpacker10unpackInt8Ev
                0x0000000000000d60       0x48 /home/daniele/.cache/arduino/sketches/C041A7419B2695C467666D025259E71F/sketch/FutureTimeoutCancel.ino.cpp.o
                0x0000000000000d60                arduino::msgpack::Unpacker::unpackInt8()
 .text._ZNK7arduino7msgpack8Unpacker13isTimestamp32Ev
                0x0000000000000da8       0x2c /home/daniele/.cache/arduino/sketches/C041A7419B2695C467666D025259E71F/sketch/FutureTimeoutCancel.ino.cpp.o
                0x0000000000000da8                arduino::msgpack::Unpacker::isTimestamp32() const
 .text._ZNK7arduino7msgpack8Unpacker13isTimestamp64Ev
                0x0000000000000dd4       0x2c /home/daniele/.cache/arduino/sketches/C041A7419B2695C467666D025259E71F/sketch/FutureTimeoutCancel.ino.cpp.o
                0x0000000000000dd4                arduino::msgpack::Unpacker::isTimestamp64() const
 .text._ZNK7arduino7msgpack8Unpacker13isTimestamp96Ev
                0x0000000000000e00       0x40 /home/daniele/.cache/arduino/sketches/C041A7419B2695C467666D025259E71F/sketch/FutureTimeoutCancel.ino.cpp.o
                0x0000000000000e00                arduino::msgpack::Unpacker::isTimestamp96() const
 .text._ZNK7arduino7msgpack8Unpacker11getRawBytesIcEET_jj
                0x0000000000000e40       0x1e /home/daniele/.cache/arduino/sketches/C041A7419B2695C467666D025259E71F/sketch/FutureTimeoutCancel.ino.cpp.o
                0x0000000000000e40                char arduino::msgpack::Unpacker::getRawBytes<char>(unsigned int, unsigned int) const
 *fill*         0x0000000000000e5e        0x2 
 .text._ZN7arduino7msgpack8Unpacker11deserializeINS0_6object5nil_tEJEEEbRT_DpOT0_
                0x0000000000000e60       0x40 /home/daniele/.cache/arduino/sketches/C041A7419B2695C467666D025259E71F/sketch/FutureTimeoutCancel.ino.cpp.o
                0x0000000000000e60                bool arduino::msgpack::Unpacker::deserialize<arduino::msgpack::object::nil_t>(arduino::msgpack::object::nil_t&)
 .text._ZN7arduino7msgpack8Unpacker11deserializeIbJEEEbRT_DpOT0_
                0x0000000000000ea0       0x68 /home/daniele/.cache/arduino/sketches/C041A7419B2695C467666D025259E71F/sketch/FutureTimeoutCancel.ino.cpp.o
                0x0000000000000ea0                bool arduino::msgpack::Unpacker::deserialize<bool>(bool&)
 .text._ZN7arduino7msgpack8Unpacker11deserializeINS_6StringEJEEEbRT_DpOT0_
                0x0000000000000f08      0x174 /home/daniele/.cache/arduino/sketches/C041A7419B2695C467666D025259E71F/sketch/FutureTimeoutCancel.ino.cpp.o
                0x0000000000000f08                bool arduino::msgpack::Unpacker::deserialize<arduino::String>(arduino::String&)
 .text._ZN7arduino7msgpack8Unpacker11deserializeINS0_6object8timespecEJEEEbRT_DpOT0_
                0x000000000000107c       0xc4 /home/daniele/.cache/arduino/sketches/C041A7419B2695C467666D025259E71F/sketch/FutureTimeoutCancel.ino.cpp.o
                0x000000000000107c                bool arduino::msgpack::Unpacker::deserialize<arduino::msgpack::object::timespec>(arduino::msgpack::object::timespec&)
 .text._ZN17RpcDecoderManagerILj3EE10getDecoderER10ITransport
                0x0000000000001140       0x7c /home/daniele/.cache/arduino/sketches/C041A7419B2695C467666D025259E71F/sketch/FutureTimeoutCancel.ino.cpp.o
                0x0000000000001140                RpcDecoderManager<3u>::getDecoder(ITransport&)
 .text._ZNSt12_Vector_baseIjSaIjEED2Ev
                0x00000000000011bc       0x18 /home/daniele/.cache/arduino/sketches/C041A7419B2695C467666D025259E71F/sketch/FutureTimeoutCancel.ino.cpp.o
                0x00000000000011bc                std::_Vector_base<unsigned int, std::allocator<unsigned int> >::~_Vector_base()
                0x00000000000011bc                std::_Vector_base<unsigned int, std::allocator<unsigned int> >::~_Vector_base()
 .text._ZN10RPCRequestILj256EED2Ev
                0x00000000000011d4       0x2c /home/daniele/.cache/arduino/sketches/C041A7419B2695C467666D025259E71F/sketch/FutureTimeoutCancel.ino.cpp.o
                0x00000000000011d4                RPCRequest<256u>::~RPCRequest()
                0x00000000000011d4                RPCRequest<256u>::~RPCRequest()
 .text._ZNK14arduino_events8DeferredIiE11isCancelledEv
                0x0000000000001200       0x1c /home/daniele/.cache/arduino/sketches/C041A7419B2695C467666D025259E71F/sketch/FutureTimeoutCancel.ino.cpp.o
                0x0000000000001200                arduino_events::Deferred<int>::isCancelled() const
 .text._Z22completeSuccessRequestv
                0x000000000000121c       0x24 /home/daniele/.cache/arduino/sketches/C041A7419B2695C467666D025259E71F/sketch/FutureTimeoutCancel.ino.cpp.o
                0x000000000000121c                completeSuccessRequest()
 .text._Z19completeLateRequestv
                0x0000000000001240       0x24 /home/daniele/.cache/arduino/sketches/C041A7419B2695C467666D025259E71F/sketch/FutureTimeoutCancel.ino.cpp.o
                0x0000000000001240                completeLateRequest()
 .text._Z26completeCancellableRequestv
                0x0000000000001264       0x24 /home/daniele/.cache/arduino/sketches/C041A7419B2695C467666D025259E71F/sketch/FutureTimeoutCancel.ino.cpp.o
                0x0000000000001264                completeCancellableRequest()
 .text._ZNSt14_Function_baseC2Ev
                0x0000000000001288        0xa /home/daniele/.cache/arduino/sketches/C041A7419B2695C467666D025259E71F/sketch/FutureTimeoutCancel.ino.cpp.o
                0x0000000000001288                std::_Function_base::_Function_base()
                0x0000000000001288                std::_Function_base::_Function_base()
 *fill*         0x0000000000001292        0x2 
 .text._ZN14arduino_events6FutureIiE7finallyESt8functionIFvvEE.isra.0
                0x0000000000001294       0x60 /home/daniele/.cache/arduino/sketches/C041A7419B2695C467666D025259E71F/sketch/FutureTimeoutCancel.ino.cpp.o
 .text._ZNSt17_Function_handlerIFvRKSt3anyEZN14arduino_events6FutureIiE4thenESt8functionIFvRKiEEEUlS2_E_E10_M_managerERSt9_Any_dataRKSE_St18_Manager_operation
                0x00000000000012f4       0x84 /home/daniele/.cache/arduino/sketches/C041A7419B2695C467666D025259E71F/sketch/FutureTimeoutCancel.ino.cpp.o
                0x00000000000012f4                std::_Function_handler<void (std::any const&), arduino_events::Future<int>::then(std::function<void (int const&)>)::{lambda(std::any const&)#1}>::_M_manager(std::_Any_data&, std::_Any_data const&, std::_Manager_operation)
 .text._ZNSt17_Function_handlerIFvvEZN14arduino_events7Runtime14createDeferredIiEENS1_6FutureIT_EESt8functionIFvNS1_8DeferredIS5_EEEEEUlvE_E10_M_managerERSt9_Any_dataRKSE_St18_Manager_operation
                0x0000000000001378       0x88 /home/daniele/.cache/arduino/sketches/C041A7419B2695C467666D025259E71F/sketch/FutureTimeoutCancel.ino.cpp.o
                0x0000000000001378                std::_Function_handler<void (), arduino_events::Runtime::createDeferred<int>(std::function<void (arduino_events::Deferred<int>)>)::{lambda()#1}>::_M_manager(std::_Any_data&, std::_Any_data const&, std::_Manager_operation)
 .text._ZNSt8functionIFvvEEC2IRS0_vEEOT_
                0x0000000000001400       0x3c /home/daniele/.cache/arduino/sketches/C041A7419B2695C467666D025259E71F/sketch/FutureTimeoutCancel.ino.cpp.o
                0x0000000000001400                std::function<void ()>::function<void (&)(), void>(void (&)())
                0x0000000000001400                std::function<void ()>::function<void (&)(), void>(void (&)())
 .text._Z12startSuccessN14arduino_events8DeferredIiEE
                0x000000000000143c       0x44 /home/daniele/.cache/arduino/sketches/C041A7419B2695C467666D025259E71F/sketch/FutureTimeoutCancel.ino.cpp.o
                0x000000000000143c                startSuccess(arduino_events::Deferred<int>)
 .text._Z12startTimeoutN14arduino_events8DeferredIiEE
                0x0000000000001480       0x44 /home/daniele/.cache/arduino/sketches/C041A7419B2695C467666D025259E71F/sketch/FutureTimeoutCancel.ino.cpp.o
                0x0000000000001480                startTimeout(arduino_events::Deferred<int>)
 .text._Z15startCancelableN14arduino_events8DeferredIiEE
                0x00000000000014c4       0x44 /home/daniele/.cache/arduino/sketches/C041A7419B2695C467666D025259E71F/sketch/FutureTimeoutCancel.ino.cpp.o
                0x00000000000014c4                startCancelable(arduino_events::Deferred<int>)
 .text._ZNSt8functionIFvN14arduino_events8DeferredIiEEEEC2IRS3_vEEOT_
                0x0000000000001508       0x3c /home/daniele/.cache/arduino/sketches/C041A7419B2695C467666D025259E71F/sketch/FutureTimeoutCancel.ino.cpp.o
                0x0000000000001508                std::function<void (arduino_events::Deferred<int>)>::function<void (&)(arduino_events::Deferred<int>), void>(void (&)(arduino_events::Deferred<int>))
                0x0000000000001508                std::function<void (arduino_events::Deferred<int>)>::function<void (&)(arduino_events::Deferred<int>), void>(void (&)(arduino_events::Deferred<int>))
 .text._ZNSt8functionIFvRKiEEC2IRS2_vEEOT_
                0x0000000000001544       0x3c /home/daniele/.cache/arduino/sketches/C041A7419B2695C467666D025259E71F/sketch/FutureTimeoutCancel.ino.cpp.o
                0x0000000000001544                std::function<void (int const&)>::function<void (&)(int const&), void>(void (&)(int const&))
                0x0000000000001544                std::function<void (int const&)>::function<void (&)(int const&), void>(void (&)(int const&))
 .text._ZNSt8functionIFvRKN14arduino_events5ErrorEEEC2IRS4_vEEOT_
                0x0000000000001580       0x3c /home/daniele/.cache/arduino/sketches/C041A7419B2695C467666D025259E71F/sketch/FutureTimeoutCancel.ino.cpp.o
                0x0000000000001580                std::function<void (arduino_events::Error const&)>::function<void (&)(arduino_events::Error const&), void>(void (&)(arduino_events::Error const&))
                0x0000000000001580                std::function<void (arduino_events::Error const&)>::function<void (&)(arduino_events::Error const&), void>(void (&)(arduino_events::Error const&))
 .text._ZN14arduino_events6FutureIiE10catchErrorESt8functionIFvRKNS_5ErrorEEE
                0x00000000000015bc       0x64 /home/daniele/.cache/arduino/sketches/C041A7419B2695C467666D025259E71F/sketch/FutureTimeoutCancel.ino.cpp.o
                0x00000000000015bc                arduino_events::Future<int>::catchError(std::function<void (arduino_events::Error const&)>)
 .text._ZNSt6vectorIjSaIjEE17_M_realloc_insertIJRjEEEvN9__gnu_cxx17__normal_iteratorIPjS1_EEDpOT_
                0x0000000000001620       0xdc /home/daniele/.cache/arduino/sketches/C041A7419B2695C467666D025259E71F/sketch/FutureTimeoutCancel.ino.cpp.o
                0x0000000000001620                void std::vector<unsigned int, std::allocator<unsigned int> >::_M_realloc_insert<unsigned int&>(__gnu_cxx::__normal_iterator<unsigned int*, std::vector<unsigned int, std::allocator<unsigned int> > >, unsigned int&)
 .text._ZN7arduino7msgpack8Unpacker4feedEPKhj
                0x00000000000016fc       0x78 /home/daniele/.cache/arduino/sketches/C041A7419B2695C467666D025259E71F/sketch/FutureTimeoutCancel.ino.cpp.o
                0x00000000000016fc                arduino::msgpack::Unpacker::feed(unsigned char const*, unsigned int)
 .text._ZN7RpcCallIJEE8setErrorEiN7arduino6StringE
                0x0000000000001774       0x40 /home/daniele/.cache/arduino/sketches/C041A7419B2695C467666D025259E71F/sketch/FutureTimeoutCancel.ino.cpp.o
                0x0000000000001774                RpcCall<>::setError(int, arduino::String)
 .text._ZN7RpcCallIJEEC2ERKN7arduino6StringEP9RPCClientP7k_mutexS8_
                0x00000000000017b4       0x7c /home/daniele/.cache/arduino/sketches/C041A7419B2695C467666D025259E71F/sketch/FutureTimeoutCancel.ino.cpp.o
                0x00000000000017b4                RpcCall<>::RpcCall(arduino::String const&, RPCClient*, k_mutex*, k_mutex*)
                0x00000000000017b4                RpcCall<>::RpcCall(arduino::String const&, RPCClient*, k_mutex*, k_mutex*)
 .text._ZN7RpcCallIJEE6resultIbEEbRT_.part.0
                0x0000000000001830       0x34 /home/daniele/.cache/arduino/sketches/C041A7419B2695C467666D025259E71F/sketch/FutureTimeoutCancel.ino.cpp.o
 .text._ZN7RpcCallIJEE7isErrorEv
                0x0000000000001864       0x34 /home/daniele/.cache/arduino/sketches/C041A7419B2695C467666D025259E71F/sketch/FutureTimeoutCancel.ino.cpp.o
                0x0000000000001864                RpcCall<>::isError()
 .text._ZNSt8functionIFvN14arduino_events8DeferredIiEEEEC2EOS4_
                0x0000000000001898       0x30 /home/daniele/.cache/arduino/sketches/C041A7419B2695C467666D025259E71F/sketch/FutureTimeoutCancel.ino.cpp.o
                0x0000000000001898                std::function<void (arduino_events::Deferred<int>)>::function(std::function<void (arduino_events::Deferred<int>)>&&)
                0x0000000000001898                std::function<void (arduino_events::Deferred<int>)>::function(std::function<void (arduino_events::Deferred<int>)>&&)
 .text._ZN14arduino_events7Runtime14createDeferredIiEENS_6FutureIT_EESt8functionIFvNS_8DeferredIS3_EEEE
                0x00000000000018c8       0xe4 /home/daniele/.cache/arduino/sketches/C041A7419B2695C467666D025259E71F/sketch/FutureTimeoutCancel.ino.cpp.o
                0x00000000000018c8                arduino_events::Future<int> arduino_events::Runtime::createDeferred<int>(std::function<void (arduino_events::Deferred<int>)>)
 .text._ZN14arduino_events7Runtime5deferIiEENS_6FutureIT_EESt8functionIFvNS_8DeferredIS3_EEEE
                0x00000000000019ac       0x2c /home/daniele/.cache/arduino/sketches/C041A7419B2695C467666D025259E71F/sketch/FutureTimeoutCancel.ino.cpp.o
                0x00000000000019ac                arduino_events::Future<int> arduino_events::Runtime::defer<int>(std::function<void (arduino_events::Deferred<int>)>)
 .text._ZNSt8functionIFvRKiEEC2EOS3_
                0x00000000000019d8       0x30 /home/daniele/.cache/arduino/sketches/C041A7419B2695C467666D025259E71F/sketch/FutureTimeoutCancel.ino.cpp.o
                0x00000000000019d8                std::function<void (int const&)>::function(std::function<void (int const&)>&&)
                0x00000000000019d8                std::function<void (int const&)>::function(std::function<void (int const&)>&&)
 .text._ZN14arduino_events6FutureIiE4thenESt8functionIFvRKiEE
                0x0000000000001a08       0x80 /home/daniele/.cache/arduino/sketches/C041A7419B2695C467666D025259E71F/sketch/FutureTimeoutCancel.ino.cpp.o
                0x0000000000001a08                arduino_events::Future<int>::then(std::function<void (int const&)>)
 .text._ZNKSt6vectorIhSaIhEE12_M_check_lenEjPKc
                0x0000000000001a88       0x38 /home/daniele/.cache/arduino/sketches/C041A7419B2695C467666D025259E71F/sketch/FutureTimeoutCancel.ino.cpp.o
                0x0000000000001a88                std::vector<unsigned char, std::allocator<unsigned char> >::_M_check_len(unsigned int, char const*) const
 .text._ZNSt6vectorIhSaIhEE12emplace_backIJhEEERhDpOT_.isra.0
                0x0000000000001ac0       0x90 /home/daniele/.cache/arduino/sketches/C041A7419B2695C467666D025259E71F/sketch/FutureTimeoutCancel.ino.cpp.o
 .text._ZN7arduino7msgpack6Packer11packRawByteERKNS0_4TypeE.isra.0
                0x0000000000001b50       0x18 /home/daniele/.cache/arduino/sketches/C041A7419B2695C467666D025259E71F/sketch/FutureTimeoutCancel.ino.cpp.o
 .text._ZNSt6vectorIhSaIhEE12emplace_backIJRKhEEERhDpOT_.isra.0
                0x0000000000001b68       0x90 /home/daniele/.cache/arduino/sketches/C041A7419B2695C467666D025259E71F/sketch/FutureTimeoutCancel.ino.cpp.o
 .text._ZN7arduino7msgpack6Packer9packUInt8Eh
                0x0000000000001bf8       0x2c /home/daniele/.cache/arduino/sketches/C041A7419B2695C467666D025259E71F/sketch/FutureTimeoutCancel.ino.cpp.o
                0x0000000000001bf8                arduino::msgpack::Packer::packUInt8(unsigned char)
 .text._ZNSt6vectorIhSaIhEE12emplace_backIJRhEEES3_DpOT_.isra.0
                0x0000000000001c24       0x90 /home/daniele/.cache/arduino/sketches/C041A7419B2695C467666D025259E71F/sketch/FutureTimeoutCancel.ino.cpp.o
 .text._ZN7arduino7msgpack6Packer15packRawReversedIjEEvRKT_
                0x0000000000001cb4       0x1c /home/daniele/.cache/arduino/sketches/C041A7419B2695C467666D025259E71F/sketch/FutureTimeoutCancel.ino.cpp.o
                0x0000000000001cb4                void arduino::msgpack::Packer::packRawReversed<unsigned int>(unsigned int const&)
 .text._ZN7arduino7msgpack6Packer10packUInt32Ej
                0x0000000000001cd0       0x28 /home/daniele/.cache/arduino/sketches/C041A7419B2695C467666D025259E71F/sketch/FutureTimeoutCancel.ino.cpp.o
                0x0000000000001cd0                arduino::msgpack::Packer::packUInt32(unsigned int)
 .text._ZN7arduino7msgpack6Packer15packRawReversedItEEvRKT_
                0x0000000000001cf8       0x1c /home/daniele/.cache/arduino/sketches/C041A7419B2695C467666D025259E71F/sketch/FutureTimeoutCancel.ino.cpp.o
                0x0000000000001cf8                void arduino::msgpack::Packer::packRawReversed<unsigned short>(unsigned short const&)
 .text._ZN7arduino7msgpack6Packer13packArraySizeEj
                0x0000000000001d14       0x58 /home/daniele/.cache/arduino/sketches/C041A7419B2695C467666D025259E71F/sketch/FutureTimeoutCancel.ino.cpp.o
                0x0000000000001d14                arduino::msgpack::Packer::packArraySize(unsigned int)
 .text._ZN7arduino7msgpack6Packer10packUInt16Et
                0x0000000000001d6c       0x2c /home/daniele/.cache/arduino/sketches/C041A7419B2695C467666D025259E71F/sketch/FutureTimeoutCancel.ino.cpp.o
                0x0000000000001d6c                arduino::msgpack::Packer::packUInt16(unsigned short)
 .text._ZN7arduino7msgpack6Packer11packIntegerIjEENSt9enable_ifIXaaaaaasrSt13is_arithmeticIT_E5valuesrSt11is_integralIS5_E5valuentsrSt7is_sameIS5_bE5valuentsrS9_INSt9remove_cvIS5_E4typeEPcE5valueEvE4typeERKS5_.isra.0
                0x0000000000001d98       0x50 /home/daniele/.cache/arduino/sketches/C041A7419B2695C467666D025259E71F/sketch/FutureTimeoutCancel.ino.cpp.o
 .text._ZN7arduino7msgpack6Packer11packIntegerIiEENSt9enable_ifIXaaaaaasrSt13is_arithmeticIT_E5valuesrSt11is_integralIS5_E5valuentsrSt7is_sameIS5_bE5valuentsrS9_INSt9remove_cvIS5_E4typeEPcE5valueEvE4typeERKS5_.isra.0
                0x0000000000001de8       0xb8 /home/daniele/.cache/arduino/sketches/C041A7419B2695C467666D025259E71F/sketch/FutureTimeoutCancel.ino.cpp.o
 .text._ZN7arduino7msgpack6Packer12packRawBytesEPKcj
                0x0000000000001ea0       0x9c /home/daniele/.cache/arduino/sketches/C041A7419B2695C467666D025259E71F/sketch/FutureTimeoutCancel.ino.cpp.o
                0x0000000000001ea0                arduino::msgpack::Packer::packRawBytes(char const*, unsigned int)
 .text._ZN7arduino7msgpack6Packer4packERKNS_6StringE
                0x0000000000001f3c       0x7c /home/daniele/.cache/arduino/sketches/C041A7419B2695C467666D025259E71F/sketch/FutureTimeoutCancel.ino.cpp.o
                0x0000000000001f3c                arduino::msgpack::Packer::pack(arduino::String const&)
 .text._ZN7arduino7msgpack8Unpacker9unpackIntIiEENSt9enable_ifIXaaaaaaaasrSt13is_arithmeticIT_E5valuesrSt11is_integralIS5_E5valuentsrSt7is_sameIS5_bE5valuentsrS9_INSt9remove_cvIS5_E4typeEPcE5valuesrSt9is_signedIS5_E5valueES5_E4typeEv
                0x0000000000001fb8       0xd0 /home/daniele/.cache/arduino/sketches/C041A7419B2695C467666D025259E71F/sketch/FutureTimeoutCancel.ino.cpp.o
                0x0000000000001fb8                std::enable_if<(((std::is_arithmetic<int>::value&&std::is_integral<int>::value)&&(!std::is_same<int, bool>::value))&&(!std::is_same<std::remove_cv<int>::type, char*>::value))&&std::is_signed<int>::value, int>::type arduino::msgpack::Unpacker::unpackInt<int>()
 .text._ZN7arduino7msgpack8Unpacker11deserializeIiJEEEbRT_DpOT0_
                0x0000000000002088       0x40 /home/daniele/.cache/arduino/sketches/C041A7419B2695C467666D025259E71F/sketch/FutureTimeoutCancel.ino.cpp.o
                0x0000000000002088                bool arduino::msgpack::Unpacker::deserialize<int>(int&)
 .text._ZN7arduino7msgpack8Unpacker11unpackFloatIfEENSt9enable_ifIXaasrSt13is_arithmeticIT_E5valuesrSt17is_floating_pointIS5_E5valueES5_E4typeEv
                0x00000000000020c8      0x118 /home/daniele/.cache/arduino/sketches/C041A7419B2695C467666D025259E71F/sketch/FutureTimeoutCancel.ino.cpp.o
                0x00000000000020c8                std::enable_if<std::is_arithmetic<float>::value&&std::is_floating_point<float>::value, float>::type arduino::msgpack::Unpacker::unpackFloat<float>()
 .text._ZN7arduino7msgpack8Unpacker11unpackFloatIdEENSt9enable_ifIXaasrSt13is_arithmeticIT_E5valuesrSt17is_floating_pointIS5_E5valueES5_E4typeEv
                0x00000000000021e0      0x118 /home/daniele/.cache/arduino/sketches/C041A7419B2695C467666D025259E71F/sketch/FutureTimeoutCancel.ino.cpp.o
                0x00000000000021e0                std::enable_if<std::is_arithmetic<double>::value&&std::is_floating_point<double>::value, double>::type arduino::msgpack::Unpacker::unpackFloat<double>()
 .text._ZN7arduino7msgpack8Unpacker12unpackBinaryIhEENSt9enable_ifIXoosrSt7is_sameIT_cE5valuesrS4_IS5_hE5valueESt6vectorINS3_IXoosrS7_5valuesrS6_5valueES5_E4typeESaIS5_EEE4typeEv
                0x00000000000022f8      0x114 /home/daniele/.cache/arduino/sketches/C041A7419B2695C467666D025259E71F/sketch/FutureTimeoutCancel.ino.cpp.o
                0x00000000000022f8                std::enable_if<std::is_same<unsigned char, char>::value||std::is_same<unsigned char, unsigned char>::value, std::vector<std::enable_if<std::is_same<unsigned char, unsigned char>::value||std::is_same<unsigned char, char>::value, unsigned char>::type, std::allocator<unsigned char> > >::type arduino::msgpack::Unpacker::unpackBinary<unsigned char>()
 .text._ZN7arduino7msgpack8Unpacker11deserializeINS0_4type9ArraySizeEJRiEEEbRT_DpOT0_
                0x000000000000240c       0x44 /home/daniele/.cache/arduino/sketches/C041A7419B2695C467666D025259E71F/sketch/FutureTimeoutCancel.ino.cpp.o
                0x000000000000240c                bool arduino::msgpack::Unpacker::deserialize<arduino::msgpack::type::ArraySize, int&>(arduino::msgpack::type::ArraySize&, int&)
 .text._ZNK10RpcDecoderILj1024EE4sendEPKhj
                0x0000000000002450       0x22 /home/daniele/.cache/arduino/sketches/C041A7419B2695C467666D025259E71F/sketch/FutureTimeoutCancel.ino.cpp.o
                0x0000000000002450                RpcDecoder<1024u>::send(unsigned char const*, unsigned int) const
 *fill*         0x0000000000002472        0x2 
 .text._ZN9RPCClient8send_rpcIJEEEbRKN7arduino6StringERjDpOT_.isra.0
                0x0000000000002474       0x8c /home/daniele/.cache/arduino/sketches/C041A7419B2695C467666D025259E71F/sketch/FutureTimeoutCancel.ino.cpp.o
 .text._ZN11BridgeClass6notifyIJiEEEvN7arduino6StringEDpOT_
                0x0000000000002500       0xac /home/daniele/.cache/arduino/sketches/C041A7419B2695C467666D025259E71F/sketch/FutureTimeoutCancel.ino.cpp.o
                0x0000000000002500                void BridgeClass::notify<int>(arduino::String, int&&)
 .text._ZNK9RPCServer13send_responseILj256EEEbRK10RPCRequestIXT_EE.isra.0
                0x00000000000025ac       0x24 /home/daniele/.cache/arduino/sketches/C041A7419B2695C467666D025259E71F/sketch/FutureTimeoutCancel.ino.cpp.o
 .text._ZN10RpcDecoderILj1024EE7consumeEjj
                0x00000000000025d0       0x50 /home/daniele/.cache/arduino/sketches/C041A7419B2695C467666D025259E71F/sketch/FutureTimeoutCancel.ino.cpp.o
                0x00000000000025d0                RpcDecoder<1024u>::consume(unsigned int, unsigned int)
 .text._ZN10RpcDecoderILj1024EE7discardEv
                0x0000000000002620       0x2c /home/daniele/.cache/arduino/sketches/C041A7419B2695C467666D025259E71F/sketch/FutureTimeoutCancel.ino.cpp.o
                0x0000000000002620                RpcDecoder<1024u>::discard()
 .text._ZN7arduino7msgpack8Unpacker11deserializeI8RpcErrorJRNS0_6object5nil_tEEEEbRT_DpOT0_
                0x000000000000264c       0x90 /home/daniele/.cache/arduino/sketches/C041A7419B2695C467666D025259E71F/sketch/FutureTimeoutCancel.ino.cpp.o
                0x000000000000264c                bool arduino::msgpack::Unpacker::deserialize<RpcError, arduino::msgpack::object::nil_t&>(RpcError&, arduino::msgpack::object::nil_t&)
 .text._ZN7arduino7msgpack8Unpacker10unpackUIntIjEENSt9enable_ifIXaaaaaaaasrSt13is_arithmeticIT_E5valuesrSt11is_integralIS5_E5valuentsrSt7is_sameIS5_bE5valuentsrS9_INSt9remove_cvIS5_E4typeEPcE5valuentsrSt9is_signedIS5_E5valueES5_E4typeEv
                0x00000000000026dc       0x80 /home/daniele/.cache/arduino/sketches/C041A7419B2695C467666D025259E71F/sketch/FutureTimeoutCancel.ino.cpp.o
                0x00000000000026dc                std::enable_if<(((std::is_arithmetic<unsigned int>::value&&std::is_integral<unsigned int>::value)&&(!std::is_same<unsigned int, bool>::value))&&(!std::is_same<std::remove_cv<unsigned int>::type, char*>::value))&&(!std::is_signed<unsigned int>::value), unsigned int>::type arduino::msgpack::Unpacker::unpackUInt<unsigned int>()
 .text._ZN7arduino7msgpack8Unpacker11deserializeIjJRNS_6StringEEEEbRT_DpOT0_
                0x000000000000275c       0x44 /home/daniele/.cache/arduino/sketches/C041A7419B2695C467666D025259E71F/sketch/FutureTimeoutCancel.ino.cpp.o
                0x000000000000275c                bool arduino::msgpack::Unpacker::deserialize<unsigned int, arduino::String&>(unsigned int&, arduino::String&)
 .text._ZN10RpcDecoderILj1024EE16fetch_rpc_methodEv
                0x00000000000027a0       0xe8 /home/daniele/.cache/arduino/sketches/C041A7419B2695C467666D025259E71F/sketch/FutureTimeoutCancel.ino.cpp.o
                0x00000000000027a0                RpcDecoder<1024u>::fetch_rpc_method()
 .text._ZN10RPCRequestILj256EE22unpack_request_headersEv
                0x0000000000002888       0xb8 /home/daniele/.cache/arduino/sketches/C041A7419B2695C467666D025259E71F/sketch/FutureTimeoutCancel.ino.cpp.o
                0x0000000000002888                RPCRequest<256u>::unpack_request_headers()
 .text._ZN9RPCServer15process_requestILj256EEEvR10RPCRequestIXT_EE
                0x0000000000002940      0x138 /home/daniele/.cache/arduino/sketches/C041A7419B2695C467666D025259E71F/sketch/FutureTimeoutCancel.ino.cpp.o
                0x0000000000002940                void RPCServer::process_request<256u>(RPCRequest<256u>&)
 .text._ZN7arduino7msgpack8Unpacker11deserializeINS0_4type9ArraySizeEJRiRjEEEbRT_DpOT0_
                0x0000000000002a78       0xa0 /home/daniele/.cache/arduino/sketches/C041A7419B2695C467666D025259E71F/sketch/FutureTimeoutCancel.ino.cpp.o
                0x0000000000002a78                bool arduino::msgpack::Unpacker::deserialize<arduino::msgpack::type::ArraySize, int&, unsigned int&>(arduino::msgpack::type::ArraySize&, int&, unsigned int&)
 .text._ZN10RpcDecoderILj1024EE12get_responseIbEEbjRT_R8RpcError
                0x0000000000002b18      0x17c /home/daniele/.cache/arduino/sketches/C041A7419B2695C467666D025259E71F/sketch/FutureTimeoutCancel.ino.cpp.o
                0x0000000000002b18                bool RpcDecoder<1024u>::get_response<bool>(unsigned int, bool&, RpcError&)
 .text._ZN10RpcDecoderILj1024EE12get_responseIN7arduino6StringEEEbjRT_R8RpcError
                0x0000000000002c94      0x17c /home/daniele/.cache/arduino/sketches/C041A7419B2695C467666D025259E71F/sketch/FutureTimeoutCancel.ino.cpp.o
                0x0000000000002c94                bool RpcDecoder<1024u>::get_response<arduino::String>(unsigned int, arduino::String&, RpcError&)
 .text._ZN10RpcDecoderILj1024EE12get_responseIN7arduino7msgpack6object5nil_tEEEbjRT_R8RpcError
                0x0000000000002e10      0x17c /home/daniele/.cache/arduino/sketches/C041A7419B2695C467666D025259E71F/sketch/FutureTimeoutCancel.ino.cpp.o
                0x0000000000002e10                bool RpcDecoder<1024u>::get_response<arduino::msgpack::object::nil_t>(unsigned int, arduino::msgpack::object::nil_t&, RpcError&)
 .text._ZNSt11__copy_moveILb0ELb1ESt26random_access_iterator_tagE8__copy_mIhEEPT_PKS3_S6_S4_
                0x0000000000002f8c       0x1c /home/daniele/.cache/arduino/sketches/C041A7419B2695C467666D025259E71F/sketch/FutureTimeoutCancel.ino.cpp.o
                0x0000000000002f8c                unsigned char* std::__copy_move<false, true, std::random_access_iterator_tag>::__copy_m<unsigned char>(unsigned char const*, unsigned char const*, unsigned char*)
 .text._ZNSt11__copy_moveILb1ELb1ESt26random_access_iterator_tagE8__copy_mIhEEPT_PKS3_S6_S4_
                0x0000000000002fa8       0x1c /home/daniele/.cache/arduino/sketches/C041A7419B2695C467666D025259E71F/sketch/FutureTimeoutCancel.ino.cpp.o
                0x0000000000002fa8                unsigned char* std::__copy_move<true, true, std::random_access_iterator_tag>::__copy_m<unsigned char>(unsigned char const*, unsigned char const*, unsigned char*)
 .text._ZN7arduino7msgpack6object3extC2EaPKhj
                0x0000000000002fc4      0x104 /home/daniele/.cache/arduino/sketches/C041A7419B2695C467666D025259E71F/sketch/FutureTimeoutCancel.ino.cpp.o
                0x0000000000002fc4                arduino::msgpack::object::ext::ext(signed char, unsigned char const*, unsigned int)
                0x0000000000002fc4                arduino::msgpack::object::ext::ext(signed char, unsigned char const*, unsigned int)
 .text._ZN7arduino7msgpack8Unpacker9unpackExtEv
                0x00000000000030c8      0x178 /home/daniele/.cache/arduino/sketches/C041A7419B2695C467666D025259E71F/sketch/FutureTimeoutCancel.ino.cpp.o
                0x00000000000030c8                arduino::msgpack::Unpacker::unpackExt()
 .text._ZN8RpcUtils6detail12unpackObjectERN7arduino7msgpack8UnpackerE
                0x0000000000003240      0x2b4 /home/daniele/.cache/arduino/sketches/C041A7419B2695C467666D025259E71F/sketch/FutureTimeoutCancel.ino.cpp.o
                0x0000000000003240                RpcUtils::detail::unpackObject(arduino::msgpack::Unpacker&)
 .text._ZN10RpcDecoderILj1024EE12parse_packetEv
                0x00000000000034f4      0x134 /home/daniele/.cache/arduino/sketches/C041A7419B2695C467666D025259E71F/sketch/FutureTimeoutCancel.ino.cpp.o
                0x00000000000034f4                RpcDecoder<1024u>::parse_packet()
 .text._ZN10RpcDecoderILj1024EE6decodeEv
                0x0000000000003628       0x40 /home/daniele/.cache/arduino/sketches/C041A7419B2695C467666D025259E71F/sketch/FutureTimeoutCancel.ino.cpp.o
                0x0000000000003628                RpcDecoder<1024u>::decode()
 .text._ZN9RPCServer7get_rpcILj256EEEbR10RPCRequestIXT_EEN7arduino6StringE
                0x0000000000003668       0xc4 /home/daniele/.cache/arduino/sketches/C041A7419B2695C467666D025259E71F/sketch/FutureTimeoutCancel.ino.cpp.o
                0x0000000000003668                bool RPCServer::get_rpc<256u>(RPCRequest<256u>&, arduino::String)
 .text._ZN11BridgeClass11update_safeEv
                0x000000000000372c       0xb0 /home/daniele/.cache/arduino/sketches/C041A7419B2695C467666D025259E71F/sketch/FutureTimeoutCancel.ino.cpp.o
                0x000000000000372c                BridgeClass::update_safe()
 .text._Z10__loopHookv
                0x00000000000037dc       0x28 /home/daniele/.cache/arduino/sketches/C041A7419B2695C467666D025259E71F/sketch/FutureTimeoutCancel.ino.cpp.o
                0x00000000000037dc                __loopHook()
 .text._ZN11BridgeClass6updateEv
                0x0000000000003804       0xb0 /home/daniele/.cache/arduino/sketches/C041A7419B2695C467666D025259E71F/sketch/FutureTimeoutCancel.ino.cpp.o
                0x0000000000003804                BridgeClass::update()
 .text._Z16updateEntryPointPvS_S_
                0x00000000000038b4       0x28 /home/daniele/.cache/arduino/sketches/C041A7419B2695C467666D025259E71F/sketch/FutureTimeoutCancel.ino.cpp.o
                0x00000000000038b4                updateEntryPoint(void*, void*, void*)
 .text._ZN7RpcCallIJEE6resultIbEEbRT_
                0x00000000000038dc      0x114 /home/daniele/.cache/arduino/sketches/C041A7419B2695C467666D025259E71F/sketch/FutureTimeoutCancel.ino.cpp.o
                0x00000000000038dc                bool RpcCall<>::result<bool>(bool&)
 .text._ZN7RpcCallIJEED2Ev
                0x00000000000039f0      0x120 /home/daniele/.cache/arduino/sketches/C041A7419B2695C467666D025259E71F/sketch/FutureTimeoutCancel.ino.cpp.o
                0x00000000000039f0                RpcCall<>::~RpcCall()
                0x00000000000039f0                RpcCall<>::~RpcCall()
 .text._ZN11BridgeClass5beginEm
                0x0000000000003b10      0x1e0 /home/daniele/.cache/arduino/sketches/C041A7419B2695C467666D025259E71F/sketch/FutureTimeoutCancel.ino.cpp.o
                0x0000000000003b10                BridgeClass::begin(unsigned long)
 .text._ZN7RpcCallIJEE6resultIN7arduino6StringEEEbRT_
                0x0000000000003cf0      0x114 /home/daniele/.cache/arduino/sketches/C041A7419B2695C467666D025259E71F/sketch/FutureTimeoutCancel.ino.cpp.o
                0x0000000000003cf0                bool RpcCall<>::result<arduino::String>(arduino::String&)
 .text.setup    0x0000000000003e04      0x2f4 /home/daniele/.cache/arduino/sketches/C041A7419B2695C467666D025259E71F/sketch/FutureTimeoutCancel.ino.cpp.o
                0x0000000000003e04                setup
 .text._ZN8RpcUtils6detail9unpackMapERN7arduino7msgpack8UnpackerERj
                0x00000000000040f8       0x80 /home/daniele/.cache/arduino/sketches/C041A7419B2695C467666D025259E71F/sketch/FutureTimeoutCancel.ino.cpp.o
                0x00000000000040f8                RpcUtils::detail::unpackMap(arduino::msgpack::Unpacker&, unsigned int&)
 .text._GLOBAL__sub_I_successDeferred
                0x0000000000004178       0x64 /home/daniele/.cache/arduino/sketches/C041A7419B2695C467666D025259E71F/sketch/FutureTimeoutCancel.ino.cpp.o
 .text._GLOBAL__sub_D_successDeferred
                0x00000000000041dc       0x2c /home/daniele/.cache/arduino/sketches/C041A7419B2695C467666D025259E71F/sketch/FutureTimeoutCancel.ino.cpp.o
 .text._ZN7arduino5Print17availableForWriteEv
                0x0000000000004208        0x4 /home/daniele/.cache/arduino/sketches/C041A7419B2695C467666D025259E71F/libraries/Arduino_RouterBridge/singletons.cpp.o
                0x0000000000004208                arduino::Print::availableForWrite()
 .text._ZN7arduino5Print5flushEv
                0x000000000000420c        0x2 /home/daniele/.cache/arduino/sketches/C041A7419B2695C467666D025259E71F/libraries/Arduino_RouterBridge/singletons.cpp.o
                0x000000000000420c                arduino::Print::flush()
 .text._ZN13BridgeMonitorILj512EE5writeEh
                0x000000000000420e       0x18 /home/daniele/.cache/arduino/sketches/C041A7419B2695C467666D025259E71F/libraries/Arduino_RouterBridge/singletons.cpp.o
                0x000000000000420e                BridgeMonitor<512u>::write(unsigned char)
 *fill*         0x0000000000004226        0x2 
 .text.k_yield  0x0000000000004228        0x8 /home/daniele/.cache/arduino/sketches/C041A7419B2695C467666D025259E71F/libraries/Arduino_RouterBridge/singletons.cpp.o
 .text.k_mutex_lock
                0x0000000000004230        0x8 /home/daniele/.cache/arduino/sketches/C041A7419B2695C467666D025259E71F/libraries/Arduino_RouterBridge/singletons.cpp.o
 .text._ZSt14__relocate_a_1IhhENSt9enable_ifIXsrSt24__is_bitwise_relocatableIT_vE5valueEPS2_E4typeES4_S4_S4_RSaIT0_E.isra.0
                0x0000000000004238       0x20 /home/daniele/.cache/arduino/sketches/C041A7419B2695C467666D025259E71F/libraries/Arduino_RouterBridge/singletons.cpp.o
 .text._ZNSt12_Vector_baseIhSaIhEE11_M_allocateEj.isra.0
                0x0000000000004258       0x20 /home/daniele/.cache/arduino/sketches/C041A7419B2695C467666D025259E71F/libraries/Arduino_RouterBridge/singletons.cpp.o
 .text.k_mutex_unlock.isra.0
                0x0000000000004278        0x8 /home/daniele/.cache/arduino/sketches/C041A7419B2695C467666D025259E71F/libraries/Arduino_RouterBridge/singletons.cpp.o
 .text._ZN7RpcCallIJRN7arduino6StringEEE7isErrorEv.isra.0
                0x0000000000004280       0x28 /home/daniele/.cache/arduino/sketches/C041A7419B2695C467666D025259E71F/libraries/Arduino_RouterBridge/singletons.cpp.o
 .text._ZN13BridgeMonitorILj512EE4readEv
                0x00000000000042a8       0x68 /home/daniele/.cache/arduino/sketches/C041A7419B2695C467666D025259E71F/libraries/Arduino_RouterBridge/singletons.cpp.o
                0x00000000000042a8                BridgeMonitor<512u>::read()
 .text._ZN13BridgeMonitorILj512EE4peekEv
                0x0000000000004310       0x44 /home/daniele/.cache/arduino/sketches/C041A7419B2695C467666D025259E71F/libraries/Arduino_RouterBridge/singletons.cpp.o
                0x0000000000004310                BridgeMonitor<512u>::peek()
 .text.k_msleep.constprop.0.isra.0
                0x0000000000004354        0xc /home/daniele/.cache/arduino/sketches/C041A7419B2695C467666D025259E71F/libraries/Arduino_RouterBridge/singletons.cpp.o
 .text._ZNSt6vectorIhSaIhEE14_M_move_assignEOS1_St17integral_constantIbLb1EE.isra.0
                0x0000000000004360       0x34 /home/daniele/.cache/arduino/sketches/C041A7419B2695C467666D025259E71F/libraries/Arduino_RouterBridge/singletons.cpp.o
 .text._ZNSt6vectorIhSaIhEE12emplace_backIJRKhEEERhDpOT_.isra.0
                0x0000000000004394       0x90 /home/daniele/.cache/arduino/sketches/C041A7419B2695C467666D025259E71F/libraries/Arduino_RouterBridge/singletons.cpp.o
 .text._ZNSt6vectorIhSaIhEE12emplace_backIJhEEERhDpOT_.isra.0
                0x0000000000004424       0x90 /home/daniele/.cache/arduino/sketches/C041A7419B2695C467666D025259E71F/libraries/Arduino_RouterBridge/singletons.cpp.o
 .text._ZN7arduino7msgpack8Unpacker11deserializeISt6vectorIhSaIhEEJEEEbRT_DpOT0_
                0x00000000000044b4      0x13c /home/daniele/.cache/arduino/sketches/C041A7419B2695C467666D025259E71F/libraries/Arduino_RouterBridge/singletons.cpp.o
                0x00000000000044b4                bool arduino::msgpack::Unpacker::deserialize<std::vector<unsigned char, std::allocator<unsigned char> >>(std::vector<unsigned char, std::allocator<unsigned char> >&)
 .text._ZN7arduino7msgpack6Packer11packRawByteERKNS0_4TypeE.isra.0
                0x00000000000045f0       0x18 /home/daniele/.cache/arduino/sketches/C041A7419B2695C467666D025259E71F/libraries/Arduino_RouterBridge/singletons.cpp.o
 .text._ZNSt6vectorIhSaIhEE12emplace_backIJRhEEES3_DpOT_.isra.0
                0x0000000000004608       0x90 /home/daniele/.cache/arduino/sketches/C041A7419B2695C467666D025259E71F/libraries/Arduino_RouterBridge/singletons.cpp.o
 .text._ZN7arduino7msgpack6Packer11packIntegerIjEENSt9enable_ifIXaaaaaasrSt13is_arithmeticIT_E5valuesrSt11is_integralIS5_E5valuentsrSt7is_sameIS5_bE5valuentsrS9_INSt9remove_cvIS5_E4typeEPcE5valueEvE4typeERKS5_.isra.0
                0x0000000000004698       0x50 /home/daniele/.cache/arduino/sketches/C041A7419B2695C467666D025259E71F/libraries/Arduino_RouterBridge/singletons.cpp.o
 .text._ZN7arduino7msgpack6Packer11packIntegerIiEENSt9enable_ifIXaaaaaasrSt13is_arithmeticIT_E5valuesrSt11is_integralIS5_E5valuentsrSt7is_sameIS5_bE5valuentsrS9_INSt9remove_cvIS5_E4typeEPcE5valueEvE4typeERKS5_.isra.0
                0x00000000000046e8       0xb8 /home/daniele/.cache/arduino/sketches/C041A7419B2695C467666D025259E71F/libraries/Arduino_RouterBridge/singletons.cpp.o
 .text._ZN9RPCClient8send_rpcIJRKN7arduino6StringEEEEbS4_RjDpOT_.isra.0
                0x00000000000047a0       0x90 /home/daniele/.cache/arduino/sketches/C041A7419B2695C467666D025259E71F/libraries/Arduino_RouterBridge/singletons.cpp.o
 .text._ZN9RPCClient8send_rpcIJRKjEEEbRKN7arduino6StringERjDpOT_.isra.0
                0x0000000000004830       0x94 /home/daniele/.cache/arduino/sketches/C041A7419B2695C467666D025259E71F/libraries/Arduino_RouterBridge/singletons.cpp.o
 .text._ZN7arduino7msgpack8Unpacker11deserializeIjJEEEbRT_DpOT0_
                0x00000000000048c4       0x40 /home/daniele/.cache/arduino/sketches/C041A7419B2695C467666D025259E71F/libraries/Arduino_RouterBridge/singletons.cpp.o
                0x00000000000048c4                bool arduino::msgpack::Unpacker::deserialize<unsigned int>(unsigned int&)
 .text._ZN9RPCClient12get_responseIN7arduino7msgpack6object5nil_tEEEbjRT_R8RpcError
                0x0000000000004904       0x40 /home/daniele/.cache/arduino/sketches/C041A7419B2695C467666D025259E71F/libraries/Arduino_RouterBridge/singletons.cpp.o
                0x0000000000004904                bool RPCClient::get_response<arduino::msgpack::object::nil_t>(unsigned int, arduino::msgpack::object::nil_t&, RpcError&)
 .text._ZN11BridgeClass6notifyIJRN7arduino6StringEEEEvS2_DpOT_
                0x0000000000004944       0xac /home/daniele/.cache/arduino/sketches/C041A7419B2695C467666D025259E71F/libraries/Arduino_RouterBridge/singletons.cpp.o
                0x0000000000004944                void BridgeClass::notify<arduino::String&>(arduino::String, arduino::String&)
 .text._ZN7RpcCallIJRN7arduino6StringEEE8setErrorEiS1_
                0x00000000000049f0       0x40 /home/daniele/.cache/arduino/sketches/C041A7419B2695C467666D025259E71F/libraries/Arduino_RouterBridge/singletons.cpp.o
                0x00000000000049f0                RpcCall<arduino::String&>::setError(int, arduino::String)
 .text._ZN10RpcDecoderILj1024EE12get_responseIjEEbjRT_R8RpcError
                0x0000000000004a30      0x17c /home/daniele/.cache/arduino/sketches/C041A7419B2695C467666D025259E71F/libraries/Arduino_RouterBridge/singletons.cpp.o
                0x0000000000004a30                bool RpcDecoder<1024u>::get_response<unsigned int>(unsigned int, unsigned int&, RpcError&)
 .text._ZN13BridgeMonitorILj512EE5writeEPKhj
                0x0000000000004bac      0x2b4 /home/daniele/.cache/arduino/sketches/C041A7419B2695C467666D025259E71F/libraries/Arduino_RouterBridge/singletons.cpp.o
                0x0000000000004bac                BridgeMonitor<512u>::write(unsigned char const*, unsigned int)
 .text._ZN7RpcCallIJRjEE8setErrorEiN7arduino6StringE
                0x0000000000004e60       0x40 /home/daniele/.cache/arduino/sketches/C041A7419B2695C467666D025259E71F/libraries/Arduino_RouterBridge/singletons.cpp.o
                0x0000000000004e60                RpcCall<unsigned int&>::setError(int, arduino::String)
 .text._ZN7RpcCallIJRjEE7isErrorEv
                0x0000000000004ea0       0x34 /home/daniele/.cache/arduino/sketches/C041A7419B2695C467666D025259E71F/libraries/Arduino_RouterBridge/singletons.cpp.o
                0x0000000000004ea0                RpcCall<unsigned int&>::isError()
 .text._ZN10RpcDecoderILj1024EE12get_responseISt6vectorIhSaIhEEEEbjRT_R8RpcError
                0x0000000000004ed4      0x17c /home/daniele/.cache/arduino/sketches/C041A7419B2695C467666D025259E71F/libraries/Arduino_RouterBridge/singletons.cpp.o
                0x0000000000004ed4                bool RpcDecoder<1024u>::get_response<std::vector<unsigned char, std::allocator<unsigned char> > >(unsigned int, std::vector<unsigned char, std::allocator<unsigned char> >&, RpcError&)
 .text._ZN7RpcCallIJRjEE6resultISt6vectorIhSaIhEEEEbRT_
                0x0000000000005050      0x134 /home/daniele/.cache/arduino/sketches/C041A7419B2695C467666D025259E71F/libraries/Arduino_RouterBridge/singletons.cpp.o
                0x0000000000005050                bool RpcCall<unsigned int&>::result<std::vector<unsigned char, std::allocator<unsigned char> > >(std::vector<unsigned char, std::allocator<unsigned char> >&)
 .text._ZN13BridgeMonitorILj512EE5_readEj
                0x0000000000005184      0x1f8 /home/daniele/.cache/arduino/sketches/C041A7419B2695C467666D025259E71F/libraries/Arduino_RouterBridge/singletons.cpp.o
                0x0000000000005184                BridgeMonitor<512u>::_read(unsigned int)
 .text._ZN13BridgeMonitorILj512EE9availableEv
                0x000000000000537c       0x44 /home/daniele/.cache/arduino/sketches/C041A7419B2695C467666D025259E71F/libraries/Arduino_RouterBridge/singletons.cpp.o
                0x000000000000537c                BridgeMonitor<512u>::available()
 .text._GLOBAL__sub_I_Bridge
                0x00000000000053c0       0xf0 /home/daniele/.cache/arduino/sketches/C041A7419B2695C467666D025259E71F/libraries/Arduino_RouterBridge/singletons.cpp.o
 .text._GLOBAL__sub_D_Bridge
                0x00000000000054b0       0x2c /home/daniele/.cache/arduino/sketches/C041A7419B2695C467666D025259E71F/libraries/Arduino_RouterBridge/singletons.cpp.o
 .text._ZNSt23_Sp_counted_ptr_inplaceIN14arduino_events12_GLOBAL__N_111FutureStateESaIvELN9__gnu_cxx12_Lock_policyE0EED2Ev
                0x00000000000054dc        0x2 /home/daniele/.cache/arduino/sketches/C041A7419B2695C467666D025259E71F/libraries/ArduinoEvents/ArduinoEvents.cpp.o
 .text._ZNSt23_Sp_counted_ptr_inplaceISt3anySaIvELN9__gnu_cxx12_Lock_policyE0EED2Ev
                0x00000000000054de        0x2 /home/daniele/.cache/arduino/sketches/C041A7419B2695C467666D025259E71F/libraries/ArduinoEvents/ArduinoEvents.cpp.o
                0x00000000000054de                std::_Sp_counted_ptr_inplace<std::any, std::allocator<void>, (__gnu_cxx::_Lock_policy)0>::~_Sp_counted_ptr_inplace()
                0x00000000000054de                std::_Sp_counted_ptr_inplace<std::any, std::allocator<void>, (__gnu_cxx::_Lock_policy)0>::~_Sp_counted_ptr_inplace()
 .text._ZN14arduino_events12_GLOBAL__N_112RuntimeMutex4lockEv
                0x00000000000054e0       0x10 /home/daniele/.cache/arduino/sketches/C041A7419B2695C467666D025259E71F/libraries/ArduinoEvents/ArduinoEvents.cpp.o
 .text._ZNSt23_Sp_counted_ptr_inplaceISt3anySaIvELN9__gnu_cxx12_Lock_policyE0EED0Ev
                0x00000000000054f0       0x14 /home/daniele/.cache/arduino/sketches/C041A7419B2695C467666D025259E71F/libraries/ArduinoEvents/ArduinoEvents.cpp.o
                0x00000000000054f0                std::_Sp_counted_ptr_inplace<std::any, std::allocator<void>, (__gnu_cxx::_Lock_policy)0>::~_Sp_counted_ptr_inplace()
 .text._ZNSt23_Sp_counted_ptr_inplaceIN14arduino_events12_GLOBAL__N_111FutureStateESaIvELN9__gnu_cxx12_Lock_policyE0EED0Ev
                0x0000000000005504       0x14 /home/daniele/.cache/arduino/sketches/C041A7419B2695C467666D025259E71F/libraries/ArduinoEvents/ArduinoEvents.cpp.o
 .text._ZNSt23_Sp_counted_ptr_inplaceISt3anySaIvELN9__gnu_cxx12_Lock_policyE0EE10_M_destroyEv
                0x0000000000005518        0xc /home/daniele/.cache/arduino/sketches/C041A7419B2695C467666D025259E71F/libraries/ArduinoEvents/ArduinoEvents.cpp.o
                0x0000000000005518                std::_Sp_counted_ptr_inplace<std::any, std::allocator<void>, (__gnu_cxx::_Lock_policy)0>::_M_destroy()
 .text._ZNSt23_Sp_counted_ptr_inplaceIN14arduino_events12_GLOBAL__N_111FutureStateESaIvELN9__gnu_cxx12_Lock_policyE0EE14_M_get_deleterERKSt9type_info
                0x0000000000005524       0x20 /home/daniele/.cache/arduino/sketches/C041A7419B2695C467666D025259E71F/libraries/ArduinoEvents/ArduinoEvents.cpp.o
 .text._ZNSt23_Sp_counted_ptr_inplaceISt3anySaIvELN9__gnu_cxx12_Lock_policyE0EE14_M_get_deleterERKSt9type_info
                0x0000000000005544       0x20 /home/daniele/.cache/arduino/sketches/C041A7419B2695C467666D025259E71F/libraries/ArduinoEvents/ArduinoEvents.cpp.o
                0x0000000000005544                std::_Sp_counted_ptr_inplace<std::any, std::allocator<void>, (__gnu_cxx::_Lock_policy)0>::_M_get_deleter(std::type_info const&)
 .text._ZNSt12_Vector_baseISt8functionIFvRKSt3anyEESaIS5_EE13_M_deallocateEPS5_j.part.0
                0x0000000000005564        0xc /home/daniele/.cache/arduino/sketches/C041A7419B2695C467666D025259E71F/libraries/ArduinoEvents/ArduinoEvents.cpp.o
 .text._ZNSt15__new_allocatorISt10unique_ptrIN14arduino_events12_GLOBAL__N_110TimerEntryESt14default_deleteIS3_EEE9constructIS6_JS6_EEEvPT_DpOT0_.constprop.0
                0x0000000000005570       0x1c /home/daniele/.cache/arduino/sketches/C041A7419B2695C467666D025259E71F/libraries/ArduinoEvents/ArduinoEvents.cpp.o
 .text._ZNKSt10_HashtableIjSt4pairIKjSt10shared_ptrIN14arduino_events12_GLOBAL__N_111FutureStateEEESaIS7_ENSt8__detail10_Select1stESt8equal_toIjESt4hashIjENS9_18_Mod_range_hashingENS9_20_Default_ranged_hashENS9_20_Prime_rehash_policyENS9_17_Hashtable_traitsILb0ELb0ELb1EEEE19_M_find_before_nodeEjRS1_j.constprop.0
                0x000000000000558c       0x38 /home/daniele/.cache/arduino/sketches/C041A7419B2695C467666D025259E71F/libraries/ArduinoEvents/ArduinoEvents.cpp.o
 .text._ZN14arduino_events12_GLOBAL__N_12rtEv
                0x00000000000055c4       0x80 /home/daniele/.cache/arduino/sketches/C041A7419B2695C467666D025259E71F/libraries/ArduinoEvents/ArduinoEvents.cpp.o
 .text._ZNSt23_Sp_counted_ptr_inplaceIN14arduino_events12_GLOBAL__N_111FutureStateESaIvELN9__gnu_cxx12_Lock_policyE0EE10_M_destroyEv
                0x0000000000005644        0xc /home/daniele/.cache/arduino/sketches/C041A7419B2695C467666D025259E71F/libraries/ArduinoEvents/ArduinoEvents.cpp.o
 .text._ZNSt12_Vector_baseISt10unique_ptrIN14arduino_events12_GLOBAL__N_110TimerEntryESt14default_deleteIS3_EESaIS6_EE11_M_allocateEj.isra.0
                0x0000000000005650       0x30 /home/daniele/.cache/arduino/sketches/C041A7419B2695C467666D025259E71F/libraries/ArduinoEvents/ArduinoEvents.cpp.o
 .text._ZNSt8functionIFvvEEaSEDn.isra.0
                0x0000000000005680       0x16 /home/daniele/.cache/arduino/sketches/C041A7419B2695C467666D025259E71F/libraries/ArduinoEvents/ArduinoEvents.cpp.o
 *fill*         0x0000000000005696        0x2 
 .text.k_mutex_unlock.isra.0
                0x0000000000005698        0x8 /home/daniele/.cache/arduino/sketches/C041A7419B2695C467666D025259E71F/libraries/ArduinoEvents/ArduinoEvents.cpp.o
 .text._ZN14arduino_events12_GLOBAL__N_19LockGuardINS0_12RuntimeMutexEED2Ev.isra.0
                0x00000000000056a0        0xc /home/daniele/.cache/arduino/sketches/C041A7419B2695C467666D025259E71F/libraries/ArduinoEvents/ArduinoEvents.cpp.o
 .text._ZN14arduino_events12_GLOBAL__N_124drainCallbackQueueLockedERNS0_12RuntimeStateE.part.0
                0x00000000000056ac       0x38 /home/daniele/.cache/arduino/sketches/C041A7419B2695C467666D025259E71F/libraries/ArduinoEvents/ArduinoEvents.cpp.o
 .text._ZNSt10_HashtableIjSt4pairIKjSt10shared_ptrIN14arduino_events12_GLOBAL__N_111FutureStateEEESaIS7_ENSt8__detail10_Select1stESt8equal_toIjESt4hashIjENS9_18_Mod_range_hashingENS9_20_Default_ranged_hashENS9_20_Prime_rehash_policyENS9_17_Hashtable_traitsILb0ELb0ELb1EEEE4findERS1_
                0x00000000000056e4       0x38 /home/daniele/.cache/arduino/sketches/C041A7419B2695C467666D025259E71F/libraries/ArduinoEvents/ArduinoEvents.cpp.o
 .text._ZN14arduino_events12_GLOBAL__N_122destroyCallbackPayloadEPv
                0x000000000000571c       0x1c /home/daniele/.cache/arduino/sketches/C041A7419B2695C467666D025259E71F/libraries/ArduinoEvents/ArduinoEvents.cpp.o
 .text._ZNSt10unique_ptrIN14arduino_events12_GLOBAL__N_110TimerEntryESt14default_deleteIS2_EED2Ev.isra.0
                0x0000000000005738       0x24 /home/daniele/.cache/arduino/sketches/C041A7419B2695C467666D025259E71F/libraries/ArduinoEvents/ArduinoEvents.cpp.o
 .text._ZZN14arduino_events12_GLOBAL__N_126queueFutureCallbacksLockedERNS0_12RuntimeStateERKSt10shared_ptrINS0_11FutureStateEEENUlvE0_D2Ev.isra.0
                0x000000000000575c       0x1c /home/daniele/.cache/arduino/sketches/C041A7419B2695C467666D025259E71F/libraries/ArduinoEvents/ArduinoEvents.cpp.o
 .text._ZNSt6vectorIN14arduino_events12_GLOBAL__N_112HandlerEntryESaIS2_EE5clearEv
                0x0000000000005778       0x2c /home/daniele/.cache/arduino/sketches/C041A7419B2695C467666D025259E71F/libraries/ArduinoEvents/ArduinoEvents.cpp.o
 .text._ZNSt3anyC2ERKS_
                0x00000000000057a4       0x1e /home/daniele/.cache/arduino/sketches/C041A7419B2695C467666D025259E71F/libraries/ArduinoEvents/ArduinoEvents.cpp.o
                0x00000000000057a4                std::any::any(std::any const&)
                0x00000000000057a4                std::any::any(std::any const&)
 .text._ZNSt3any5resetEv
                0x00000000000057c2       0x16 /home/daniele/.cache/arduino/sketches/C041A7419B2695C467666D025259E71F/libraries/ArduinoEvents/ArduinoEvents.cpp.o
                0x00000000000057c2                std::any::reset()
 .text._ZNSt23_Sp_counted_ptr_inplaceISt3anySaIvELN9__gnu_cxx12_Lock_policyE0EE10_M_disposeEv
                0x00000000000057d8       0x10 /home/daniele/.cache/arduino/sketches/C041A7419B2695C467666D025259E71F/libraries/ArduinoEvents/ArduinoEvents.cpp.o
                0x00000000000057d8                std::_Sp_counted_ptr_inplace<std::any, std::allocator<void>, (__gnu_cxx::_Lock_policy)0>::_M_dispose()
 .text._ZNSt3anyaSEOS_.isra.0
                0x00000000000057e8       0x2c /home/daniele/.cache/arduino/sketches/C041A7419B2695C467666D025259E71F/libraries/ArduinoEvents/ArduinoEvents.cpp.o
 .text._ZN14arduino_events5ErrorC2ERKS0_
                0x0000000000005814       0x20 /home/daniele/.cache/arduino/sketches/C041A7419B2695C467666D025259E71F/libraries/ArduinoEvents/ArduinoEvents.cpp.o
                0x0000000000005814                arduino_events::Error::Error(arduino_events::Error const&)
                0x0000000000005814                arduino_events::Error::Error(arduino_events::Error const&)
 .text._ZNSt12__shared_ptrISt3anyLN9__gnu_cxx12_Lock_policyE0EEC2ERKS3_
                0x0000000000005834       0x12 /home/daniele/.cache/arduino/sketches/C041A7419B2695C467666D025259E71F/libraries/ArduinoEvents/ArduinoEvents.cpp.o
                0x0000000000005834                std::__shared_ptr<std::any, (__gnu_cxx::_Lock_policy)0>::__shared_ptr(std::__shared_ptr<std::any, (__gnu_cxx::_Lock_policy)0> const&)
                0x0000000000005834                std::__shared_ptr<std::any, (__gnu_cxx::_Lock_policy)0>::__shared_ptr(std::__shared_ptr<std::any, (__gnu_cxx::_Lock_policy)0> const&)
 *fill*         0x0000000000005846        0x2 
 .text._ZN14arduino_events5ErrorC2EOS0_