Archive member included to satisfy reference by file (symbol)

/home/daniele/.cache/arduino/sketches/8F5B4C87658DA4D72637908642324F88/../../cores/arduino-git_zephyr_unoq_f0a012e1a064909ca1c15d8366925f20/core.a(Print.cpp.o)
                              /home/daniele/.cache/arduino/sketches/8F5B4C87658DA4D72637908642324F88/sketch/TimersAndCancellation.ino.cpp.o (arduino::Print::print(char const*))
/home/daniele/.cache/arduino/sketches/8F5B4C87658DA4D72637908642324F88/../../cores/arduino-git_zephyr_unoq_f0a012e1a064909ca1c15d8366925f20/core.a(Stream.cpp.o)
                              /home/daniele/.cache/arduino/sketches/8F5B4C87658DA4D72637908642324F88/sketch/TimersAndCancellation.ino.cpp.o (arduino::Stream::setTimeout(unsigned long))
/home/daniele/.cache/arduino/sketches/8F5B4C87658DA4D72637908642324F88/../../cores/arduino-git_zephyr_unoq_f0a012e1a064909ca1c15d8366925f20/core.a(String.cpp.o)
                              /home/daniele/.cache/arduino/sketches/8F5B4C87658DA4D72637908642324F88/sketch/TimersAndCancellation.ino.cpp.o (arduino::String::String(arduino::String&&))
/home/daniele/.cache/arduino/sketches/8F5B4C87658DA4D72637908642324F88/../../cores/arduino-git_zephyr_unoq_f0a012e1a064909ca1c15d8366925f20/core.a(itoa.cpp.o)
                              /home/daniele/.cache/arduino/sketches/8F5B4C87658DA4D72637908642324F88/../../cores/arduino-git_zephyr_unoq_f0a012e1a064909ca1c15d8366925f20/core.a(String.cpp.o) (dtostrf)
/home/daniele/.cache/arduino/sketches/8F5B4C87658DA4D72637908642324F88/../../cores/arduino-git_zephyr_unoq_f0a012e1a064909ca1c15d8366925f20/core.a(llext_wrappers.c.o)
                              /home/daniele/.cache/arduino/sketches/8F5B4C87658DA4D72637908642324F88/sketch/TimersAndCancellation.ino.cpp.o (memcpy)
/home/daniele/.cache/arduino/sketches/8F5B4C87658DA4D72637908642324F88/../../cores/arduino-git_zephyr_unoq_f0a012e1a064909ca1c15d8366925f20/core.a(main.cpp.o)
                              (main)
/home/daniele/.cache/arduino/sketches/8F5B4C87658DA4D72637908642324F88/../../cores/arduino-git_zephyr_unoq_f0a012e1a064909ca1c15d8366925f20/core.a(new.cpp.o)
                              /home/daniele/.cache/arduino/sketches/8F5B4C87658DA4D72637908642324F88/sketch/TimersAndCancellation.ino.cpp.o (operator new(unsigned int))
/home/daniele/.cache/arduino/sketches/8F5B4C87658DA4D72637908642324F88/../../cores/arduino-git_zephyr_unoq_f0a012e1a064909ca1c15d8366925f20/core.a(threads.cpp.o)
                              /home/daniele/.cache/arduino/sketches/8F5B4C87658DA4D72637908642324F88/../../cores/arduino-git_zephyr_unoq_f0a012e1a064909ca1c15d8366925f20/core.a(main.cpp.o) (start_static_threads())
/home/daniele/.cache/arduino/sketches/8F5B4C87658DA4D72637908642324F88/../../cores/arduino-git_zephyr_unoq_f0a012e1a064909ca1c15d8366925f20/core.a(zephyrCommon.cpp.o)
                              /home/daniele/.cache/arduino/sketches/8F5B4C87658DA4D72637908642324F88/../../cores/arduino-git_zephyr_unoq_f0a012e1a064909ca1c15d8366925f20/core.a(Stream.cpp.o) (millis)
/home/daniele/.cache/arduino/sketches/8F5B4C87658DA4D72637908642324F88/../../cores/arduino-git_zephyr_unoq_f0a012e1a064909ca1c15d8366925f20/core.a(zephyrSerial.cpp.o)
                              /home/daniele/.cache/arduino/sketches/8F5B4C87658DA4D72637908642324F88/libraries/Arduino_RouterBridge/singletons.cpp.o (Serial2)
/home/daniele/.cache/arduino/sketches/8F5B4C87658DA4D72637908642324F88/../../cores/arduino-git_zephyr_unoq_f0a012e1a064909ca1c15d8366925f20/core.a(Common.cpp.o)
                              /home/daniele/.cache/arduino/sketches/8F5B4C87658DA4D72637908642324F88/../../cores/arduino-git_zephyr_unoq_f0a012e1a064909ca1c15d8366925f20/core.a(zephyrCommon.cpp.o) (map(long, long, long, long, long))
/home/daniele/.arduino15/packages/zephyr/tools/arm-zephyr-eabi/0.16.8/bin/../lib/gcc/arm-zephyr-eabi/12.2.0/../../../../arm-zephyr-eabi/lib/thumb/v8-m.main+fp/hard/libstdc++_nano.a(functexcept.o)
                              /home/daniele/.cache/arduino/sketches/8F5B4C87658DA4D72637908642324F88/sketch/TimersAndCancellation.ino.cpp.o (std::__throw_bad_alloc())
/home/daniele/.arduino15/packages/zephyr/tools/arm-zephyr-eabi/0.16.8/bin/../lib/gcc/arm-zephyr-eabi/12.2.0/../../../../arm-zephyr-eabi/lib/thumb/v8-m.main+fp/hard/libstdc++_nano.a(functional.o)
                              /home/daniele/.cache/arduino/sketches/8F5B4C87658DA4D72637908642324F88/libraries/ArduinoEvents/ArduinoEvents.cpp.o (std::__throw_bad_function_call())
/home/daniele/.arduino15/packages/zephyr/tools/arm-zephyr-eabi/0.16.8/bin/../lib/gcc/arm-zephyr-eabi/12.2.0/../../../../arm-zephyr-eabi/lib/thumb/v8-m.main+fp/hard/libstdc++_nano.a(hashtable_c++0x.o)
                              /home/daniele/.cache/arduino/sketches/8F5B4C87658DA4D72637908642324F88/libraries/ArduinoEvents/ArduinoEvents.cpp.o (std::__detail::_Prime_rehash_policy::_M_need_rehash(unsigned int, unsigned int, unsigned int) const)
[...]
Memory Configuration

Name             Origin             Length             Attributes
*default*        0x0000000000000000 0xffffffffffffffff

Linker script and memory map

LOAD /home/daniele/.arduino15/packages/zephyr/tools/arm-zephyr-eabi/0.16.8/bin/../lib/gcc/arm-zephyr-eabi/12.2.0/../../../../arm-zephyr-eabi/lib/thumb/v8-m.main+fp/hard/libstdc++_nano.a
LOAD /home/daniele/.arduino15/packages/zephyr/tools/arm-zephyr-eabi/0.16.8/bin/../lib/gcc/arm-zephyr-eabi/12.2.0/../../../../arm-zephyr-eabi/lib/thumb/v8-m.main+fp/hard/libsupc++_nano.a
LOAD /home/daniele/.arduino15/packages/zephyr/tools/arm-zephyr-eabi/0.16.8/bin/../lib/gcc/arm-zephyr-eabi/12.2.0/../../../../arm-zephyr-eabi/lib/thumb/v8-m.main+fp/hard/libnosys.a
LOAD /home/daniele/.cache/arduino/sketches/8F5B4C87658DA4D72637908642324F88/sketch/TimersAndCancellation.ino.cpp.o
LOAD /home/daniele/.cache/arduino/sketches/8F5B4C87658DA4D72637908642324F88/libraries/Arduino_RouterBridge/singletons.cpp.o
LOAD /home/daniele/.cache/arduino/sketches/8F5B4C87658DA4D72637908642324F88/libraries/ArduinoEvents/ArduinoEvents.cpp.o
LOAD /home/daniele/.cache/arduino/sketches/8F5B4C87658DA4D72637908642324F88/core/analogReference.cpp.o
START GROUP
LOAD /home/daniele/.cache/arduino/sketches/8F5B4C87658DA4D72637908642324F88/../../cores/arduino-git_zephyr_unoq_f0a012e1a064909ca1c15d8366925f20/core.a
LOAD /home/daniele/.arduino15/packages/zephyr/tools/arm-zephyr-eabi/0.16.8/bin/../lib/gcc/arm-zephyr-eabi/12.2.0/../../../../arm-zephyr-eabi/lib/thumb/v8-m.main+fp/hard/libstdc++_nano.a
LOAD /home/daniele/.arduino15/packages/zephyr/tools/arm-zephyr-eabi/0.16.8/bin/../lib/gcc/arm-zephyr-eabi/12.2.0/../../../../arm-zephyr-eabi/lib/thumb/v8-m.main+fp/hard/libsupc++_nano.a
LOAD /home/daniele/.arduino15/packages/zephyr/tools/arm-zephyr-eabi/0.16.8/bin/../lib/gcc/arm-zephyr-eabi/12.2.0/../../../../arm-zephyr-eabi/lib/thumb/v8-m.main+fp/hard/libm_nano.a
END GROUP

.rodata         0x0000000000000000      0x118
 *(.rodata._ZTIN10__cxxabiv117__class_type_infoE)
 .rodata._ZTIN10__cxxabiv117__class_type_infoE
                0x0000000000000000        0xc /home/daniele/.arduino15/packages/zephyr/tools/arm-zephyr-eabi/0.16.8/bin/../lib/gcc/arm-zephyr-eabi/12.2.0/../../../../arm-zephyr-eabi/lib/thumb/v8-m.main+fp/hard/libstdc++_nano.a(class_type_info.o)
                0x0000000000000000                typeinfo for __cxxabiv1::__class_type_info
 *(.rodata._ZTIN10__cxxabiv120__si_class_type_infoE)
 .rodata._ZTIN10__cxxabiv120__si_class_type_infoE
                0x000000000000000c        0xc /home/daniele/.arduino15/packages/zephyr/tools/arm-zephyr-eabi/0.16.8/bin/../lib/gcc/arm-zephyr-eabi/12.2.0/../../../../arm-zephyr-eabi/lib/thumb/v8-m.main+fp/hard/libstdc++_nano.a(si_class_type_info.o)
                0x000000000000000c                typeinfo for __cxxabiv1::__si_class_type_info
 *(.rodata._ZTISt19_Sp_make_shared_tag)
 .rodata._ZTISt19_Sp_make_shared_tag
                0x0000000000000018        0x8 /home/daniele/.arduino15/packages/zephyr/tools/arm-zephyr-eabi/0.16.8/bin/../lib/gcc/arm-zephyr-eabi/12.2.0/../../../../arm-zephyr-eabi/lib/thumb/v8-m.main+fp/hard/libstdc++_nano.a(shared_ptr.o)
                0x0000000000000018                typeinfo for std::_Sp_make_shared_tag
 *(.rodata._ZTISt9type_info)
 .rodata._ZTISt9type_info
                0x0000000000000020        0x8 /home/daniele/.arduino15/packages/zephyr/tools/arm-zephyr-eabi/0.16.8/bin/../lib/gcc/arm-zephyr-eabi/12.2.0/../../../../arm-zephyr-eabi/lib/thumb/v8-m.main+fp/hard/libstdc++_nano.a(tinfo.o)
                0x0000000000000020                typeinfo for std::type_info
 *(.rodata._ZTV13BridgeMonitorILj512EE)
 .rodata._ZTV13BridgeMonitorILj512EE
                0x0000000000000028       0x24 /home/daniele/.cache/arduino/sketches/8F5B4C87658DA4D72637908642324F88/libraries/Arduino_RouterBridge/singletons.cpp.o
                0x0000000000000028                vtable for BridgeMonitor<512u>
 *(.rodata._ZTV15SerialTransport)
 .rodata._ZTV15SerialTransport
                0x000000000000004c       0x20 /home/daniele/.cache/arduino/sketches/8F5B4C87658DA4D72637908642324F88/sketch/TimersAndCancellation.ino.cpp.o
                0x000000000000004c                vtable for SerialTransport
 *(.rodata._ZTVN10__cxxabiv117__class_type_infoE)
 .rodata._ZTVN10__cxxabiv117__class_type_infoE
                0x000000000000006c       0x2c /home/daniele/.arduino15/packages/zephyr/tools/arm-zephyr-eabi/0.16.8/bin/../lib/gcc/arm-zephyr-eabi/12.2.0/../../../../arm-zephyr-eabi/lib/thumb/v8-m.main+fp/hard/libstdc++_nano.a(class_type_info.o)
                0x000000000000006c                vtable for __cxxabiv1::__class_type_info
 *(.rodata._ZTVN10__cxxabiv120__si_class_type_infoE)
 .rodata._ZTVN10__cxxabiv120__si_class_type_infoE
                0x0000000000000098       0x2c /home/daniele/.arduino15/packages/zephyr/tools/arm-zephyr-eabi/0.16.8/bin/../lib/gcc/arm-zephyr-eabi/12.2.0/../../../../arm-zephyr-eabi/lib/thumb/v8-m.main+fp/hard/libstdc++_nano.a(si_class_type_info.o)
                0x0000000000000098                vtable for __cxxabiv1::__si_class_type_info
 *(.rodata._ZTVN7arduino12ZephyrSerialE)
 .rodata._ZTVN7arduino12ZephyrSerialE
                0x00000000000000c4       0x38 /home/daniele/.cache/arduino/sketches/8F5B4C87658DA4D72637908642324F88/../../cores/arduino-git_zephyr_unoq_f0a012e1a064909ca1c15d8366925f20/core.a(zephyrSerial.cpp.o)
                0x00000000000000c4                vtable for arduino::ZephyrSerial
 *(.rodata._ZTVSt23_Sp_counted_ptr_inplaceISt3anySaIvELN9__gnu_cxx12_Lock_policyE0EE)
 .rodata._ZTVSt23_Sp_counted_ptr_inplaceISt3anySaIvELN9__gnu_cxx12_Lock_policyE0EE
                0x00000000000000fc       0x1c /home/daniele/.cache/arduino/sketches/8F5B4C87658DA4D72637908642324F88/libraries/ArduinoEvents/ArduinoEvents.cpp.o
                0x00000000000000fc                vtable for std::_Sp_counted_ptr_inplace<std::any, std::allocator<void>, (__gnu_cxx::_Lock_policy)0>

.llext.rodata.noreloc
                0x0000000000000118      0x3f5
 *(.rodata)
 .rodata        0x0000000000000118       0x10 /home/daniele/.cache/arduino/sketches/8F5B4C87658DA4D72637908642324F88/sketch/TimersAndCancellation.ino.cpp.o
 *(.rodata._Z11onHeartbeatv.str1.1)
 .rodata._Z11onHeartbeatv.str1.1
                0x0000000000000128       0x28 /home/daniele/.cache/arduino/sketches/8F5B4C87658DA4D72637908642324F88/sketch/TimersAndCancellation.ino.cpp.o
 *(.rodata._Z23cancelOneShotBeforeFirev.str1.1)
 .rodata._Z23cancelOneShotBeforeFirev.str1.1
                0x0000000000000150       0x2a /home/daniele/.cache/arduino/sketches/8F5B4C87658DA4D72637908642324F88/sketch/TimersAndCancellation.ino.cpp.o
 *(.rodata._Z9onOneShotv.str1.1)
 .rodata._Z9onOneShotv.str1.1
                0x000000000000017a       0x15 /home/daniele/.cache/arduino/sketches/8F5B4C87658DA4D72637908642324F88/sketch/TimersAndCancellation.ino.cpp.o
 *(.rodata._ZN10RpcDecoderILj1024EE12get_responseIN7arduino7msgpack6object5nil_tEEEbjRT_R8RpcError.str1.1)
 .rodata._ZN10RpcDecoderILj1024EE12get_responseIN7arduino7msgpack6object5nil_tEEEbjRT_R8RpcError.str1.1
                0x000000000000018f       0x7b /home/daniele/.cache/arduino/sketches/8F5B4C87658DA4D72637908642324F88/libraries/Arduino_RouterBridge/singletons.cpp.o
 *(.rodata._ZN10RpcDecoderILj1024EE12get_responseIbEEbjRT_R8RpcError.str1.1)
 .rodata._ZN10RpcDecoderILj1024EE12get_responseIbEEbjRT_R8RpcError.str1.1
                0x000000000000020a       0x7b /home/daniele/.cache/arduino/sketches/8F5B4C87658DA4D72637908642324F88/sketch/TimersAndCancellation.ino.cpp.o
 *(.rodata._ZN11BridgeClass11update_safeEv.str1.1)
 .rodata._ZN11BridgeClass11update_safeEv.str1.1
                0x0000000000000285        0x9 /home/daniele/.cache/arduino/sketches/8F5B4C87658DA4D72637908642324F88/sketch/TimersAndCancellation.ino.cpp.o
 *(.rodata._ZN11BridgeClass5beginEm.str1.1)
 .rodata._ZN11BridgeClass5beginEm.str1.1
                0x000000000000028e       0x45 /home/daniele/.cache/arduino/sketches/8F5B4C87658DA4D72637908642324F88/sketch/TimersAndCancellation.ino.cpp.o
 *(.rodata._ZN13BridgeMonitorILj512EE5_readEj.str1.1)
 .rodata._ZN13BridgeMonitorILj512EE5_readEj.str1.1
                0x00000000000002d3        0x9 /home/daniele/.cache/arduino/sketches/8F5B4C87658DA4D72637908642324F88/libraries/Arduino_RouterBridge/singletons.cpp.o
 *(.rodata._ZN13BridgeMonitorILj512EE5writeEPKhj.str1.1)
 .rodata._ZN13BridgeMonitorILj512EE5writeEPKhj.str1.1
                0x00000000000002dc       0x49 /home/daniele/.cache/arduino/sketches/8F5B4C87658DA4D72637908642324F88/libraries/Arduino_RouterBridge/singletons.cpp.o
 *(.rodata._ZN14arduino_events7Runtime5beginERKNS_6ConfigE.str1.1)
 .rodata._ZN14arduino_events7Runtime5beginERKNS_6ConfigE.str1.1
                0x0000000000000325       0x10 /home/daniele/.cache/arduino/sketches/8F5B4C87658DA4D72637908642324F88/libraries/ArduinoEvents/ArduinoEvents.cpp.o
 *(.rodata._ZN14arduino_events7Runtime6updateEj.str1.1)
 .rodata._ZN14arduino_events7Runtime6updateEj.str1.1
                0x0000000000000335        0xf /home/daniele/.cache/arduino/sketches/8F5B4C87658DA4D72637908642324F88/libraries/ArduinoEvents/ArduinoEvents.cpp.o
 *(.rodata._ZN7RpcCallIJEE6resultIbEEbRT_.part.0.str1.1)
 .rodata._ZN7RpcCallIJEE6resultIbEEbRT_.part.0.str1.1
                0x0000000000000344       0x21 /home/daniele/.cache/arduino/sketches/8F5B4C87658DA4D72637908642324F88/sketch/TimersAndCancellation.ino.cpp.o
 *(.rodata._ZN7RpcCallIJEEC2ERKN7arduino6StringEP9RPCClientP7k_mutexS8_.str1.1)
 .rodata._ZN7RpcCallIJEEC2ERKN7arduino6StringEP9RPCClientP7k_mutexS8_.str1.1
                0x0000000000000365       0x1e /home/daniele/.cache/arduino/sketches/8F5B4C87658DA4D72637908642324F88/sketch/TimersAndCancellation.ino.cpp.o
 *(.rodata._ZN7arduino5Print7printlnEv.str1.1)
 .rodata._ZN7arduino5Print7printlnEv.str1.1
                0x0000000000000383        0x3 /home/daniele/.cache/arduino/sketches/8F5B4C87658DA4D72637908642324F88/../../cores/arduino-git_zephyr_unoq_f0a012e1a064909ca1c15d8366925f20/core.a(Print.cpp.o)
 *(.rodata._ZN7arduino7msgpack6object3extC2EaPKhj.str1.1)
 .rodata._ZN7arduino7msgpack6object3extC2EaPKhj.str1.1
                0x0000000000000386       0x28 /home/daniele/.cache/arduino/sketches/8F5B4C87658DA4D72637908642324F88/sketch/TimersAndCancellation.ino.cpp.o
 *(.rodata._ZN8RpcErrorC2Ev.str1.1)
 .rodata._ZN8RpcErrorC2Ev.str1.1
                0x00000000000003ae        0x1 /home/daniele/.cache/arduino/sketches/8F5B4C87658DA4D72637908642324F88/sketch/TimersAndCancellation.ino.cpp.o
 .rodata._ZN8RpcErrorC2Ev.str1.1
                0x00000000000003af        0x1 /home/daniele/.cache/arduino/sketches/8F5B4C87658DA4D72637908642324F88/libraries/Arduino_RouterBridge/singletons.cpp.o
 *(.rodata._ZNSt6vectorIcSaIcEE14_M_fill_assignEjRKc.str1.1)
 .rodata._ZNSt6vectorIcSaIcEE14_M_fill_assignEjRKc.str1.1
                0x00000000000003b0       0x31 /home/daniele/.cache/arduino/sketches/8F5B4C87658DA4D72637908642324F88/libraries/ArduinoEvents/ArduinoEvents.cpp.o
 *(.rodata._ZNSt6vectorIhSaIhEE12emplace_backIJhEEERhDpOT_.isra.0.str1.1)
 .rodata._ZNSt6vectorIhSaIhEE12emplace_backIJhEEERhDpOT_.isra.0.str1.1
                0x00000000000003e1       0x1a /home/daniele/.cache/arduino/sketches/8F5B4C87658DA4D72637908642324F88/libraries/ArduinoEvents/ArduinoEvents.cpp.o
 *(.rodata._ZNSt6vectorIjSaIjEE17_M_realloc_insertIJRjEEEvN9__gnu_cxx17__normal_iteratorIPjS1_EEDpOT_.str1.1)
 .rodata._ZNSt6vectorIjSaIjEE17_M_realloc_insertIJRjEEEvN9__gnu_cxx17__normal_iteratorIPjS1_EEDpOT_.str1.1
                0x00000000000003fb       0x1a /home/daniele/.cache/arduino/sketches/8F5B4C87658DA4D72637908642324F88/sketch/TimersAndCancellation.ino.cpp.o
 .rodata._ZNSt6vectorIjSaIjEE17_M_realloc_insertIJRjEEEvN9__gnu_cxx17__normal_iteratorIPjS1_EEDpOT_.str1.1
                0x0000000000000415       0x1a /home/daniele/.cache/arduino/sketches/8F5B4C87658DA4D72637908642324F88/libraries/Arduino_RouterBridge/singletons.cpp.o
 *(.rodata._ZTSN10__cxxabiv117__class_type_infoE)
 .rodata._ZTSN10__cxxabiv117__class_type_infoE
                0x000000000000042f       0x22 /home/daniele/.arduino15/packages/zephyr/tools/arm-zephyr-eabi/0.16.8/bin/../lib/gcc/arm-zephyr-eabi/12.2.0/../../../../arm-zephyr-eabi/lib/thumb/v8-m.main+fp/hard/libstdc++_nano.a(class_type_info.o)
                0x000000000000042f                typeinfo name for __cxxabiv1::__class_type_info
 *(.rodata._ZTSN10__cxxabiv120__si_class_type_infoE)
 .rodata._ZTSN10__cxxabiv120__si_class_type_infoE
                0x0000000000000451       0x25 /home/daniele/.arduino15/packages/zephyr/tools/arm-zephyr-eabi/0.16.8/bin/../lib/gcc/arm-zephyr-eabi/12.2.0/../../../../arm-zephyr-eabi/lib/thumb/v8-m.main+fp/hard/libstdc++_nano.a(si_class_type_info.o)
                0x0000000000000451                typeinfo name for __cxxabiv1::__si_class_type_info
 *(.rodata._ZTSSt19_Sp_make_shared_tag)
 .rodata._ZTSSt19_Sp_make_shared_tag
                0x0000000000000476       0x18 /home/daniele/.arduino15/packages/zephyr/tools/arm-zephyr-eabi/0.16.8/bin/../lib/gcc/arm-zephyr-eabi/12.2.0/../../../../arm-zephyr-eabi/lib/thumb/v8-m.main+fp/hard/libstdc++_nano.a(shared_ptr.o)
                0x0000000000000476                typeinfo name for std::_Sp_make_shared_tag
 *(.rodata._ZTSSt9type_info)
 .rodata._ZTSSt9type_info
                0x000000000000048e        0xd /home/daniele/.arduino15/packages/zephyr/tools/arm-zephyr-eabi/0.16.8/bin/../lib/gcc/arm-zephyr-eabi/12.2.0/../../../../arm-zephyr-eabi/lib/thumb/v8-m.main+fp/hard/libstdc++_nano.a(tinfo.o)
                0x000000000000048e                typeinfo name for std::type_info
 *(.rodata._ZZNSt19_Sp_make_shared_tag5_S_tiEvE5__tag)
 *fill*         0x000000000000049b        0x1 
 .rodata._ZZNSt19_Sp_make_shared_tag5_S_tiEvE5__tag
                0x000000000000049c        0x8 /home/daniele/.cache/arduino/sketches/8F5B4C87658DA4D72637908642324F88/libraries/ArduinoEvents/ArduinoEvents.cpp.o
                0x000000000000049c                std::_Sp_make_shared_tag::_S_ti()::__tag
 *(.rodata.setup.str1.1)
 .rodata.setup.str1.1
                0x00000000000004a4       0x18 /home/daniele/.cache/arduino/sketches/8F5B4C87658DA4D72637908642324F88/sketch/TimersAndCancellation.ino.cpp.o
 *(.rodata.str1.1)
 .rodata.str1.1
                0x00000000000004bc       0x51 /home/daniele/.cache/arduino/sketches/8F5B4C87658DA4D72637908642324F88/../../cores/arduino-git_zephyr_unoq_f0a012e1a064909ca1c15d8366925f20/core.a(main.cpp.o)

.rel.rodata
 *(.rel.rodata)
 *(.rel.rodata.*)

.rela.rodata
 *(.rela.rodata)
 *(.rela.rodata.*)

/DISCARD/
 *(.ARM.attributes)
 *(.ARM.attributes.*)
 *(.ARM.exidx)
 *(.ARM.exidx.*)
 *(.ARM.extidx)
 *(.ARM.extidx.*)
 *(.ARM.extab)
 *(.ARM.extab.*)
 *(.comment)
 *(.comment.*)
 *(.llvmbc)
 *(.llvmcmd)
 *(.eh_frame)
 *stdexcept.o()
 *eh_*.o()
 *cow-stdexcept.o()
 *cow-string-inst.o()

.text           0x0000000000000000     0x6a50
 *(.text)
 *(.stub)
 *(.text*)
 .text._ZN15SerialTransport9availableEv
                0x0000000000000000       0x12 /home/daniele/.cache/arduino/sketches/8F5B4C87658DA4D72637908642324F88/sketch/TimersAndCancellation.ino.cpp.o
                0x0000000000000000                SerialTransport::available()
 .text._ZN15SerialTransport5writeEPKhj
                0x0000000000000012       0x10 /home/daniele/.cache/arduino/sketches/8F5B4C87658DA4D72637908642324F88/sketch/TimersAndCancellation.ino.cpp.o
                0x0000000000000012                SerialTransport::write(unsigned char const*, unsigned int)
 .text._ZN15SerialTransportD2Ev
                0x0000000000000022        0x2 /home/daniele/.cache/arduino/sketches/8F5B4C87658DA4D72637908642324F88/sketch/TimersAndCancellation.ino.cpp.o
                0x0000000000000022                SerialTransport::~SerialTransport()
                0x0000000000000022                SerialTransport::~SerialTransport()
 .text.k_yield  0x0000000000000024        0x8 /home/daniele/.cache/arduino/sketches/8F5B4C87658DA4D72637908642324F88/sketch/TimersAndCancellation.ino.cpp.o
 .text.k_mutex_lock
                0x000000000000002c        0x8 /home/daniele/.cache/arduino/sketches/8F5B4C87658DA4D72637908642324F88/sketch/TimersAndCancellation.ino.cpp.o
 .text.__tcf_0  0x0000000000000034       0x10 /home/daniele/.cache/arduino/sketches/8F5B4C87658DA4D72637908642324F88/sketch/TimersAndCancellation.ino.cpp.o
 .text._ZN15SerialTransport4readEPhj
                0x0000000000000044       0x28 /home/daniele/.cache/arduino/sketches/8F5B4C87658DA4D72637908642324F88/sketch/TimersAndCancellation.ino.cpp.o
                0x0000000000000044                SerialTransport::read(unsigned char*, unsigned int)
 .text._ZN15SerialTransport9read_byteERh
                0x000000000000006c       0x20 /home/daniele/.cache/arduino/sketches/8F5B4C87658DA4D72637908642324F88/sketch/TimersAndCancellation.ino.cpp.o
                0x000000000000006c                SerialTransport::read_byte(unsigned char&)
 .text._ZN15SerialTransportD0Ev
                0x000000000000008c       0x14 /home/daniele/.cache/arduino/sketches/8F5B4C87658DA4D72637908642324F88/sketch/TimersAndCancellation.ino.cpp.o
                0x000000000000008c                SerialTransport::~SerialTransport()
 .text._Z9onOneShotv
                0x00000000000000a0       0x14 /home/daniele/.cache/arduino/sketches/8F5B4C87658DA4D72637908642324F88/sketch/TimersAndCancellation.ino.cpp.o
                0x00000000000000a0                onOneShot()
 .text._Z23cancelOneShotBeforeFirev
                0x00000000000000b4       0x50 /home/daniele/.cache/arduino/sketches/8F5B4C87658DA4D72637908642324F88/sketch/TimersAndCancellation.ino.cpp.o
                0x00000000000000b4                cancelOneShotBeforeFire()
 .text._Z11onHeartbeatv
                0x0000000000000104       0x7c /home/daniele/.cache/arduino/sketches/8F5B4C87658DA4D72637908642324F88/sketch/TimersAndCancellation.ino.cpp.o
                0x0000000000000104                onHeartbeat()
 .text._ZSt14__relocate_a_1IhhENSt9enable_ifIXsrSt24__is_bitwise_relocatableIT_vE5valueEPS2_E4typeES4_S4_S4_RSaIT0_E.isra.0
                0x0000000000000180       0x20 /home/daniele/.cache/arduino/sketches/8F5B4C87658DA4D72637908642324F88/sketch/TimersAndCancellation.ino.cpp.o
 .text._ZNSt17_Function_handlerIFvvEPS0_E10_M_managerERSt9_Any_dataRKS3_St18_Manager_operation
                0x00000000000001a0       0x30 /home/daniele/.cache/arduino/sketches/8F5B4C87658DA4D72637908642324F88/sketch/TimersAndCancellation.ino.cpp.o
                0x00000000000001a0                std::_Function_handler<void (), void (*)()>::_M_manager(std::_Any_data&, std::_Any_data const&, std::_Manager_operation)
 .text._ZNSt17_Function_handlerIFvvEPS0_E9_M_invokeERKSt9_Any_data
                0x00000000000001d0        0x4 /home/daniele/.cache/arduino/sketches/8F5B4C87658DA4D72637908642324F88/sketch/TimersAndCancellation.ino.cpp.o
                0x00000000000001d0                std::_Function_handler<void (), void (*)()>::_M_invoke(std::_Any_data const&)
 .text._ZNSt12_Vector_baseIhSaIhEE11_M_allocateEj.isra.0
                0x00000000000001d4       0x20 /home/daniele/.cache/arduino/sketches/8F5B4C87658DA4D72637908642324F88/sketch/TimersAndCancellation.ino.cpp.o
 .text.k_mutex_unlock.isra.0
                0x00000000000001f4        0x8 /home/daniele/.cache/arduino/sketches/8F5B4C87658DA4D72637908642324F88/sketch/TimersAndCancellation.ino.cpp.o
 .text.k_mutex_init.isra.0
                0x00000000000001fc        0x8 /home/daniele/.cache/arduino/sketches/8F5B4C87658DA4D72637908642324F88/sketch/TimersAndCancellation.ino.cpp.o
 .text.k_msleep.constprop.0.isra.0
                0x0000000000000204        0xc /home/daniele/.cache/arduino/sketches/8F5B4C87658DA4D72637908642324F88/sketch/TimersAndCancellation.ino.cpp.o
 .text._ZNSt14_Function_baseD2Ev
                0x0000000000000210       0x12 /home/daniele/.cache/arduino/sketches/8F5B4C87658DA4D72637908642324F88/sketch/TimersAndCancellation.ino.cpp.o
                0x0000000000000210                std::_Function_base::~_Function_base()
                0x0000000000000210                std::_Function_base::~_Function_base()
 .text._ZN7arduino7msgpack8Unpacker11deserializeEv
                0x0000000000000222       0x16 /home/daniele/.cache/arduino/sketches/8F5B4C87658DA4D72637908642324F88/sketch/TimersAndCancellation.ino.cpp.o
                0x0000000000000222                arduino::msgpack::Unpacker::deserialize()
 .text._ZN7arduino7msgpack8Unpacker5clearEv
                0x0000000000000238       0x14 /home/daniele/.cache/arduino/sketches/8F5B4C87658DA4D72637908642324F88/sketch/TimersAndCancellation.ino.cpp.o
                0x0000000000000238                arduino::msgpack::Unpacker::clear()
 .text._ZNK7arduino7msgpack8Unpacker13getRawBytePtrEjj
                0x000000000000024c       0x1e /home/daniele/.cache/arduino/sketches/8F5B4C87658DA4D72637908642324F88/sketch/TimersAndCancellation.ino.cpp.o
                0x000000000000024c                arduino::msgpack::Unpacker::getRawBytePtr(unsigned int, unsigned int) const
 *fill*         0x000000000000026a        0x2 
 .text._ZN8RpcErrorC2Ev
                0x000000000000026c       0x2c /home/daniele/.cache/arduino/sketches/8F5B4C87658DA4D72637908642324F88/sketch/TimersAndCancellation.ino.cpp.o
                0x000000000000026c                RpcError::RpcError()
                0x000000000000026c                RpcError::RpcError()
 .text._ZN7arduino7msgpack8UnpackerC2Ev
                0x0000000000000298       0x10 /home/daniele/.cache/arduino/sketches/8F5B4C87658DA4D72637908642324F88/sketch/TimersAndCancellation.ino.cpp.o
                0x0000000000000298                arduino::msgpack::Unpacker::Unpacker()
                0x0000000000000298                arduino::msgpack::Unpacker::Unpacker()
 .text._ZN10RPCRequestILj256EEC2Ev
                0x00000000000002a8       0x4c /home/daniele/.cache/arduino/sketches/8F5B4C87658DA4D72637908642324F88/sketch/TimersAndCancellation.ino.cpp.o
                0x00000000000002a8                RPCRequest<256u>::RPCRequest()
                0x00000000000002a8                RPCRequest<256u>::RPCRequest()
 .text._ZN11BridgeClass10is_startedEv
                0x00000000000002f4       0x2c /home/daniele/.cache/arduino/sketches/8F5B4C87658DA4D72637908642324F88/sketch/TimersAndCancellation.ino.cpp.o
                0x00000000000002f4                BridgeClass::is_started()
 .text.loop     0x0000000000000320       0x18 /home/daniele/.cache/arduino/sketches/8F5B4C87658DA4D72637908642324F88/sketch/TimersAndCancellation.ino.cpp.o
                0x0000000000000320                loop
 .text._ZNSt12_Vector_baseIhSaIhEED2Ev
                0x0000000000000338       0x18 /home/daniele/.cache/arduino/sketches/8F5B4C87658DA4D72637908642324F88/sketch/TimersAndCancellation.ino.cpp.o
                0x0000000000000338                std::_Vector_base<unsigned char, std::allocator<unsigned char> >::~_Vector_base()
                0x0000000000000338                std::_Vector_base<unsigned char, std::allocator<unsigned char> >::~_Vector_base()
 .text.__tcf_2  0x0000000000000350       0x14 /home/daniele/.cache/arduino/sketches/8F5B4C87658DA4D72637908642324F88/sketch/TimersAndCancellation.ino.cpp.o
 .text.__tcf_1  0x0000000000000364       0x14 /home/daniele/.cache/arduino/sketches/8F5B4C87658DA4D72637908642324F88/sketch/TimersAndCancellation.ino.cpp.o
 .text._ZNSt6vectorIhSaIhEE14_M_move_assignEOS1_St17integral_constantIbLb1EE.isra.0
                0x0000000000000378       0x34 /home/daniele/.cache/arduino/sketches/8F5B4C87658DA4D72637908642324F88/sketch/TimersAndCancellation.ino.cpp.o
 .text._ZNK7arduino7msgpack8Unpacker11getRawBytesIhEET_jj
                0x00000000000003ac       0x1e /home/daniele/.cache/arduino/sketches/8F5B4C87658DA4D72637908642324F88/sketch/TimersAndCancellation.ino.cpp.o
                0x00000000000003ac                unsigned char arduino::msgpack::Unpacker::getRawBytes<unsigned char>(unsigned int, unsigned int) const
 *fill*         0x00000000000003ca        0x2 
 .text._ZNK7arduino7msgpack8Unpacker7getTypeEj
                0x00000000000003cc       0x58 /home/daniele/.cache/arduino/sketches/8F5B4C87658DA4D72637908642324F88/sketch/TimersAndCancellation.ino.cpp.o
                0x00000000000003cc                arduino::msgpack::Unpacker::getType(unsigned int) const
 .text._ZNK7arduino7msgpack8Unpacker7getTypeEv
                0x0000000000000424       0x10 /home/daniele/.cache/arduino/sketches/8F5B4C87658DA4D72637908642324F88/sketch/TimersAndCancellation.ino.cpp.o
                0x0000000000000424                arduino::msgpack::Unpacker::getType() const
 .text._ZNK7arduino7msgpack8Unpacker7isArrayEv
                0x0000000000000434       0x20 /home/daniele/.cache/arduino/sketches/8F5B4C87658DA4D72637908642324F88/sketch/TimersAndCancellation.ino.cpp.o
                0x0000000000000434                arduino::msgpack::Unpacker::isArray() const
 .text._ZN7arduino7msgpack8Unpacker11unpackInt32Ev
                0x0000000000000454       0x58 /home/daniele/.cache/arduino/sketches/8F5B4C87658DA4D72637908642324F88/sketch/TimersAndCancellation.ino.cpp.o
                0x0000000000000454                arduino::msgpack::Unpacker::unpackInt32()
 .text._ZN7arduino7msgpack8Unpacker11unpackInt64Ev
                0x00000000000004ac       0x60 /home/daniele/.cache/arduino/sketches/8F5B4C87658DA4D72637908642324F88/sketch/TimersAndCancellation.ino.cpp.o
                0x00000000000004ac                arduino::msgpack::Unpacker::unpackInt64()
 .text._ZN7arduino7msgpack8Unpacker9unpackNilEv
                0x000000000000050c       0x3c /home/daniele/.cache/arduino/sketches/8F5B4C87658DA4D72637908642324F88/sketch/TimersAndCancellation.ino.cpp.o
                0x000000000000050c                arduino::msgpack::Unpacker::unpackNil()
 .text._ZNK7arduino7msgpack8Unpacker5isMapEv
                0x0000000000000548       0x20 /home/daniele/.cache/arduino/sketches/8F5B4C87658DA4D72637908642324F88/sketch/TimersAndCancellation.ino.cpp.o
                0x0000000000000548                arduino::msgpack::Unpacker::isMap() const
 .text._ZNK7arduino7msgpack8Unpacker6isUIntEv
                0x0000000000000568       0x20 /home/daniele/.cache/arduino/sketches/8F5B4C87658DA4D72637908642324F88/sketch/TimersAndCancellation.ino.cpp.o
                0x0000000000000568                arduino::msgpack::Unpacker::isUInt() const
 .text._ZNK7arduino7msgpack8Unpacker5isIntEv
                0x0000000000000588       0x20 /home/daniele/.cache/arduino/sketches/8F5B4C87658DA4D72637908642324F88/sketch/TimersAndCancellation.ino.cpp.o
                0x0000000000000588                arduino::msgpack::Unpacker::isInt() const
 .text._ZN7arduino7msgpack8Unpacker11unpackInt16Ev
                0x00000000000005a8       0x4c /home/daniele/.cache/arduino/sketches/8F5B4C87658DA4D72637908642324F88/sketch/TimersAndCancellation.ino.cpp.o
                0x00000000000005a8                arduino::msgpack::Unpacker::unpackInt16()
 .text._ZN7arduino7msgpack8Unpacker13unpackFloat32Ev
                0x00000000000005f4       0x60 /home/daniele/.cache/arduino/sketches/8F5B4C87658DA4D72637908642324F88/sketch/TimersAndCancellation.ino.cpp.o
                0x00000000000005f4                arduino::msgpack::Unpacker::unpackFloat32()
 *fill*         0x0000000000000654        0x4 
 .text._ZN7arduino7msgpack8Unpacker13unpackFloat64Ev
                0x0000000000000658       0x6c /home/daniele/.cache/arduino/sketches/8F5B4C87658DA4D72637908642324F88/sketch/TimersAndCancellation.ino.cpp.o
                0x0000000000000658                arduino::msgpack::Unpacker::unpackFloat64()
 .text._ZN7arduino7msgpack8Unpacker10unpackInt5Ev
                0x00000000000006c4       0x4c /home/daniele/.cache/arduino/sketches/8F5B4C87658DA4D72637908642324F88/sketch/TimersAndCancellation.ino.cpp.o
                0x00000000000006c4                arduino::msgpack::Unpacker::unpackInt5()
 .text._ZN7arduino7msgpack8Unpacker11unpackUInt7Ev
                0x0000000000000710       0x48 /home/daniele/.cache/arduino/sketches/8F5B4C87658DA4D72637908642324F88/sketch/TimersAndCancellation.ino.cpp.o
                0x0000000000000710                arduino::msgpack::Unpacker::unpackUInt7()
 .text._ZN7arduino7msgpack8Unpacker11unpackUInt8Ev
                0x0000000000000758       0x48 /home/daniele/.cache/arduino/sketches/8F5B4C87658DA4D72637908642324F88/sketch/TimersAndCancellation.ino.cpp.o
                0x0000000000000758                arduino::msgpack::Unpacker::unpackUInt8()
 .text._ZNK7arduino7msgpack8Unpacker11getRawBytesItEET_jj
                0x00000000000007a0       0x26 /home/daniele/.cache/arduino/sketches/8F5B4C87658DA4D72637908642324F88/sketch/TimersAndCancellation.ino.cpp.o
                0x00000000000007a0                unsigned short arduino::msgpack::Unpacker::getRawBytes<unsigned short>(unsigned int, unsigned int) const
 *fill*         0x00000000000007c6        0x2 
 .text._ZN7arduino7msgpack8Unpacker12unpackUInt16Ev
                0x00000000000007c8       0x48 /home/daniele/.cache/arduino/sketches/8F5B4C87658DA4D72637908642324F88/sketch/TimersAndCancellation.ino.cpp.o
                0x00000000000007c8                arduino::msgpack::Unpacker::unpackUInt16()
 .text._ZNK7arduino7msgpack8Unpacker11getRawBytesIjEET_jj
                0x0000000000000810       0x34 /home/daniele/.cache/arduino/sketches/8F5B4C87658DA4D72637908642324F88/sketch/TimersAndCancellation.ino.cpp.o
                0x0000000000000810                unsigned int arduino::msgpack::Unpacker::getRawBytes<unsigned int>(unsigned int, unsigned int) const
 .text._ZNK7arduino7msgpack8Unpacker14getElementSizeEj
                0x0000000000000844      0x11c /home/daniele/.cache/arduino/sketches/8F5B4C87658DA4D72637908642324F88/sketch/TimersAndCancellation.ino.cpp.o
                0x0000000000000844                arduino::msgpack::Unpacker::getElementSize(unsigned int) const
 .text._ZN7arduino7msgpack8Unpacker15unpackArraySizeEv
                0x0000000000000960       0x78 /home/daniele/.cache/arduino/sketches/8F5B4C87658DA4D72637908642324F88/sketch/TimersAndCancellation.ino.cpp.o
                0x0000000000000960                arduino::msgpack::Unpacker::unpackArraySize()
 .text._ZN7arduino7msgpack8Unpacker11deserializeINS0_4type9ArraySizeEJEEEbRT_DpOT0_.isra.0
                0x00000000000009d8       0x40 /home/daniele/.cache/arduino/sketches/8F5B4C87658DA4D72637908642324F88/sketch/TimersAndCancellation.ino.cpp.o
 .text._ZN7arduino7msgpack8Unpacker12unpackUInt32Ev
                0x0000000000000a18       0x48 /home/daniele/.cache/arduino/sketches/8F5B4C87658DA4D72637908642324F88/sketch/TimersAndCancellation.ino.cpp.o
                0x0000000000000a18                arduino::msgpack::Unpacker::unpackUInt32()
 .text._ZN7arduino7msgpack8Unpacker13unpackMapSizeEv
                0x0000000000000a60       0x78 /home/daniele/.cache/arduino/sketches/8F5B4C87658DA4D72637908642324F88/sketch/TimersAndCancellation.ino.cpp.o
                0x0000000000000a60                arduino::msgpack::Unpacker::unpackMapSize()
 .text._ZNK7arduino7msgpack8Unpacker11getRawBytesIyEET_jj
                0x0000000000000ad8       0x3a /home/daniele/.cache/arduino/sketches/8F5B4C87658DA4D72637908642324F88/sketch/TimersAndCancellation.ino.cpp.o
                0x0000000000000ad8                unsigned long long arduino::msgpack::Unpacker::getRawBytes<unsigned long long>(unsigned int, unsigned int) const
 *fill*         0x0000000000000b12        0x2 
 .text._ZN7arduino7msgpack8Unpacker12unpackUInt64Ev
                0x0000000000000b14       0x4c /home/daniele/.cache/arduino/sketches/8F5B4C87658DA4D72637908642324F88/sketch/TimersAndCancellation.ino.cpp.o
                0x0000000000000b14                arduino::msgpack::Unpacker::unpackUInt64()
 .text._ZNK7arduino7msgpack8Unpacker11getRawBytesIaEET_jj
                0x0000000000000b60       0x1e /home/daniele/.cache/arduino/sketches/8F5B4C87658DA4D72637908642324F88/sketch/TimersAndCancellation.ino.cpp.o
                0x0000000000000b60                signed char arduino::msgpack::Unpacker::getRawBytes<signed char>(unsigned int, unsigned int) const
 *fill*         0x0000000000000b7e        0x2 
 .text._ZN7arduino7msgpack8Unpacker10unpackInt8Ev
                0x0000000000000b80       0x48 /home/daniele/.cache/arduino/sketches/8F5B4C87658DA4D72637908642324F88/sketch/TimersAndCancellation.ino.cpp.o
                0x0000000000000b80                arduino::msgpack::Unpacker::unpackInt8()
 .text._ZNK7arduino7msgpack8Unpacker13isTimestamp32Ev
                0x0000000000000bc8       0x2c /home/daniele/.cache/arduino/sketches/8F5B4C87658DA4D72637908642324F88/sketch/TimersAndCancellation.ino.cpp.o
                0x0000000000000bc8                arduino::msgpack::Unpacker::isTimestamp32() const
 .text._ZNK7arduino7msgpack8Unpacker13isTimestamp64Ev
                0x0000000000000bf4       0x2c /home/daniele/.cache/arduino/sketches/8F5B4C87658DA4D72637908642324F88/sketch/TimersAndCancellation.ino.cpp.o
                0x0000000000000bf4                arduino::msgpack::Unpacker::isTimestamp64() const
 .text._ZNK7arduino7msgpack8Unpacker13isTimestamp96Ev
                0x0000000000000c20       0x40 /home/daniele/.cache/arduino/sketches/8F5B4C87658DA4D72637908642324F88/sketch/TimersAndCancellation.ino.cpp.o
                0x0000000000000c20                arduino::msgpack::Unpacker::isTimestamp96() const
 .text._ZNK7arduino7msgpack8Unpacker11getRawBytesIcEET_jj
                0x0000000000000c60       0x1e /home/daniele/.cache/arduino/sketches/8F5B4C87658DA4D72637908642324F88/sketch/TimersAndCancellation.ino.cpp.o
                0x0000000000000c60                char arduino::msgpack::Unpacker::getRawBytes<char>(unsigned int, unsigned int) const
 *fill*         0x0000000000000c7e        0x2 
 .text._ZN7arduino7msgpack8Unpacker11deserializeINS0_6object5nil_tEJEEEbRT_DpOT0_
                0x0000000000000c80       0x40 /home/daniele/.cache/arduino/sketches/8F5B4C87658DA4D72637908642324F88/sketch/TimersAndCancellation.ino.cpp.o
                0x0000000000000c80                bool arduino::msgpack::Unpacker::deserialize<arduino::msgpack::object::nil_t>(arduino::msgpack::object::nil_t&)
 .text._ZN7arduino7msgpack8Unpacker11deserializeIbJEEEbRT_DpOT0_
                0x0000000000000cc0       0x68 /home/daniele/.cache/arduino/sketches/8F5B4C87658DA4D72637908642324F88/sketch/TimersAndCancellation.ino.cpp.o
                0x0000000000000cc0                bool arduino::msgpack::Unpacker::deserialize<bool>(bool&)
 .text._ZN7arduino7msgpack8Unpacker11deserializeINS_6StringEJEEEbRT_DpOT0_
                0x0000000000000d28      0x174 /home/daniele/.cache/arduino/sketches/8F5B4C87658DA4D72637908642324F88/sketch/TimersAndCancellation.ino.cpp.o
                0x0000000000000d28                bool arduino::msgpack::Unpacker::deserialize<arduino::String>(arduino::String&)
 .text._ZN7arduino7msgpack8Unpacker11deserializeINS0_6object8timespecEJEEEbRT_DpOT0_
                0x0000000000000e9c       0xc4 /home/daniele/.cache/arduino/sketches/8F5B4C87658DA4D72637908642324F88/sketch/TimersAndCancellation.ino.cpp.o
                0x0000000000000e9c                bool arduino::msgpack::Unpacker::deserialize<arduino::msgpack::object::timespec>(arduino::msgpack::object::timespec&)
 .text._ZN17RpcDecoderManagerILj3EE10getDecoderER10ITransport
                0x0000000000000f60       0x7c /home/daniele/.cache/arduino/sketches/8F5B4C87658DA4D72637908642324F88/sketch/TimersAndCancellation.ino.cpp.o
                0x0000000000000f60                RpcDecoderManager<3u>::getDecoder(ITransport&)
 .text._ZNSt12_Vector_baseIjSaIjEED2Ev
                0x0000000000000fdc       0x18 /home/daniele/.cache/arduino/sketches/8F5B4C87658DA4D72637908642324F88/sketch/TimersAndCancellation.ino.cpp.o
                0x0000000000000fdc                std::_Vector_base<unsigned int, std::allocator<unsigned int> >::~_Vector_base()
                0x0000000000000fdc                std::_Vector_base<unsigned int, std::allocator<unsigned int> >::~_Vector_base()
 .text._ZN10RPCRequestILj256EED2Ev
                0x0000000000000ff4       0x2c /home/daniele/.cache/arduino/sketches/8F5B4C87658DA4D72637908642324F88/sketch/TimersAndCancellation.ino.cpp.o
                0x0000000000000ff4                RPCRequest<256u>::~RPCRequest()
                0x0000000000000ff4                RPCRequest<256u>::~RPCRequest()
 .text._ZNSt8functionIFvvEEC2IRS0_vEEOT_
                0x0000000000001020       0x34 /home/daniele/.cache/arduino/sketches/8F5B4C87658DA4D72637908642324F88/sketch/TimersAndCancellation.ino.cpp.o
                0x0000000000001020                std::function<void ()>::function<void (&)(), void>(void (&)())
                0x0000000000001020                std::function<void ()>::function<void (&)(), void>(void (&)())
 .text._ZNSt6vectorIjSaIjEE17_M_realloc_insertIJRjEEEvN9__gnu_cxx17__normal_iteratorIPjS1_EEDpOT_
                0x0000000000001054       0xdc /home/daniele/.cache/arduino/sketches/8F5B4C87658DA4D72637908642324F88/sketch/TimersAndCancellation.ino.cpp.o
                0x0000000000001054                void std::vector<unsigned int, std::allocator<unsigned int> >::_M_realloc_insert<unsigned int&>(__gnu_cxx::__normal_iterator<unsigned int*, std::vector<unsigned int, std::allocator<unsigned int> > >, unsigned int&)
 .text._ZN7arduino7msgpack8Unpacker4feedEPKhj
                0x0000000000001130       0x78 /home/daniele/.cache/arduino/sketches/8F5B4C87658DA4D72637908642324F88/sketch/TimersAndCancellation.ino.cpp.o
                0x0000000000001130                arduino::msgpack::Unpacker::feed(unsigned char const*, unsigned int)
 .text._ZN7RpcCallIJEE8setErrorEiN7arduino6StringE
                0x00000000000011a8       0x40 /home/daniele/.cache/arduino/sketches/8F5B4C87658DA4D72637908642324F88/sketch/TimersAndCancellation.ino.cpp.o
                0x00000000000011a8                RpcCall<>::setError(int, arduino::String)
 .text._ZN7RpcCallIJEEC2ERKN7arduino6StringEP9RPCClientP7k_mutexS8_
                0x00000000000011e8       0x7c /home/daniele/.cache/arduino/sketches/8F5B4C87658DA4D72637908642324F88/sketch/TimersAndCancellation.ino.cpp.o
                0x00000000000011e8                RpcCall<>::RpcCall(arduino::String const&, RPCClient*, k_mutex*, k_mutex*)
                0x00000000000011e8                RpcCall<>::RpcCall(arduino::String const&, RPCClient*, k_mutex*, k_mutex*)
 .text._ZN7RpcCallIJEE6resultIbEEbRT_.part.0
                0x0000000000001264       0x34 /home/daniele/.cache/arduino/sketches/8F5B4C87658DA4D72637908642324F88/sketch/TimersAndCancellation.ino.cpp.o
 .text._ZN7RpcCallIJEE7isErrorEv
                0x0000000000001298       0x34 /home/daniele/.cache/arduino/sketches/8F5B4C87658DA4D72637908642324F88/sketch/TimersAndCancellation.ino.cpp.o
                0x0000000000001298                RpcCall<>::isError()
 .text._ZNKSt6vectorIhSaIhEE12_M_check_lenEjPKc
                0x00000000000012cc       0x38 /home/daniele/.cache/arduino/sketches/8F5B4C87658DA4D72637908642324F88/sketch/TimersAndCancellation.ino.cpp.o
                0x00000000000012cc                std::vector<unsigned char, std::allocator<unsigned char> >::_M_check_len(unsigned int, char const*) const
 .text._ZNSt6vectorIhSaIhEE12emplace_backIJhEEERhDpOT_.isra.0
                0x0000000000001304       0x90 /home/daniele/.cache/arduino/sketches/8F5B4C87658DA4D72637908642324F88/sketch/TimersAndCancellation.ino.cpp.o
 .text._ZN7arduino7msgpack6Packer11packRawByteERKNS0_4TypeE.isra.0
                0x0000000000001394       0x18 /home/daniele/.cache/arduino/sketches/8F5B4C87658DA4D72637908642324F88/sketch/TimersAndCancellation.ino.cpp.o
 .text._ZNSt6vectorIhSaIhEE12emplace_backIJRKhEEERhDpOT_.isra.0
                0x00000000000013ac       0x90 /home/daniele/.cache/arduino/sketches/8F5B4C87658DA4D72637908642324F88/sketch/TimersAndCancellation.ino.cpp.o
 .text._ZN7arduino7msgpack6Packer9packUInt8Eh
                0x000000000000143c       0x2c /home/daniele/.cache/arduino/sketches/8F5B4C87658DA4D72637908642324F88/sketch/TimersAndCancellation.ino.cpp.o
                0x000000000000143c                arduino::msgpack::Packer::packUInt8(unsigned char)
 .text._ZNSt6vectorIhSaIhEE12emplace_backIJRhEEES3_DpOT_.isra.0
                0x0000000000001468       0x90 /home/daniele/.cache/arduino/sketches/8F5B4C87658DA4D72637908642324F88/sketch/TimersAndCancellation.ino.cpp.o
 .text._ZN7arduino7msgpack6Packer15packRawReversedIjEEvRKT_
                0x00000000000014f8       0x1c /home/daniele/.cache/arduino/sketches/8F5B4C87658DA4D72637908642324F88/sketch/TimersAndCancellation.ino.cpp.o
                0x00000000000014f8                void arduino::msgpack::Packer::packRawReversed<unsigned int>(unsigned int const&)
 .text._ZN7arduino7msgpack6Packer10packUInt32Ej
                0x0000000000001514       0x28 /home/daniele/.cache/arduino/sketches/8F5B4C87658DA4D72637908642324F88/sketch/TimersAndCancellation.ino.cpp.o
                0x0000000000001514                arduino::msgpack::Packer::packUInt32(unsigned int)
 .text._ZN7arduino7msgpack6Packer15packRawReversedItEEvRKT_
                0x000000000000153c       0x1c /home/daniele/.cache/arduino/sketches/8F5B4C87658DA4D72637908642324F88/sketch/TimersAndCancellation.ino.cpp.o
                0x000000000000153c                void arduino::msgpack::Packer::packRawReversed<unsigned short>(unsigned short const&)
 .text._ZN7arduino7msgpack6Packer13packArraySizeEj
                0x0000000000001558       0x58 /home/daniele/.cache/arduino/sketches/8F5B4C87658DA4D72637908642324F88/sketch/TimersAndCancellation.ino.cpp.o
                0x0000000000001558                arduino::msgpack::Packer::packArraySize(unsigned int)
 .text._ZN7arduino7msgpack6Packer10packUInt16Et
                0x00000000000015b0       0x2c /home/daniele/.cache/arduino/sketches/8F5B4C87658DA4D72637908642324F88/sketch/TimersAndCancellation.ino.cpp.o
                0x00000000000015b0                arduino::msgpack::Packer::packUInt16(unsigned short)
 .text._ZN7arduino7msgpack6Packer11packIntegerIjEENSt9enable_ifIXaaaaaasrSt13is_arithmeticIT_E5valuesrSt11is_integralIS5_E5valuentsrSt7is_sameIS5_bE5valuentsrS9_INSt9remove_cvIS5_E4typeEPcE5valueEvE4typeERKS5_.isra.0
                0x00000000000015dc       0x50 /home/daniele/.cache/arduino/sketches/8F5B4C87658DA4D72637908642324F88/sketch/TimersAndCancellation.ino.cpp.o
 .text._ZN7arduino7msgpack6Packer11packIntegerIiEENSt9enable_ifIXaaaaaasrSt13is_arithmeticIT_E5valuesrSt11is_integralIS5_E5valuentsrSt7is_sameIS5_bE5valuentsrS9_INSt9remove_cvIS5_E4typeEPcE5valueEvE4typeERKS5_.isra.0
                0x000000000000162c       0xb8 /home/daniele/.cache/arduino/sketches/8F5B4C87658DA4D72637908642324F88/sketch/TimersAndCancellation.ino.cpp.o
 .text._ZN7arduino7msgpack6Packer12packRawBytesEPKcj
                0x00000000000016e4       0x9c /home/daniele/.cache/arduino/sketches/8F5B4C87658DA4D72637908642324F88/sketch/TimersAndCancellation.ino.cpp.o
                0x00000000000016e4                arduino::msgpack::Packer::packRawBytes(char const*, unsigned int)
 .text._ZN7arduino7msgpack6Packer4packERKNS_6StringE
                0x0000000000001780       0x7c /home/daniele/.cache/arduino/sketches/8F5B4C87658DA4D72637908642324F88/sketch/TimersAndCancellation.ino.cpp.o
                0x0000000000001780                arduino::msgpack::Packer::pack(arduino::String const&)
 .text._ZN7arduino7msgpack8Unpacker9unpackIntIiEENSt9enable_ifIXaaaaaaaasrSt13is_arithmeticIT_E5valuesrSt11is_integralIS5_E5valuentsrSt7is_sameIS5_bE5valuentsrS9_INSt9remove_cvIS5_E4typeEPcE5valuesrSt9is_signedIS5_E5valueES5_E4typeEv
                0x00000000000017fc       0xd0 /home/daniele/.cache/arduino/sketches/8F5B4C87658DA4D72637908642324F88/sketch/TimersAndCancellation.ino.cpp.o
                0x00000000000017fc                std::enable_if<(((std::is_arithmetic<int>::value&&std::is_integral<int>::value)&&(!std::is_same<int, bool>::value))&&(!std::is_same<std::remove_cv<int>::type, char*>::value))&&std::is_signed<int>::value, int>::type arduino::msgpack::Unpacker::unpackInt<int>()
 .text._ZN7arduino7msgpack8Unpacker11deserializeIiJEEEbRT_DpOT0_
                0x00000000000018cc       0x40 /home/daniele/.cache/arduino/sketches/8F5B4C87658DA4D72637908642324F88/sketch/TimersAndCancellation.ino.cpp.o
                0x00000000000018cc                bool arduino::msgpack::Unpacker::deserialize<int>(int&)
 .text._ZN7arduino7msgpack8Unpacker11unpackFloatIfEENSt9enable_ifIXaasrSt13is_arithmeticIT_E5valuesrSt17is_floating_pointIS5_E5valueES5_E4typeEv
                0x000000000000190c      0x118 /home/daniele/.cache/arduino/sketches/8F5B4C87658DA4D72637908642324F88/sketch/TimersAndCancellation.ino.cpp.o
                0x000000000000190c                std::enable_if<std::is_arithmetic<float>::value&&std::is_floating_point<float>::value, float>::type arduino::msgpack::Unpacker::unpackFloat<float>()
 *fill*         0x0000000000001a24        0x4 
 .text._ZN7arduino7msgpack8Unpacker11unpackFloatIdEENSt9enable_ifIXaasrSt13is_arithmeticIT_E5valuesrSt17is_floating_pointIS5_E5valueES5_E4typeEv
                0x0000000000001a28      0x118 /home/daniele/.cache/arduino/sketches/8F5B4C87658DA4D72637908642324F88/sketch/TimersAndCancellation.ino.cpp.o
                0x0000000000001a28                std::enable_if<std::is_arithmetic<double>::value&&std::is_floating_point<double>::value, double>::type arduino::msgpack::Unpacker::unpackFloat<double>()
 .text._ZN7arduino7msgpack8Unpacker12unpackBinaryIhEENSt9enable_ifIXoosrSt7is_sameIT_cE5valuesrS4_IS5_hE5valueESt6vectorINS3_IXoosrS7_5valuesrS6_5valueES5_E4typeESaIS5_EEE4typeEv
                0x0000000000001b40      0x114 /home/daniele/.cache/arduino/sketches/8F5B4C87658DA4D72637908642324F88/sketch/TimersAndCancellation.ino.cpp.o
                0x0000000000001b40                std::enable_if<std::is_same<unsigned char, char>::value||std::is_same<unsigned char, unsigned char>::value, std::vector<std::enable_if<std::is_same<unsigned char, unsigned char>::value||std::is_same<unsigned char, char>::value, unsigned char>::type, std::allocator<unsigned char> > >::type arduino::msgpack::Unpacker::unpackBinary<unsigned char>()
 .text._ZN7arduino7msgpack8Unpacker11deserializeINS0_4type9ArraySizeEJRiEEEbRT_DpOT0_
                0x0000000000001c54       0x44 /home/daniele/.cache/arduino/sketches/8F5B4C87658DA4D72637908642324F88/sketch/TimersAndCancellation.ino.cpp.o
                0x0000000000001c54                bool arduino::msgpack::Unpacker::deserialize<arduino::msgpack::type::ArraySize, int&>(arduino::msgpack::type::ArraySize&, int&)
 .text._ZNK10RpcDecoderILj1024EE4sendEPKhj
                0x0000000000001c98       0x22 /home/daniele/.cache/arduino/sketches/8F5B4C87658DA4D72637908642324F88/sketch/TimersAndCancellation.ino.cpp.o
                0x0000000000001c98                RpcDecoder<1024u>::send(unsigned char const*, unsigned int) const
 *fill*         0x0000000000001cba        0x2 
 .text._ZN9RPCClient8send_rpcIJEEEbRKN7arduino6StringERjDpOT_.isra.0
                0x0000000000001cbc       0x8c /home/daniele/.cache/arduino/sketches/8F5B4C87658DA4D72637908642324F88/sketch/TimersAndCancellation.ino.cpp.o
 .text._ZN11BridgeClass6notifyIJiEEEvN7arduino6StringEDpOT_
                0x0000000000001d48       0xac /home/daniele/.cache/arduino/sketches/8F5B4C87658DA4D72637908642324F88/sketch/TimersAndCancellation.ino.cpp.o
                0x0000000000001d48                void BridgeClass::notify<int>(arduino::String, int&&)
 .text._ZNK9RPCServer13send_responseILj256EEEbRK10RPCRequestIXT_EE.isra.0
                0x0000000000001df4       0x24 /home/daniele/.cache/arduino/sketches/8F5B4C87658DA4D72637908642324F88/sketch/TimersAndCancellation.ino.cpp.o
 .text._ZN10RpcDecoderILj1024EE7consumeEjj
                0x0000000000001e18       0x50 /home/daniele/.cache/arduino/sketches/8F5B4C87658DA4D72637908642324F88/sketch/TimersAndCancellation.ino.cpp.o
                0x0000000000001e18                RpcDecoder<1024u>::consume(unsigned int, unsigned int)
 .text._ZN10RpcDecoderILj1024EE7discardEv
                0x0000000000001e68       0x2c /home/daniele/.cache/arduino/sketches/8F5B4C87658DA4D72637908642324F88/sketch/TimersAndCancellation.ino.cpp.o
                0x0000000000001e68                RpcDecoder<1024u>::discard()
 .text._ZN7arduino7msgpack8Unpacker11deserializeI8RpcErrorJRNS0_6object5nil_tEEEEbRT_DpOT0_
                0x0000000000001e94       0x90 /home/daniele/.cache/arduino/sketches/8F5B4C87658DA4D72637908642324F88/sketch/TimersAndCancellation.ino.cpp.o
                0x0000000000001e94                bool arduino::msgpack::Unpacker::deserialize<RpcError, arduino::msgpack::object::nil_t&>(RpcError&, arduino::msgpack::object::nil_t&)
 .text._ZN7arduino7msgpack8Unpacker10unpackUIntIjEENSt9enable_ifIXaaaaaaaasrSt13is_arithmeticIT_E5valuesrSt11is_integralIS5_E5valuentsrSt7is_sameIS5_bE5valuentsrS9_INSt9remove_cvIS5_E4typeEPcE5valuentsrSt9is_signedIS5_E5valueES5_E4typeEv
                0x0000000000001f24       0x80 /home/daniele/.cache/arduino/sketches/8F5B4C87658DA4D72637908642324F88/sketch/TimersAndCancellation.ino.cpp.o
                0x0000000000001f24                std::enable_if<(((std::is_arithmetic<unsigned int>::value&&std::is_integral<unsigned int>::value)&&(!std::is_same<unsigned int, bool>::value))&&(!std::is_same<std::remove_cv<unsigned int>::type, char*>::value))&&(!std::is_signed<unsigned int>::value), unsigned int>::type arduino::msgpack::Unpacker::unpackUInt<unsigned int>()
 .text._ZN7arduino7msgpack8Unpacker11deserializeIjJRNS_6StringEEEEbRT_DpOT0_
                0x0000000000001fa4       0x44 /home/daniele/.cache/arduino/sketches/8F5B4C87658DA4D72637908642324F88/sketch/TimersAndCancellation.ino.cpp.o
                0x0000000000001fa4                bool arduino::msgpack::Unpacker::deserialize<unsigned int, arduino::String&>(unsigned int&, arduino::String&)
 .text._ZN10RpcDecoderILj1024EE16fetch_rpc_methodEv
                0x0000000000001fe8       0xe8 /home/daniele/.cache/arduino/sketches/8F5B4C87658DA4D72637908642324F88/sketch/TimersAndCancellation.ino.cpp.o
                0x0000000000001fe8                RpcDecoder<1024u>::fetch_rpc_method()
 .text._ZN10RPCRequestILj256EE22unpack_request_headersEv
                0x00000000000020d0       0xb8 /home/daniele/.cache/arduino/sketches/8F5B4C87658DA4D72637908642324F88/sketch/TimersAndCancellation.ino.cpp.o
                0x00000000000020d0                RPCRequest<256u>::unpack_request_headers()
 .text._ZN9RPCServer15process_requestILj256EEEvR10RPCRequestIXT_EE
                0x0000000000002188      0x138 /home/daniele/.cache/arduino/sketches/8F5B4C87658DA4D72637908642324F88/sketch/TimersAndCancellation.ino.cpp.o
                0x0000000000002188                void RPCServer::process_request<256u>(RPCRequest<256u>&)
 .text._ZN7arduino7msgpack8Unpacker11deserializeINS0_4type9ArraySizeEJRiRjEEEbRT_DpOT0_
                0x00000000000022c0       0xa0 /home/daniele/.cache/arduino/sketches/8F5B4C87658DA4D72637908642324F88/sketch/TimersAndCancellation.ino.cpp.o
                0x00000000000022c0                bool arduino::msgpack::Unpacker::deserialize<arduino::msgpack::type::ArraySize, int&, unsigned int&>(arduino::msgpack::type::ArraySize&, int&, unsigned int&)
 .text._ZN10RpcDecoderILj1024EE12get_responseIbEEbjRT_R8RpcError
                0x0000000000002360      0x17c /home/daniele/.cache/arduino/sketches/8F5B4C87658DA4D72637908642324F88/sketch/TimersAndCancellation.ino.cpp.o
                0x0000000000002360                bool RpcDecoder<1024u>::get_response<bool>(unsigned int, bool&, RpcError&)
 .text._ZN10RpcDecoderILj1024EE12get_responseIN7arduino6StringEEEbjRT_R8RpcError
                0x00000000000024dc      0x17c /home/daniele/.cache/arduino/sketches/8F5B4C87658DA4D72637908642324F88/sketch/TimersAndCancellation.ino.cpp.o
                0x00000000000024dc                bool RpcDecoder<1024u>::get_response<arduino::String>(unsigned int, arduino::String&, RpcError&)
 .text._ZN10RpcDecoderILj1024EE12get_responseIN7arduino7msgpack6object5nil_tEEEbjRT_R8RpcError
                0x0000000000002658      0x17c /home/daniele/.cache/arduino/sketches/8F5B4C87658DA4D72637908642324F88/sketch/TimersAndCancellation.ino.cpp.o
                0x0000000000002658                bool RpcDecoder<1024u>::get_response<arduino::msgpack::object::nil_t>(unsigned int, arduino::msgpack::object::nil_t&, RpcError&)
 .text._ZNSt11__copy_moveILb0ELb1ESt26random_access_iterator_tagE8__copy_mIhEEPT_PKS3_S6_S4_
                0x00000000000027d4       0x1c /home/daniele/.cache/arduino/sketches/8F5B4C87658DA4D72637908642324F88/sketch/TimersAndCancellation.ino.cpp.o
                0x00000000000027d4                unsigned char* std::__copy_move<false, true, std::random_access_iterator_tag>::__copy_m<unsigned char>(unsigned char const*, unsigned char const*, unsigned char*)
 .text._ZNSt11__copy_moveILb1ELb1ESt26random_access_iterator_tagE8__copy_mIhEEPT_PKS3_S6_S4_
                0x00000000000027f0       0x1c /home/daniele/.cache/arduino/sketches/8F5B4C87658DA4D72637908642324F88/sketch/TimersAndCancellation.ino.cpp.o
                0x00000000000027f0                unsigned char* std::__copy_move<true, true, std::random_access_iterator_tag>::__copy_m<unsigned char>(unsigned char const*, unsigned char const*, unsigned char*)
 .text._ZN7arduino7msgpack6object3extC2EaPKhj
                0x000000000000280c      0x104 /home/daniele/.cache/arduino/sketches/8F5B4C87658DA4D72637908642324F88/sketch/TimersAndCancellation.ino.cpp.o
                0x000000000000280c                arduino::msgpack::object::ext::ext(signed char, unsigned char const*, unsigned int)
                0x000000000000280c                arduino::msgpack::object::ext::ext(signed char, unsigned char const*, unsigned int)
 .text._ZN7arduino7msgpack8Unpacker9unpackExtEv
                0x0000000000002910      0x178 /home/daniele/.cache/arduino/sketches/8F5B4C87658DA4D72637908642324F88/sketch/TimersAndCancellation.ino.cpp.o
                0x0000000000002910                arduino::msgpack::Unpacker::unpackExt()
 .text._ZN8RpcUtils6detail12unpackObjectERN7arduino7msgpack8UnpackerE
                0x0000000000002a88      0x2b4 /home/daniele/.cache/arduino/sketches/8F5B4C87658DA4D72637908642324F88/sketch/TimersAndCancellation.ino.cpp.o
                0x0000000000002a88                RpcUtils::detail::unpackObject(arduino::msgpack::Unpacker&)
 .text._ZN10RpcDecoderILj1024EE12parse_packetEv
                0x0000000000002d3c      0x134 /home/daniele/.cache/arduino/sketches/8F5B4C87658DA4D72637908642324F88/sketch/TimersAndCancellation.ino.cpp.o
                0x0000000000002d3c                RpcDecoder<1024u>::parse_packet()
 .text._ZN10RpcDecoderILj1024EE6decodeEv
                0x0000000000002e70       0x40 /home/daniele/.cache/arduino/sketches/8F5B4C87658DA4D72637908642324F88/sketch/TimersAndCancellation.ino.cpp.o
                0x0000000000002e70                RpcDecoder<1024u>::decode()
 .text._ZN9RPCServer7get_rpcILj256EEEbR10RPCRequestIXT_EEN7arduino6StringE
                0x0000000000002eb0       0xc4 /home/daniele/.cache/arduino/sketches/8F5B4C87658DA4D72637908642324F88/sketch/TimersAndCancellation.ino.cpp.o
                0x0000000000002eb0                bool RPCServer::get_rpc<256u>(RPCRequest<256u>&, arduino::String)
 .text._ZN11BridgeClass11update_safeEv
                0x0000000000002f74       0xb0 /home/daniele/.cache/arduino/sketches/8F5B4C87658DA4D72637908642324F88/sketch/TimersAndCancellation.ino.cpp.o
                0x0000000000002f74                BridgeClass::update_safe()
 .text._Z10__loopHookv
                0x0000000000003024       0x28 /home/daniele/.cache/arduino/sketches/8F5B4C87658DA4D72637908642324F88/sketch/TimersAndCancellation.ino.cpp.o
                0x0000000000003024                __loopHook()
 .text._ZN11BridgeClass6updateEv
                0x000000000000304c       0xb0 /home/daniele/.cache/arduino/sketches/8F5B4C87658DA4D72637908642324F88/sketch/TimersAndCancellation.ino.cpp.o
                0x000000000000304c                BridgeClass::update()
 .text._Z16updateEntryPointPvS_S_
                0x00000000000030fc       0x28 /home/daniele/.cache/arduino/sketches/8F5B4C87658DA4D72637908642324F88/sketch/TimersAndCancellation.ino.cpp.o
                0x00000000000030fc                updateEntryPoint(void*, void*, void*)
 .text._ZN7RpcCallIJEE6resultIbEEbRT_
                0x0000000000003124      0x114 /home/daniele/.cache/arduino/sketches/8F5B4C87658DA4D72637908642324F88/sketch/TimersAndCancellation.ino.cpp.o
                0x0000000000003124                bool RpcCall<>::result<bool>(bool&)
 .text._ZN7RpcCallIJEED2Ev
                0x0000000000003238      0x120 /home/daniele/.cache/arduino/sketches/8F5B4C87658DA4D72637908642324F88/sketch/TimersAndCancellation.ino.cpp.o
                0x0000000000003238                RpcCall<>::~RpcCall()
                0x0000000000003238                RpcCall<>::~RpcCall()
 .text._ZN11BridgeClass5beginEm
                0x0000000000003358      0x1e0 /home/daniele/.cache/arduino/sketches/8F5B4C87658DA4D72637908642324F88/sketch/TimersAndCancellation.ino.cpp.o
                0x0000000000003358                BridgeClass::begin(unsigned long)
 .text._ZN7RpcCallIJEE6resultIN7arduino6StringEEEbRT_
                0x0000000000003538      0x114 /home/daniele/.cache/arduino/sketches/8F5B4C87658DA4D72637908642324F88/sketch/TimersAndCancellation.ino.cpp.o
                0x0000000000003538                bool RpcCall<>::result<arduino::String>(arduino::String&)
 .text.setup    0x000000000000364c      0x1dc /home/daniele/.cache/arduino/sketches/8F5B4C87658DA4D72637908642324F88/sketch/TimersAndCancellation.ino.cpp.o
                0x000000000000364c                setup
 .text._ZN8RpcUtils6detail9unpackMapERN7arduino7msgpack8UnpackerERj
                0x0000000000003828       0x80 /home/daniele/.cache/arduino/sketches/8F5B4C87658DA4D72637908642324F88/sketch/TimersAndCancellation.ino.cpp.o
                0x0000000000003828                RpcUtils::detail::unpackMap(arduino::msgpack::Unpacker&, unsigned int&)
 .text._GLOBAL__sub_I_heartbeatTimerId
                0x00000000000038a8       0x64 /home/daniele/.cache/arduino/sketches/8F5B4C87658DA4D72637908642324F88/sketch/TimersAndCancellation.ino.cpp.o
 .text._GLOBAL__sub_D_heartbeatTimerId
                0x000000000000390c       0x2c /home/daniele/.cache/arduino/sketches/8F5B4C87658DA4D72637908642324F88/sketch/TimersAndCancellation.ino.cpp.o
 .text._ZN7arduino5Print17availableForWriteEv
                0x0000000000003938        0x4 /home/daniele/.cache/arduino/sketches/8F5B4C87658DA4D72637908642324F88/libraries/Arduino_RouterBridge/singletons.cpp.o
                0x0000000000003938                arduino::Print::availableForWrite()
 .text._ZN7arduino5Print5flushEv
                0x000000000000393c        0x2 /home/daniele/.cache/arduino/sketches/8F5B4C87658DA4D72637908642324F88/libraries/Arduino_RouterBridge/singletons.cpp.o
                0x000000000000393c                arduino::Print::flush()
 .text._ZN13BridgeMonitorILj512EE5writeEh
                0x000000000000393e       0x18 /home/daniele/.cache/arduino/sketches/8F5B4C87658DA4D72637908642324F88/libraries/Arduino_RouterBridge/singletons.cpp.o
                0x000000000000393e                BridgeMonitor<512u>::write(unsigned char)
 *fill*         0x0000000000003956        0x2 
 .text.k_yield  0x0000000000003958        0x8 /home/daniele/.cache/arduino/sketches/8F5B4C87658DA4D72637908642324F88/libraries/Arduino_RouterBridge/singletons.cpp.o
 .text.k_mutex_lock
                0x0000000000003960        0x8 /home/daniele/.cache/arduino/sketches/8F5B4C87658DA4D72637908642324F88/libraries/Arduino_RouterBridge/singletons.cpp.o
 .text._ZSt14__relocate_a_1IhhENSt9enable_ifIXsrSt24__is_bitwise_relocatableIT_vE5valueEPS2_E4typeES4_S4_S4_RSaIT0_E.isra.0
                0x0000000000003968       0x20 /home/daniele/.cache/arduino/sketches/8F5B4C87658DA4D72637908642324F88/libraries/Arduino_RouterBridge/singletons.cpp.o
 .text._ZNSt12_Vector_baseIhSaIhEE11_M_allocateEj.isra.0
                0x0000000000003988       0x20 /home/daniele/.cache/arduino/sketches/8F5B4C87658DA4D72637908642324F88/libraries/Arduino_RouterBridge/singletons.cpp.o
 .text.k_mutex_unlock.isra.0
                0x00000000000039a8        0x8 /home/daniele/.cache/arduino/sketches/8F5B4C87658DA4D72637908642324F88/libraries/Arduino_RouterBridge/singletons.cpp.o
 .text._ZN7RpcCallIJRN7arduino6StringEEE7isErrorEv.isra.0
                0x00000000000039b0       0x28 /home/daniele/.cache/arduino/sketches/8F5B4C87658DA4D72637908642324F88/libraries/Arduino_RouterBridge/singletons.cpp.o
 .text._ZN13BridgeMonitorILj512EE4readEv
                0x00000000000039d8       0x68 /home/daniele/.cache/arduino/sketches/8F5B4C87658DA4D72637908642324F88/libraries/Arduino_RouterBridge/singletons.cpp.o
                0x00000000000039d8                BridgeMonitor<512u>::read()
 .text._ZN13BridgeMonitorILj512EE4peekEv
                0x0000000000003a40       0x44 /home/daniele/.cache/arduino/sketches/8F5B4C87658DA4D72637908642324F88/libraries/Arduino_RouterBridge/singletons.cpp.o
                0x0000000000003a40                BridgeMonitor<512u>::peek()
 .text.k_msleep.constprop.0.isra.0
                0x0000000000003a84        0xc /home/daniele/.cache/arduino/sketches/8F5B4C87658DA4D72637908642324F88/libraries/Arduino_RouterBridge/singletons.cpp.o
 .text._ZNSt6vectorIhSaIhEE14_M_move_assignEOS1_St17integral_constantIbLb1EE.isra.0
                0x0000000000003a90       0x34 /home/daniele/.cache/arduino/sketches/8F5B4C87658DA4D72637908642324F88/libraries/Arduino_RouterBridge/singletons.cpp.o
 .text._ZNSt6vectorIhSaIhEE12emplace_backIJRKhEEERhDpOT_.isra.0
                0x0000000000003ac4       0x90 /home/daniele/.cache/arduino/sketches/8F5B4C87658DA4D72637908642324F88/libraries/Arduino_RouterBridge/singletons.cpp.o
 .text._ZNSt6vectorIhSaIhEE12emplace_backIJhEEERhDpOT_.isra.0
                0x0000000000003b54       0x90 /home/daniele/.cache/arduino/sketches/8F5B4C87658DA4D72637908642324F88/libraries/Arduino_RouterBridge/singletons.cpp.o
 .text._ZN7arduino7msgpack8Unpacker11deserializeISt6vectorIhSaIhEEJEEEbRT_DpOT0_
                0x0000000000003be4      0x13c /home/daniele/.cache/arduino/sketches/8F5B4C87658DA4D72637908642324F88/libraries/Arduino_RouterBridge/singletons.cpp.o
                0x0000000000003be4                bool arduino::msgpack::Unpacker::deserialize<std::vector<unsigned char, std::allocator<unsigned char> >>(std::vector<unsigned char, std::allocator<unsigned char> >&)
 .text._ZN7arduino7msgpack6Packer11packRawByteERKNS0_4TypeE.isra.0
                0x0000000000003d20       0x18 /home/daniele/.cache/arduino/sketches/8F5B4C87658DA4D72637908642324F88/libraries/Arduino_RouterBridge/singletons.cpp.o
 .text._ZNSt6vectorIhSaIhEE12emplace_backIJRhEEES3_DpOT_.isra.0
                0x0000000000003d38       0x90 /home/daniele/.cache/arduino/sketches/8F5B4C87658DA4D72637908642324F88/libraries/Arduino_RouterBridge/singletons.cpp.o
 .text._ZN7arduino7msgpack6Packer11packIntegerIjEENSt9enable_ifIXaaaaaasrSt13is_arithmeticIT_E5valuesrSt11is_integralIS5_E5valuentsrSt7is_sameIS5_bE5valuentsrS9_INSt9remove_cvIS5_E4typeEPcE5valueEvE4typeERKS5_.isra.0
                0x0000000000003dc8       0x50 /home/daniele/.cache/arduino/sketches/8F5B4C87658DA4D72637908642324F88/libraries/Arduino_RouterBridge/singletons.cpp.o
 .text._ZN7arduino7msgpack6Packer11packIntegerIiEENSt9enable_ifIXaaaaaasrSt13is_arithmeticIT_E5valuesrSt11is_integralIS5_E5valuentsrSt7is_sameIS5_bE5valuentsrS9_INSt9remove_cvIS5_E4typeEPcE5valueEvE4typeERKS5_.isra.0
                0x0000000000003e18       0xb8 /home/daniele/.cache/arduino/sketches/8F5B4C87658DA4D72637908642324F88/libraries/Arduino_RouterBridge/singletons.cpp.o
 .text._ZN9RPCClient8send_rpcIJRKN7arduino6StringEEEEbS4_RjDpOT_.isra.0
                0x0000000000003ed0       0x90 /home/daniele/.cache/arduino/sketches/8F5B4C87658DA4D72637908642324F88/libraries/Arduino_RouterBridge/singletons.cpp.o
 .text._ZN9RPCClient8send_rpcIJRKjEEEbRKN7arduino6StringERjDpOT_.isra.0
                0x0000000000003f60       0x94 /home/daniele/.cache/arduino/sketches/8F5B4C87658DA4D72637908642324F88/libraries/Arduino_RouterBridge/singletons.cpp.o
 .text._ZN7arduino7msgpack8Unpacker11deserializeIjJEEEbRT_DpOT0_
                0x0000000000003ff4       0x40 /home/daniele/.cache/arduino/sketches/8F5B4C87658DA4D72637908642324F88/libraries/Arduino_RouterBridge/singletons.cpp.o
                0x0000000000003ff4                bool arduino::msgpack::Unpacker::deserialize<unsigned int>(unsigned int&)
 .text._ZN9RPCClient12get_responseIN7arduino7msgpack6object5nil_tEEEbjRT_R8RpcError
                0x0000000000004034       0x40 /home/daniele/.cache/arduino/sketches/8F5B4C87658DA4D72637908642324F88/libraries/Arduino_RouterBridge/singletons.cpp.o
                0x0000000000004034                bool RPCClient::get_response<arduino::msgpack::object::nil_t>(unsigned int, arduino::msgpack::object::nil_t&, RpcError&)
 .text._ZN11BridgeClass6notifyIJRN7arduino6StringEEEEvS2_DpOT_
                0x0000000000004074       0xac /home/daniele/.cache/arduino/sketches/8F5B4C87658DA4D72637908642324F88/libraries/Arduino_RouterBridge/singletons.cpp.o
                0x0000000000004074                void BridgeClass::notify<arduino::String&>(arduino::String, arduino::String&)
 .text._ZN7RpcCallIJRN7arduino6StringEEE8setErrorEiS1_
                0x0000000000004120       0x40 /home/daniele/.cache/arduino/sketches/8F5B4C87658DA4D72637908642324F88/libraries/Arduino_RouterBridge/singletons.cpp.o
                0x0000000000004120                RpcCall<arduino::String&>::setError(int, arduino::String)
 .text._ZN10RpcDecoderILj1024EE12get_responseIjEEbjRT_R8RpcError
                0x0000000000004160      0x17c /home/daniele/.cache/arduino/sketches/8F5B4C87658DA4D72637908642324F88/libraries/Arduino_RouterBridge/singletons.cpp.o
                0x0000000000004160                bool RpcDecoder<1024u>::get_response<unsigned int>(unsigned int, unsigned int&, RpcError&)
 .text._ZN13BridgeMonitorILj512EE5writeEPKhj
                0x00000000000042dc      0x2b4 /home/daniele/.cache/arduino/sketches/8F5B4C87658DA4D72637908642324F88/libraries/Arduino_RouterBridge/singletons.cpp.o
                0x00000000000042dc                BridgeMonitor<512u>::write(unsigned char const*, unsigned int)
 .text._ZN7RpcCallIJRjEE8setErrorEiN7arduino6StringE
                0x0000000000004590       0x40 /home/daniele/.cache/arduino/sketches/8F5B4C87658DA4D72637908642324F88/libraries/Arduino_RouterBridge/singletons.cpp.o
                0x0000000000004590                RpcCall<unsigned int&>::setError(int, arduino::String)
 .text._ZN7RpcCallIJRjEE7isErrorEv
                0x00000000000045d0       0x34 /home/daniele/.cache/arduino/sketches/8F5B4C87658DA4D72637908642324F88/libraries/Arduino_RouterBridge/singletons.cpp.o
                0x00000000000045d0                RpcCall<unsigned int&>::isError()
 .text._ZN10RpcDecoderILj1024EE12get_responseISt6vectorIhSaIhEEEEbjRT_R8RpcError
                0x0000000000004604      0x17c /home/daniele/.cache/arduino/sketches/8F5B4C87658DA4D72637908642324F88/libraries/Arduino_RouterBridge/singletons.cpp.o
                0x0000000000004604                bool RpcDecoder<1024u>::get_response<std::vector<unsigned char, std::allocator<unsigned char> > >(unsigned int, std::vector<unsigned char, std::allocator<unsigned char> >&, RpcError&)
 .text._ZN7RpcCallIJRjEE6resultISt6vectorIhSaIhEEEEbRT_
                0x0000000000004780      0x134 /home/daniele/.cache/arduino/sketches/8F5B4C87658DA4D72637908642324F88/libraries/Arduino_RouterBridge/singletons.cpp.o
                0x0000000000004780                bool RpcCall<unsigned int&>::result<std::vector<unsigned char, std::allocator<unsigned char> > >(std::vector<unsigned char, std::allocator<unsigned char> >&)
 .text._ZN13BridgeMonitorILj512EE5_readEj
                0x00000000000048b4      0x1f8 /home/daniele/.cache/arduino/sketches/8F5B4C87658DA4D72637908642324F88/libraries/Arduino_RouterBridge/singletons.cpp.o
                0x00000000000048b4                BridgeMonitor<512u>::_read(unsigned int)
 .text._ZN13BridgeMonitorILj512EE9availableEv
                0x0000000000004aac       0x44 /home/daniele/.cache/arduino/sketches/8F5B4C87658DA4D72637908642324F88/libraries/Arduino_RouterBridge/singletons.cpp.o
                0x0000000000004aac                BridgeMonitor<512u>::available()
 .text._GLOBAL__sub_I_Bridge
                0x0000000000004af0       0xf0 /home/daniele/.cache/arduino/sketches/8F5B4C87658DA4D72637908642324F88/libraries/Arduino_RouterBridge/singletons.cpp.o
 .text._GLOBAL__sub_D_Bridge
                0x0000000000004be0       0x2c /home/daniele/.cache/arduino/sketches/8F5B4C87658DA4D72637908642324F88/libraries/Arduino_RouterBridge/singletons.cpp.o
 .text._ZNSt23_Sp_counted_ptr_inplaceISt3anySaIvELN9__gnu_cxx12_Lock_policyE0EED2Ev
                0x0000000000004c0c        0x2 /home/daniele/.cache/arduino/sketches/8F5B4C87658DA4D72637908642324F88/libraries/ArduinoEvents/ArduinoEvents.cpp.o
                0x0000000000004c0c                std::_Sp_counted_ptr_inplace<std::any, std::allocator<void>, (__gnu_cxx::_Lock_policy)0>::~_Sp_counted_ptr_inplace()
                0x0000000000004c0c                std::_Sp_counted_ptr_inplace<std::any, std::allocator<void>, (__gnu_cxx::_Lock_policy)0>::~_Sp_counted_ptr_inplace()
 *fill*         0x0000000000004c0e        0x2 
 .text._ZN14arduino_events12_GLOBAL__N_112RuntimeMutex4lockEv
                0x0000000000004c10       0x10 /home/daniele/.cache/arduino/sketches/8F5B4C87658DA4D72637908642324F88/libraries/ArduinoEvents/ArduinoEvents.cpp.o
 .text._ZNSt23_Sp_counted_ptr_inplaceISt3anySaIvELN9__gnu_cxx12_Lock_policyE0EED0Ev
                0x0000000000004c20       0x14 /home/daniele/.cache/arduino/sketches/8F5B4C87658DA4D72637908642324F88/libraries/ArduinoEvents/ArduinoEvents.cpp.o
                0x0000000000004c20                std::_Sp_counted_ptr_inplace<std::any, std::allocator<void>, (__gnu_cxx::_Lock_policy)0>::~_Sp_counted_ptr_inplace()
 .text._ZNSt23_Sp_counted_ptr_inplaceISt3anySaIvELN9__gnu_cxx12_Lock_policyE0EE10_M_destroyEv
                0x0000000000004c34        0xc /home/daniele/.cache/arduino/sketches/8F5B4C87658DA4D72637908642324F88/libraries/ArduinoEvents/ArduinoEvents.cpp.o
                0x0000000000004c34                std::_Sp_counted_ptr_inplace<std::any, std::allocator<void>, (__gnu_cxx::_Lock_policy)0>::_M_destroy()
 .text._ZNSt23_Sp_counted_ptr_inplaceISt3anySaIvELN9__gnu_cxx12_Lock_policyE0EE14_M_get_deleterERKSt9type_info
                0x0000000000004c40       0x20 /home/daniele/.cache/arduino/sketches/8F5B4C87658DA4D72637908642324F88/libraries/ArduinoEvents/ArduinoEvents.cpp.o
                0x0000000000004c40                std::_Sp_counted_ptr_inplace<std::any, std::allocator<void>, (__gnu_cxx::_Lock_policy)0>::_M_get_deleter(std::type_info const&)
 .text._ZNSt12_Vector_baseISt8functionIFvRKSt3anyEESaIS5_EE13_M_deallocateEPS5_j.part.0
                0x0000000000004c60        0xc /home/daniele/.cache/arduino/sketches/8F5B4C87658DA4D72637908642324F88/libraries/ArduinoEvents/ArduinoEvents.cpp.o
 .text._ZNSt15__new_allocatorISt10unique_ptrIN14arduino_events12_GLOBAL__N_110TimerEntryESt14default_deleteIS3_EEE9constructIS6_JS6_EEEvPT_DpOT0_.constprop.0
                0x0000000000004c6c       0x1c /home/daniele/.cache/arduino/sketches/8F5B4C87658DA4D72637908642324F88/libraries/ArduinoEvents/ArduinoEvents.cpp.o
 .text._ZN14arduino_events12_GLOBAL__N_12rtEv
                0x0000000000004c88       0x80 /home/daniele/.cache/arduino/sketches/8F5B4C87658DA4D72637908642324F88/libraries/ArduinoEvents/ArduinoEvents.cpp.o
 .text._ZNSt12_Vector_baseISt10unique_ptrIN14arduino_events12_GLOBAL__N_110TimerEntryESt14default_deleteIS3_EESaIS6_EE11_M_allocateEj.isra.0
                0x0000000000004d08       0x30 /home/daniele/.cache/arduino/sketches/8F5B4C87658DA4D72637908642324F88/libraries/ArduinoEvents/ArduinoEvents.cpp.o
 .text._ZNSt8functionIFvvEEaSEDn.isra.0
                0x0000000000004d38       0x16 /home/daniele/.cache/arduino/sketches/8F5B4C87658DA4D72637908642324F88/libraries/ArduinoEvents/ArduinoEvents.cpp.o
 *fill*         0x0000000000004d4e        0x2 
 .text.k_mutex_unlock.isra.0
                0x0000000000004d50        0x8 /home/daniele/.cache/arduino/sketches/8F5B4C87658DA4D72637908642324F88/libraries/ArduinoEvents/ArduinoEvents.cpp.o
 .text._ZN14arduino_events12_GLOBAL__N_19LockGuardINS0_12RuntimeMutexEED2Ev.isra.0
                0x0000000000004d58        0xc /home/daniele/.cache/arduino/sketches/8F5B4C87658DA4D72637908642324F88/libraries/ArduinoEvents/ArduinoEvents.cpp.o
 .text._ZN14arduino_events12_GLOBAL__N_124drainCallbackQueueLockedERNS0_12RuntimeStateE.part.0
                0x0000000000004d64       0x38 /home/daniele/.cache/arduino/sketches/8F5B4C87658DA4D72637908642324F88/libraries/ArduinoEvents/ArduinoEvents.cpp.o
 .text._ZN14arduino_events12_GLOBAL__N_122destroyCallbackPayloadEPv
                0x0000000000004d9c       0x1c /home/daniele/.cache/arduino/sketches/8F5B4C87658DA4D72637908642324F88/libraries/ArduinoEvents/ArduinoEvents.cpp.o
 .text._ZNSt10unique_ptrIN14arduino_events12_GLOBAL__N_110TimerEntryESt14default_deleteIS2_EED2Ev.isra.0
                0x0000000000004db8       0x24 /home/daniele/.cache/arduino/sketches/8F5B4C87658DA4D72637908642324F88/libraries/ArduinoEvents/ArduinoEvents.cpp.o
 .text._ZZN14arduino_events12_GLOBAL__N_126queueFutureCallbacksLockedERNS0_12RuntimeStateERKSt10shared_ptrINS0_11FutureStateEEENUlvE0_D2Ev.isra.0
                0x0000000000004ddc       0x1c /home/daniele/.cache/arduino/sketches/8F5B4C87658DA4D72637908642324F88/libraries/ArduinoEvents/ArduinoEvents.cpp.o
 .text._ZNSt6vectorIN14arduino_events12_GLOBAL__N_112HandlerEntryESaIS2_EE5clearEv
                0x0000000000004df8       0x2c /home/daniele/.cache/arduino/sketches/8F5B4C87658DA4D72637908642324F88/libraries/ArduinoEvents/ArduinoEvents.cpp.o
 .text._ZNSt3anyC2ERKS_
                0x0000000000004e24       0x1e /home/daniele/.cache/arduino/sketches/8F5B4C87658DA4D72637908642324F88/libraries/ArduinoEvents/ArduinoEvents.cpp.o
                0x0000000000004e24                std::any::any(std::any const&)
                0x0000000000004e24                std::any::any(std::any const&)
 .text._ZNSt3any5resetEv
                0x0000000000004e42       0x16 /home/daniele/.cache/arduino/sketches/8F5B4C87658DA4D72637908642324F88/libraries/ArduinoEvents/ArduinoEvents.cpp.o
                0x0000000000004e42                std::any::reset()
 .text._ZNSt23_Sp_counted_ptr_inplaceISt3anySaIvELN9__gnu_cxx12_Lock_policyE0EE10_M_disposeEv
                0x0000000000004e58       0x10 /home/daniele/.cache/arduino/sketches/8F5B4C87658DA4D72637908642324F88/libraries/ArduinoEvents/ArduinoEvents.cpp.o
                0x0000000000004e58                std::_Sp_counted_ptr_inplace<std::any, std::allocator<void>, (__gnu_cxx::_Lock_policy)0>::_M_dispose()
 .text._ZN14arduino_events5ErrorC2ERKS0_
                0x0000000000004e68       0x20 /home/daniele/.cache/arduino/sketches/8F5B4C87658DA4D72637908642324F88/libraries/ArduinoEvents/ArduinoEvents.cpp.o
                0x0000000000004e68                arduino_events::Error::Error(arduino_events::Error const&)
                0x0000000000004e68                arduino_events::Error::Error(arduino_events::Error const&)
 .text._ZNSt12__shared_ptrISt3anyLN9__gnu_cxx12_Lock_policyE0EEC2ERKS3_
                0x0000000000004e88       0x12 /home/daniele/.cache/arduino/sketches/8F5B4C87658DA4D72637908642324F88/libraries/ArduinoEvents/ArduinoEvents.cpp.o
                0x0000000000004e88                std::__shared_ptr<std::any, (__gnu_cxx::_Lock_policy)0>::__shared_ptr(std::__shared_ptr<std::any, (__gnu_cxx::_Lock_policy)0> const&)
                0x0000000000004e88                std::__shared_ptr<std::any, (__gnu_cxx::_Lock_policy)0>::__shared_ptr(std::__shared_ptr<std::any, (__gnu_cxx::_Lock_policy)0> const&)
 *fill*         0x0000000000004e9a        0x2 
 .text._ZN14arduino_events5ErrorC2EOS0_
                0x0000000000004e9c       0x20 /home/daniele/.cache/arduino/sketches/8F5B4C87658DA4D72637908642324F88/libraries/ArduinoEvents/ArduinoEvents.cpp.o
                0x0000000000004e9c                arduino_events::Error::Error(arduino_events::Error&&)
                0x0000000000004e9c                arduino_events::Error::Error(arduino_events::Error&&)
 .text._ZN14arduino_events7Runtime8instanceEv
                0x0000000000004ebc       0x18 /home/daniele/.cache/arduino/sketches/8F5B4C87658DA4D72637908642324F88/libraries/ArduinoEvents/ArduinoEvents.cpp.o
                0x0000000000004ebc                arduino_events::Runtime::instance()
 .text._ZN14arduino_events7Runtime11cancelTimerEj
                0x0000000000004ed4       0x58 /home/daniele/.cache/arduino/sketches/8F5B4C87658DA4D72637908642324F88/libraries/ArduinoEvents/ArduinoEvents.cpp.o
                0x0000000000004ed4                arduino_events::Runtime::cancelTimer(unsigned int)
 .text._ZNKSt8functionIFvvEEclEv
                0x0000000000004f2c       0x18 /home/daniele/.cache/arduino/sketches/8F5B4C87658DA4D72637908642324F88/libraries/ArduinoEvents/ArduinoEvents.cpp.o
                0x0000000000004f2c                std::function<void ()>::operator()() const
 .text._ZN14arduino_events12_GLOBAL__N_121invokeCallbackPayloadEPv
                0x0000000000004f44        0xc /home/daniele/.cache/arduino/sketches/8F5B4C87658DA4D72637908642324F88/libraries/ArduinoEvents/ArduinoEvents.cpp.o
 .text._ZNSt12_Vector_baseIcSaIcEED2Ev
                0x0000000000004f50       0x18 /home/daniele/.cache/arduino/sketches/8F5B4C87658DA4D72637908642324F88/libraries/ArduinoEvents/ArduinoEvents.cpp.o
                0x0000000000004f50                std::_Vector_base<char, std::allocator<char> >::~_Vector_base()
                0x0000000000004f50                std::_Vector_base<char, std::allocator<char> >::~_Vector_base()
 .text._ZNSt14_Function_baseC2Ev
                0x0000000000004f68        0xa /home/daniele/.cache/arduino/sketches/8F5B4C87658DA4D72637908642324F88/libraries/ArduinoEvents/ArduinoEvents.cpp.o
                0x0000000000004f68                std::_Function_base::_Function_base()
                0x0000000000004f68                std::_Function_base::_Function_base()
 *fill*         0x0000000000004f72        0x2 
 .text._ZNSt8functionIFvvEEC2EOS1_
                0x0000000000004f74       0x30 /home/daniele/.cache/arduino/sketches/8F5B4C87658DA4D72637908642324F88/libraries/ArduinoEvents/ArduinoEvents.cpp.o
                0x0000000000004f74                std::function<void ()>::function(std::function<void ()>&&)
                0x0000000000004f74                std::function<void ()>::function(std::function<void ()>&&)
 .text._ZN14arduino_events12_GLOBAL__N_118pushCallbackLockedERNS0_12RuntimeStateESt8functionIFvvEE
                0x0000000000004fa4       0x64 /home/daniele/.cache/arduino/sketches/8F5B4C87658DA4D72637908642324F88/libraries/ArduinoEvents/ArduinoEvents.cpp.o
 .text._ZNSt8functionIFvvEEC2ERKS1_
                0x0000000000005008       0x30 /home/daniele/.cache/arduino/sketches/8F5B4C87658DA4D72637908642324F88/libraries/ArduinoEvents/ArduinoEvents.cpp.o
                0x0000000000005008                std::function<void ()>::function(std::function<void ()> const&)
                0x0000000000005008                std::function<void ()>::function(std::function<void ()> const&)
 .text._ZN14arduino_events12_GLOBAL__N_116timerWorkHandlerEP6k_work
                0x0000000000005038       0xcc /home/daniele/.cache/arduino/sketches/8F5B4C87658DA4D72637908642324F88/libraries/ArduinoEvents/ArduinoEvents.cpp.o
 .text._ZNSt14__shared_countILN9__gnu_cxx12_Lock_policyE0EED2Ev
                0x0000000000005104       0x2c /home/daniele/.cache/arduino/sketches/8F5B4C87658DA4D72637908642324F88/libraries/ArduinoEvents/ArduinoEvents.cpp.o
                0x0000000000005104                std::__shared_count<(__gnu_cxx::_Lock_policy)0>::~__shared_count()
                0x0000000000005104                std::__shared_count<(__gnu_cxx::_Lock_policy)0>::~__shared_count()
 .text._ZZN14arduino_events12_GLOBAL__N_126queueFutureCallbacksLockedERNS0_12RuntimeStateERKSt10shared_ptrINS0_11FutureStateEEENUlvE_D2Ev.isra.0
                0x0000000000005130       0x1c /home/daniele/.cache/arduino/sketches/8F5B4C87658DA4D72637908642324F88/libraries/ArduinoEvents/ArduinoEvents.cpp.o
 .text._ZNSt10_HashtableIjSt4pairIKjSt10shared_ptrIN14arduino_events12_GLOBAL__N_111FutureStateEEESaIS7_ENSt8__detail10_Select1stESt8equal_toIjESt4hashIjENS9_18_Mod_range_hashingENS9_20_Default_ranged_hashENS9_20_Prime_rehash_policyENS9_17_Hashtable_traitsILb0ELb0ELb1EEEE5clearEv
                0x000000000000514c       0x40 /home/daniele/.cache/arduino/sketches/8F5B4C87658DA4D72637908642324F88/libraries/ArduinoEvents/ArduinoEvents.cpp.o
 .text.__tcf_3  0x000000000000518c       0x8c /home/daniele/.cache/arduino/sketches/8F5B4C87658DA4D72637908642324F88/libraries/ArduinoEvents/ArduinoEvents.cpp.o
 .text._ZSt11make_sharedISt3anyJRS0_EESt10shared_ptrINSt9enable_ifIXntsrSt8is_arrayIT_E5valueES5_E4typeEEDpOT0_
                0x0000000000005218       0x54 /home/daniele/.cache/arduino/sketches/8F5B4C87658DA4D72637908642324F88/libraries/ArduinoEvents/ArduinoEvents.cpp.o
                0x0000000000005218                std::shared_ptr<std::enable_if<!std::is_array<std::any>::value, std::any>::type> std::make_shared<std::any, std::any&>(std::any&)
 .text._ZNSt6vectorISt8functionIFvRKSt3anyEESaIS5_EED2Ev
                0x000000000000526c       0x30 /home/daniele/.cache/arduino/sketches/8F5B4C87658DA4D72637908642324F88/libraries/ArduinoEvents/ArduinoEvents.cpp.o
                0x000000000000526c                std::vector<std::function<void (std::any const&)>, std::allocator<std::function<void (std::any const&)> > >::~vector()
                0x000000000000526c                std::vector<std::function<void (std::any const&)>, std::allocator<std::function<void (std::any const&)> > >::~vector()
 .text._ZNSt6vectorISt8functionIFvRKN14arduino_events5ErrorEEESaIS6_EED2Ev
                0x000000000000529c       0x30 /home/daniele/.cache/arduino/sketches/8F5B4C87658DA4D72637908642324F88/libraries/ArduinoEvents/ArduinoEvents.cpp.o
                0x000000000000529c                std::vector<std::function<void (arduino_events::Error const&)>, std::allocator<std::function<void (arduino_events::Error const&)> > >::~vector()
                0x000000000000529c                std::vector<std::function<void (arduino_events::Error const&)>, std::allocator<std::function<void (arduino_events::Error const&)> > >::~vector()
 .text._ZNSt6vectorISt8functionIFvvEESaIS2_EED2Ev
                0x00000000000052cc       0x30 /home/daniele/.cache/arduino/sketches/8F5B4C87658DA4D72637908642324F88/libraries/ArduinoEvents/ArduinoEvents.cpp.o
                0x00000000000052cc                std::vector<std::function<void ()>, std::allocator<std::function<void ()> > >::~vector()
                0x00000000000052cc                std::vector<std::function<void ()>, std::allocator<std::function<void ()> > >::~vector()
 .text._ZNKSt8functionIFvRKSt3anyEEclES2_
                0x00000000000052fc       0x18 /home/daniele/.cache/arduino/sketches/8F5B4C87658DA4D72637908642324F88/libraries/ArduinoEvents/ArduinoEvents.cpp.o
                0x00000000000052fc                std::function<void (std::any const&)>::operator()(std::any const&) const
 .text._ZNSt17_Function_handlerIFvvEZN14arduino_events12_GLOBAL__N_126queueFutureCallbacksLockedERNS2_12RuntimeStateERKSt10shared_ptrINS2_11FutureStateEEEUlvE_E9_M_invokeERKSt9_Any_data
                0x0000000000005314       0x10 /home/daniele/.cache/arduino/sketches/8F5B4C87658DA4D72637908642324F88/libraries/ArduinoEvents/ArduinoEvents.cpp.o
 .text._ZNSt8functionIFvRKSt3anyEEC2EOS4_
                0x0000000000005324       0x30 /home/daniele/.cache/arduino/sketches/8F5B4C87658DA4D72637908642324F88/libraries/ArduinoEvents/ArduinoEvents.cpp.o
                0x0000000000005324                std::function<void (std::any const&)>::function(std::function<void (std::any const&)>&&)
                0x0000000000005324                std::function<void (std::any const&)>::function(std::function<void (std::any const&)>&&)
 .text._ZNKSt8functionIFvRKN14arduino_events5ErrorEEEclES3_
                0x0000000000005354       0x18 /home/daniele/.cache/arduino/sketches/8F5B4C87658DA4D72637908642324F88/libraries/ArduinoEvents/ArduinoEvents.cpp.o
                0x0000000000005354                std::function<void (arduino_events::Error const&)>::operator()(arduino_events::Error const&) const
 .text._ZNSt17_Function_handlerIFvvEZN14arduino_events12_GLOBAL__N_126queueFutureCallbacksLockedERNS2_12RuntimeStateERKSt10shared_ptrINS2_11FutureStateEEEUlvE0_E9_M_invokeERKSt9_Any_data
                0x000000000000536c       0x14 /home/daniele/.cache/arduino/sketches/8F5B4C87658DA4D72637908642324F88/libraries/ArduinoEvents/ArduinoEvents.cpp.o
 .text._ZNSt8functionIFvRKN14arduino_events5ErrorEEEC2EOS5_
                0x0000000000005380       0x30 /home/daniele/.cache/arduino/sketches/8F5B4C87658DA4D72637908642324F88/libraries/ArduinoEvents/ArduinoEvents.cpp.o
                0x0000000000005380                std::function<void (arduino_events::Error const&)>::function(std::function<void (arduino_events::Error const&)>&&)
                0x0000000000005380                std::function<void (arduino_events::Error const&)>::function(std::function<void (arduino_events::Error const&)>&&)
 .text._ZN14arduino_events12_GLOBAL__N_126queueFutureCallbacksLockedERNS0_12RuntimeStateERKSt10shared_ptrINS0_11FutureStateEE
                0x00000000000053b0      0x2b0 /home/daniele/.cache/arduino/sketches/8F5B4C87658DA4D72637908642324F88/libraries/ArduinoEvents/ArduinoEvents.cpp.o
 .text._ZN14arduino_events7Runtime6updateEj
                0x0000000000005660      0x140 /home/daniele/.cache/arduino/sketches/8F5B4C87658DA4D72637908642324F88/libraries/ArduinoEvents/ArduinoEvents.cpp.o
                0x0000000000005660                arduino_events::Runtime::update(unsigned int)
 .text._ZSt6fill_nIPcjcET_S1_T0_RKT1_
                0x00000000000057a0       0x1c /home/daniele/.cache/arduino/sketches/8F5B4C87658DA4D72637908642324F88/libraries/ArduinoEvents/ArduinoEvents.cpp.o
                0x00000000000057a0                char* std::fill_n<char*, unsigned int, char>(char*, unsigned int, char const&)
 .text._ZNSt6vectorIcSaIcEE14_M_fill_assignEjRKc
                0x00000000000057bc       0xac /home/daniele/.cache/arduino/sketches/8F5B4C87658DA4D72637908642324F88/libraries/ArduinoEvents/ArduinoEvents.cpp.o
                0x00000000000057bc                std::vector<char, std::allocator<char> >::_M_fill_assign(unsigned int, char const&)
 .text._ZN14arduino_events7Runtime5beginERKNS_6ConfigE
                0x0000000000005868      0x288 /home/daniele/.cache/arduino/sketches/8F5B4C87658DA4D72637908642324F88/libraries/ArduinoEvents/ArduinoEvents.cpp.o
                0x0000000000005868                arduino_events::Runtime::begin(arduino_events::Config const&)
 .text._ZSt4swapISt9_Any_dataENSt9enable_ifIXsrSt6__and_IJSt6__not_ISt15__is_tuple_likeIT_EESt21is_move_constructibleIS5_ESt18is_move_assignableIS5_EEE5valueEvE4typeERS5_SF_
                0x0000000000005af0       0x24 /home/daniele/.cache/arduino/sketches/8F5B4C87658DA4D72637908642324F88/libraries/ArduinoEvents/ArduinoEvents.cpp.o
                0x0000000000005af0                std::enable_if<std::__and_<std::__not_<std::__is_tuple_like<std::_Any_data> >, std::is_move_constructible<std::_Any_data>, std::is_move_assignable<std::_Any_data> >::value, void>::type std::swap<std::_Any_data>(std::_Any_data&, std::_Any_data&)
 .text._ZNSt8functionIFvvEEaSEOS1_.isra.0
                0x0000000000005b14       0x38 /home/daniele/.cache/arduino/sketches/8F5B4C87658DA4D72637908642324F88/libraries/ArduinoEvents/ArduinoEvents.cpp.o
 .text._ZN14arduino_events7Runtime5everyEjSt8functionIFvvEE
                0x0000000000005b4c       0xcc /home/daniele/.cache/arduino/sketches/8F5B4C87658DA4D72637908642324F88/libraries/ArduinoEvents/ArduinoEvents.cpp.o
                0x0000000000005b4c                arduino_events::Runtime::every(unsigned int, std::function<void ()>)
 .text._ZN14arduino_events7Runtime5afterEjSt8functionIFvvEE
                0x0000000000005c18       0xc8 /home/daniele/.cache/arduino/sketches/8F5B4C87658DA4D72637908642324F88/libraries/ArduinoEvents/ArduinoEvents.cpp.o
                0x0000000000005c18                arduino_events::Runtime::after(unsigned int, std::function<void ()>)
 .text._ZNSt8functionIFvRKSt3anyEEC2ERKS4_
                0x0000000000005ce0       0x30 /home/daniele/.cache/arduino/sketches/8F5B4C87658DA4D72637908642324F88/libraries/ArduinoEvents/ArduinoEvents.cpp.o
                0x0000000000005ce0                std::function<void (std::any const&)>::function(std::function<void (std::any const&)> const&)
                0x0000000000005ce0                std::function<void (std::any const&)>::function(std::function<void (std::any const&)> const&)
 .text._ZNSt17_Function_handlerIFvvEZN14arduino_events12_GLOBAL__N_126queueFutureCallbacksLockedERNS2_12RuntimeStateERKSt10shared_ptrINS2_11FutureStateEEEUlvE_E10_M_managerERSt9_Any_dataRKSC_St18_Manager_operation
                0x0000000000005d10       0x6c /home/daniele/.cache/arduino/sketches/8F5B4C87658DA4D72637908642324F88/libraries/ArduinoEvents/ArduinoEvents.cpp.o
 .text._ZNSt8functionIFvRKN14arduino_events5ErrorEEEC2ERKS5_
                0x0000000000005d7c       0x30 /home/daniele/.cache/arduino/sketches/8F5B4C87658DA4D72637908642324F88/libraries/ArduinoEvents/ArduinoEvents.cpp.o
                0x0000000000005d7c                std::function<void (arduino_events::Error const&)>::function(std::function<void (arduino_events::Error const&)> const&)
                0x0000000000005d7c                std::function<void (arduino_events::Error const&)>::function(std::function<void (arduino_events::Error const&)> const&)
 .text._ZNSt17_Function_handlerIFvvEZN14arduino_events12_GLOBAL__N_126queueFutureCallbacksLockedERNS2_12RuntimeStateERKSt10shared_ptrINS2_11FutureStateEEEUlvE0_E10_M_managerERSt9_Any_dataRKSC_St18_Manager_operation
                0x0000000000005dac       0x6c /home/daniele/.cache/arduino/sketches/8F5B4C87658DA4D72637908642324F88/libraries/ArduinoEvents/ArduinoEvents.cpp.o
 .text._GLOBAL__sub_I__ZN14arduino_events6ResultIvE2okEv
                0x0000000000005e18       0x64 /home/daniele/.cache/arduino/sketches/8F5B4C87658DA4D72637908642324F88/libraries/ArduinoEvents/ArduinoEvents.cpp.o
 .text._GLOBAL__sub_D__ZN14arduino_events6ResultIvE2okEv
                0x0000000000005e7c       0x2c /home/daniele/.cache/arduino/sketches/8F5B4C87658DA4D72637908642324F88/libraries/ArduinoEvents/ArduinoEvents.cpp.o
 .text._ZN7arduino5Print5writeEPKc
                0x0000000000005ea8       0x24 /home/daniele/.cache/arduino/sketches/8F5B4C87658DA4D72637908642324F88/../../cores/arduino-git_zephyr_unoq_f0a012e1a064909ca1c15d8366925f20/core.a(Print.cpp.o)
                0x0000000000005ea8                arduino::Print::write(char const*)
 .text._ZN7arduino5Print5printEPKc
                0x0000000000005ecc        0xc /home/daniele/.cache/arduino/sketches/8F5B4C87658DA4D72637908642324F88/../../cores/arduino-git_zephyr_unoq_f0a012e1a064909ca1c15d8366925f20/core.a(Print.cpp.o)
                0x0000000000005ecc                arduino::Print::print(char const*)
 .text._ZN7arduino5Print5printEc
                0x0000000000005ed8        0x6 /home/daniele/.cache/arduino/sketches/8F5B4C87658DA4D72637908642324F88/../../cores/arduino-git_zephyr_unoq_f0a012e1a064909ca1c15d8366925f20/core.a(Print.cpp.o)
                0x0000000000005ed8                arduino::Print::print(char)
 *fill*         0x0000000000005ede        0x2 
 .text._ZN7arduino5Print7printlnEv
                0x0000000000005ee0       0x14 /home/daniele/.cache/arduino/sketches/8F5B4C87658DA4D72637908642324F88/../../cores/arduino-git_zephyr_unoq_f0a012e1a064909ca1c15d8366925f20/core.a(Print.cpp.o)
                0x0000000000005ee0                arduino::Print::println()
 .text._ZN7arduino5Print7printlnEPKNS_19__FlashStringHelperE
                0x0000000000005ef4       0x1c /home/daniele/.cache/arduino/sketches/8F5B4C87658DA4D72637908642324F88/../../cores/arduino-git_zephyr_unoq_f0a012e1a064909ca1c15d8366925f20/core.a(Print.cpp.o)
                0x0000000000005ef4                arduino::Print::println(arduino::__FlashStringHelper const*)
 .text._ZN7arduino5Print7printlnEPKc
                0x0000000000005f10        0x8 /home/daniele/.cache/arduino/sketches/8F5B4C87658DA4D72637908642324F88/../../cores/arduino-git_zephyr_unoq_f0a012e1a064909ca1c15d8366925f20/core.a(Print.cpp.o)
                0x0000000000005f10                arduino::Print::println(char const*)
 .text._ZN7arduino5Print11printNumberEmh
                0x0000000000005f18       0x40 /home/daniele/.cache/arduino/sketches/8F5B4C87658DA4D72637908642324F88/../../cores/arduino-git_zephyr_unoq_f0a012e1a064909ca1c15d8366925f20/core.a(Print.cpp.o)
                0x0000000000005f18                arduino::Print::printNumber(unsigned long, unsigned char)
 .text._ZN7arduino5Print5printEli
                0x0000000000005f58       0x50 /home/daniele/.cache/arduino/sketches/8F5B4C87658DA4D72637908642324F88/../../cores/arduino-git_zephyr_unoq_f0a012e1a064909ca1c15d8366925f20/core.a(Print.cpp.o)
                0x0000000000005f58                arduino::Print::print(long, int)
 .text._ZN7arduino5Print7printlnEii
                0x0000000000005fa8       0x1c /home/daniele/.cache/arduino/sketches/8F5B4C87658DA4D72637908642324F88/../../cores/arduino-git_zephyr_unoq_f0a012e1a064909ca1c15d8366925f20/core.a(Print.cpp.o)
                0x0000000000005fa8                arduino::Print::println(int, int)
 .text._ZN7arduino6Stream9timedReadEv
                0x0000000000005fc4       0x2c /home/daniele/.cache/arduino/sketches/8F5B4C87658DA4D72637908642324F88/../../cores/arduino-git_zephyr_unoq_f0a012e1a064909ca1c15d8366925f20/core.a(Stream.cpp.o)
                0x0000000000005fc4                arduino::Stream::timedRead()
 .text._ZN7arduino6Stream10setTimeoutEm